\BOOKMARK [0][-]{chapter.1}{\376\377\000I\000n\000t\000r\000o\000d\000u\000c\000c\000i\000\363\000n}{}% 1
\BOOKMARK [1][-]{section.1.1}{\376\377\000O\000b\000j\000e\000t\000o}{chapter.1}% 2
\BOOKMARK [1][-]{section.1.2}{\376\377\000A\000n\000t\000e\000c\000e\000d\000e\000n\000t\000e\000s}{chapter.1}% 3
\BOOKMARK [2][-]{subsection.1.2.1}{\376\377\000R\000o\000b\000\363\000t\000i\000c\000a\000\040\000d\000e\000\040\000R\000e\000s\000c\000a\000t\000e\000\040\000e\000n\000\040\000l\000a\000\040\000U\000M\000A}{section.1.2}% 4
\BOOKMARK [2][-]{subsection.1.2.2}{\376\377\000M\000o\000t\000o\000r\000e\000s\000\040\000G\000I\000M\0008\0001\0000\0008\000v\0003\000\040\000y\000\040\000e\000l\000\040\000M\000I\000T\000\040\000M\000i\000n\000i\000\040\000C\000h\000e\000e\000t\000a\000h}{section.1.2}% 5
\BOOKMARK [1][-]{section.1.3}{\376\377\000O\000b\000j\000e\000t\000i\000v\000o}{chapter.1}% 6
\BOOKMARK [1][-]{section.1.4}{\376\377\000F\000a\000s\000e\000s\000\040\000d\000e\000l\000\040\000t\000r\000a\000b\000a\000j\000o}{chapter.1}% 7
\BOOKMARK [1][-]{section.1.5}{\376\377\000C\000o\000n\000t\000e\000n\000i\000d\000o\000\040\000d\000e\000\040\000l\000a\000\040\000m\000e\000m\000o\000r\000i\000a}{chapter.1}% 8
\BOOKMARK [0][-]{chapter.2}{\376\377\000C\000o\000m\000p\000o\000n\000e\000n\000t\000e\000s\000\040\000d\000e\000l\000\040\000H\000a\000r\000d\000w\000a\000r\000e}{}% 9
\BOOKMARK [1][-]{section.2.1}{\376\377\000I\000n\000t\000r\000o\000d\000u\000c\000c\000i\000\363\000n}{chapter.2}% 10
\BOOKMARK [1][-]{section.2.2}{\376\377\000M\000o\000t\000o\000r\000e\000s\000\040\000s\000i\000n\000\040\000e\000s\000c\000o\000b\000i\000l\000l\000a\000s}{chapter.2}% 11
\BOOKMARK [1][-]{section.2.3}{\376\377\000S\000i\000s\000t\000e\000m\000a\000\040\000E\000l\000e\000c\000t\000r\000\363\000n\000i\000c\000o\000\040\000c\000o\000n\000\040\000A\000r\000d\000u\000i\000n\000o\000\040\000M\000e\000g\000a}{chapter.2}% 12
\BOOKMARK [2][-]{subsection.2.3.1}{\376\377\000A\000r\000d\000u\000i\000n\000o\000\040\000M\000e\000g\000a\000\040\0002\0005\0006\0000}{section.2.3}% 13
\BOOKMARK [2][-]{subsection.2.3.2}{\376\377\000C\000A\000N\000-\000B\000U\000S\000\040\000S\000h\000i\000e\000l\000d\000\040\000v\0001\000.\0002}{section.2.3}% 14
\BOOKMARK [1][-]{section.2.4}{\376\377\000S\000i\000s\000t\000e\000m\000a\000\040\000E\000l\000e\000c\000t\000r\000\363\000n\000i\000c\000o\000\040\000c\000o\000n\000\040\000A\000r\000d\000u\000i\000n\000o\000\040\000M\000K\000R}{chapter.2}% 15
\BOOKMARK [2][-]{subsection.2.4.1}{\376\377\000A\000r\000d\000u\000i\000n\000o\000\040\000M\000K\000R\000\040\000W\000i\000F\000i\000\040\0001\0000\0001\0000}{section.2.4}% 16
\BOOKMARK [2][-]{subsection.2.4.2}{\376\377\000A\000r\000d\000u\000i\000n\000o\000\040\000M\000K\000R\000\040\000C\000A\000N\000\040\000S\000h\000i\000e\000l\000d}{section.2.4}% 17
\BOOKMARK [1][-]{section.2.5}{\376\377\000C\000h\000i\000p\000\040\000M\000C\000P\0002\0005\0001\0005}{chapter.2}% 18
\BOOKMARK [2][-]{subsection.2.5.1}{\376\377\000S\000P\000I\000\040\000-\000\040\000S\000e\000r\000i\000a\000l\000\040\000P\000e\000r\000i\000p\000h\000e\000r\000a\000l\000\040\000I\000n\000t\000e\000r\000f\000a\000c\000e}{section.2.5}% 19
\BOOKMARK [2][-]{subsection.2.5.2}{\376\377\000C\000A\000N\000\040\000-\000\040\000C\000o\000n\000t\000r\000o\000l\000l\000e\000r\000\040\000A\000r\000e\000a\000\040\000N\000e\000t\000w\000o\000r\000k}{section.2.5}% 20
\BOOKMARK [0][-]{chapter.3}{\376\377\000S\000o\000f\000t\000w\000a\000r\000e\000\040\000u\000t\000i\000l\000i\000z\000a\000d\000o}{}% 21
\BOOKMARK [1][-]{section.3.1}{\376\377\000I\000n\000t\000r\000o\000d\000u\000c\000c\000i\000\363\000n}{chapter.3}% 22
\BOOKMARK [1][-]{section.3.2}{\376\377\000A\000r\000d\000u\000i\000n\000o\000\040\000I\000D\000E}{chapter.3}% 23
\BOOKMARK [1][-]{section.3.3}{\376\377\000T\000e\000r\000a\000T\000e\000r\000m}{chapter.3}% 24
\BOOKMARK [1][-]{section.3.4}{\376\377\000M\000A\000T\000L\000A\000B}{chapter.3}% 25
\BOOKMARK [1][-]{section.3.5}{\376\377\000S\000i\000m\000u\000l\000i\000n\000k}{chapter.3}% 26
\BOOKMARK [1][-]{section.3.6}{\376\377\000G\000i\000t\000H\000u\000b}{chapter.3}% 27
\BOOKMARK [1][-]{section.3.7}{\376\377\000R\000O\000S}{chapter.3}% 28
\BOOKMARK [0][-]{chapter.4}{\376\377\000C\000o\000n\000t\000r\000o\000l\000\040\000d\000e\000\040\000m\000o\000t\000o\000r\000e\000s\000\040\000G\000I\000M\0008\0001\0000\0008\000v\0003}{}% 29
\BOOKMARK [1][-]{section.4.1}{\376\377\000I\000n\000t\000r\000o\000d\000u\000c\000c\000i\000\363\000n}{chapter.4}% 30
\BOOKMARK [1][-]{section.4.2}{\376\377\000F\000i\000r\000m\000w\000a\000r\000e\000\040\0001\000.\0009}{chapter.4}% 31
\BOOKMARK [1][-]{section.4.3}{\376\377\000M\000o\000d\000e\000l\000o\000\040\000S\000i\000m\000u\000l\000i\000n\000k}{chapter.4}% 32
\BOOKMARK [2][-]{subsection.4.3.1}{\376\377\000B\000l\000o\000q\000u\000e\000s\000\040\000C\000A\000N}{section.4.3}% 33
\BOOKMARK [2][-]{subsection.4.3.2}{\376\377\000S\000u\000b\000s\000i\000s\000t\000e\000m\000a\000\040\000c\000o\000m\000u\000n\000i\000c\000a\000c\000i\000\363\000n\000\040\000m\000o\000t\000o\000r\000e\000s}{section.4.3}% 34
\BOOKMARK [1][-]{section.4.4}{\376\377\000A\000r\000d\000u\000i\000n\000o\000\040\000M\000K\000R}{chapter.4}% 35
\BOOKMARK [0][-]{chapter.5}{\376\377\000I\000n\000t\000r\000o\000d\000u\000c\000c\000i\000\363\000n\000\040\000a\000\040\000R\000O\000S}{}% 36
\BOOKMARK [1][-]{section.5.1}{\376\377\000I\000n\000t\000r\000o\000d\000u\000c\000c\000i\000\363\000n}{chapter.5}% 37
\BOOKMARK [1][-]{section.5.2}{\376\377\000S\000o\000f\000t\000w\000a\000r\000e\000\040\000A\000d\000i\000c\000i\000o\000n\000a\000l}{chapter.5}% 38
\BOOKMARK [2][-]{subsection.5.2.1}{\376\377\000V\000M\000w\000a\000r\000e\000\040\000W\000o\000r\000k\000s\000t\000a\000t\000i\000o\000n\000\040\0001\0007\000\040\000P\000l\000a\000y\000e\000r}{section.5.2}% 39
\BOOKMARK [1][-]{section.5.3}{\376\377\000C\000o\000n\000f\000i\000g\000u\000r\000a\000c\000i\000\363\000n}{chapter.5}% 40
\BOOKMARK [1][-]{section.5.4}{\376\377\000P\000r\000u\000e\000b\000a\000s}{chapter.5}% 41
\BOOKMARK [2][-]{subsection.5.4.1}{\376\377\000V\000e\000l\000o\000c\000i\000d\000a\000d}{section.5.4}% 42
\BOOKMARK [2][-]{subsection.5.4.2}{\376\377\000P\000o\000s\000i\000c\000i\000\363\000n}{section.5.4}% 43
\BOOKMARK [2][-]{subsection.5.4.3}{\376\377\000L\000i\000d\000a\000r}{section.5.4}% 44
\BOOKMARK [0][-]{chapter.6}{\376\377\000C\000o\000n\000t\000r\000o\000l\000\040\000P\000C}{}% 45
\BOOKMARK [1][-]{section.6.1}{\376\377\000I\000n\000t\000r\000o\000d\000u\000c\000c\000i\000\363\000n}{chapter.6}% 46
\BOOKMARK [1][-]{section.6.2}{\376\377\000P\000r\000u\000e\000b\000a\000s\000\040\000i\000n\000i\000c\000i\000a\000l\000e\000s\000\040\000c\000o\000m\000u\000n\000i\000c\000a\000c\000i\000\363\000n\000\040\000s\000e\000r\000i\000e\000.}{chapter.6}% 47
\BOOKMARK [1][-]{section.6.3}{\376\377\000S\000u\000b\000s\000i\000s\000t\000e\000m\000a\000s\000\040\000S\000i\000m\000u\000l\000i\000n\000k}{chapter.6}% 48
\BOOKMARK [2][-]{subsection.6.3.1}{\376\377\000S\000e\000n\000d\000\040\000t\000o\000\040\000A\000r\000d\000u\000i\000n\000o}{section.6.3}% 49
\BOOKMARK [2][-]{subsection.6.3.2}{\376\377\000R\000e\000c\000e\000i\000v\000e\000\040\000f\000r\000o\000m\000\040\000A\000r\000d\000u\000i\000n\000o}{section.6.3}% 50
\BOOKMARK [2][-]{subsection.6.3.3}{\376\377\000X\000B\000o\000x\000\040\000C\000o\000n\000t\000r\000o\000l\000l\000e\000r}{section.6.3}% 51
\BOOKMARK [2][-]{subsection.6.3.4}{\376\377\000R\000O\000S\000\040\000P\000u\000b\000l\000i\000s\000h\000e\000r}{section.6.3}% 52
\BOOKMARK [1][-]{section.6.4}{\376\377\000M\000o\000d\000e\000l\000o\000\040\000c\000o\000n\000t\000r\000o\000l\000\040\000P\000C}{chapter.6}% 53
\BOOKMARK [0][-]{chapter.7}{\376\377\000C\000o\000n\000t\000r\000o\000l\000\040\000V\000e\000h\000\355\000c\000u\000l\000o}{}% 54
\BOOKMARK [1][-]{section.7.1}{\376\377\000I\000n\000t\000r\000o\000d\000u\000c\000c\000i\000\363\000n}{chapter.7}% 55
\BOOKMARK [1][-]{section.7.2}{\376\377\000S\000u\000b\000s\000i\000s\000t\000e\000m\000a\000s\000\040\000S\000i\000m\000u\000l\000i\000n\000k}{chapter.7}% 56
\BOOKMARK [2][-]{subsection.7.2.1}{\376\377\000R\000e\000c\000e\000i\000v\000e\000\040\000f\000r\000o\000m\000\040\000P\000C}{section.7.2}% 57
\BOOKMARK [2][-]{subsection.7.2.2}{\376\377\000M\000o\000d\000e\000l\000o\000\040\000c\000i\000n\000e\000m\000\341\000t\000i\000c\000o\000\040\000i\000n\000v\000e\000r\000s\000o}{section.7.2}% 58
\BOOKMARK [2][-]{subsection.7.2.3}{\376\377\000C\000o\000n\000t\000r\000o\000l\000\040\000R\000u\000e\000d\000a\000s}{section.7.2}% 59
\BOOKMARK [2][-]{subsection.7.2.4}{\376\377\000M\000o\000d\000e\000l\000o\000\040\000c\000i\000n\000e\000m\000\341\000t\000i\000c\000o\000\040\000d\000i\000r\000e\000c\000t\000o}{section.7.2}% 60
\BOOKMARK [2][-]{subsection.7.2.5}{\376\377\000S\000e\000n\000d\000\040\000t\000o\000\040\000P\000C}{section.7.2}% 61
\BOOKMARK [2][-]{subsection.7.2.6}{\376\377\000O\000d\000o\000m\000e\000t\000r\000\355\000a}{section.7.2}% 62
\BOOKMARK [1][-]{section.7.3}{\376\377\000M\000o\000d\000e\000l\000o\000\040\000c\000o\000n\000t\000r\000o\000l\000\040\000v\000e\000h\000\355\000c\000u\000l\000o}{chapter.7}% 63
\BOOKMARK [0][-]{chapter.8}{\376\377\000C\000o\000n\000c\000l\000u\000s\000i\000o\000n\000e\000s\000\040\000y\000\040\000m\000e\000j\000o\000r\000a\000s\000\040\000f\000u\000t\000u\000r\000a\000s}{}% 64
\BOOKMARK [1][-]{section.8.1}{\376\377\000I\000n\000t\000r\000o\000d\000u\000c\000c\000i\000\363\000n}{chapter.8}% 65
\BOOKMARK [1][-]{section.8.2}{\376\377\000C\000o\000n\000c\000l\000u\000s\000i\000o\000n\000e\000s}{chapter.8}% 66
\BOOKMARK [1][-]{section.8.3}{\376\377\000P\000o\000s\000i\000b\000l\000e\000s\000\040\000m\000e\000j\000o\000r\000a\000s}{chapter.8}% 67
\BOOKMARK [0][-]{section.8.3}{\376\377\000B\000i\000b\000l\000i\000o\000g\000r\000a\000f\000\355\000a}{}% 68
\BOOKMARK [0][-]{appendix.Alph1}{\376\377\000C\000o\000m\000u\000n\000i\000c\000a\000c\000i\000o\000n\000M\000o\000t\000o\000r\000e\000s\000.\000i\000n\000o}{}% 69
\BOOKMARK [0][-]{appendix.Alph2}{\376\377\000C\000A\000N\000\040\000M\000a\000s\000t\000e\000r\000\040\000T\000e\000s\000t\000-\000\040\000B\000e\000n\000\040\000K\000a\000t\000z}{}% 70
\BOOKMARK [0][-]{appendix.Alph3}{\376\377\000M\000A\000T\000L\000A\000B\000\040\000F\000u\000n\000c\000t\000i\000o\000n\000s}{}% 71
