This is XeTeX, Version 3.141592653-2.6-0.999996 (TeX Live 2024) (preloaded format=xelatex 2024.10.9)  22 FEB 2026 19:16
entering extended mode
 restricted \write18 enabled.
 file:line:error style messages enabled.
 %&-line parsing enabled.
**"c:/Users/merce/Documents/GitHub/LaTeX/GIEI 4/ControlDonatello/memoria"
(c:/Users/merce/Documents/GitHub/LaTeX/GIEI 4/ControlDonatello/memoria.tex
LaTeX2e <2024-06-01> patch level 2
L3 programming layer <2024-09-10>
(c:/texlive/2024/texmf-dist/tex/latex/base/book.cls
Document Class: book 2024/02/08 v1.4n Standard LaTeX document class
(c:/texlive/2024/texmf-dist/tex/latex/base/bk12.clo
File: bk12.clo 2024/02/08 v1.4n Standard LaTeX file (size option)
)
\c@part=\count190
\c@chapter=\count191
\c@section=\count192
\c@subsection=\count193
\c@subsubsection=\count194
\c@paragraph=\count195
\c@subparagraph=\count196
\c@figure=\count197
\c@table=\count198
\abovecaptionskip=\skip49
\belowcaptionskip=\skip50
\bibindent=\dimen141
) (./Paquetes_y_variables/Includes.tex (c:/texlive/2024/texmf-dist/tex/latex/graphics/graphicx.sty
Package: graphicx 2021/09/16 v1.2d Enhanced LaTeX Graphics (DPC,SPQR)
 (c:/texlive/2024/texmf-dist/tex/latex/graphics/keyval.sty
Package: keyval 2022/05/29 v1.15 key=value parser (DPC)
\KV@toks@=\toks17
) (c:/texlive/2024/texmf-dist/tex/latex/graphics/graphics.sty
Package: graphics 2024/05/23 v1.4g Standard LaTeX Graphics (DPC,SPQR)
 (c:/texlive/2024/texmf-dist/tex/latex/graphics/trig.sty
Package: trig 2023/12/02 v1.11 sin cos tan (DPC)
) (c:/texlive/2024/texmf-dist/tex/latex/graphics-cfg/graphics.cfg
File: graphics.cfg 2016/06/04 v1.11 sample graphics configuration
)
Package graphics Info: Driver file: xetex.def on input line 106.
 (c:/texlive/2024/texmf-dist/tex/latex/graphics-def/xetex.def
File: xetex.def 2022/09/22 v5.0n Graphics/color driver for xetex
))
\Gin@req@height=\dimen142
\Gin@req@width=\dimen143
) (c:/texlive/2024/texmf-dist/tex/latex/amsmath/amsmath.sty
Package: amsmath 2024/05/23 v2.17q AMS math features
\@mathmargin=\skip51

For additional information on amsmath, use the `?' option.
(c:/texlive/2024/texmf-dist/tex/latex/amsmath/amstext.sty
Package: amstext 2021/08/26 v2.01 AMS text
 (c:/texlive/2024/texmf-dist/tex/latex/amsmath/amsgen.sty
File: amsgen.sty 1999/11/30 v2.0 generic functions
\@emptytoks=\toks18
\ex@=\dimen144
)) (c:/texlive/2024/texmf-dist/tex/latex/amsmath/amsbsy.sty
Package: amsbsy 1999/11/29 v1.2d Bold Symbols
\pmbraise@=\dimen145
) (c:/texlive/2024/texmf-dist/tex/latex/amsmath/amsopn.sty
Package: amsopn 2022/04/08 v2.04 operator names
)
\inf@bad=\count199
LaTeX Info: Redefining \frac on input line 233.
\uproot@=\count266
\leftroot@=\count267
LaTeX Info: Redefining \overline on input line 398.
LaTeX Info: Redefining \colon on input line 409.
\classnum@=\count268
\DOTSCASE@=\count269
LaTeX Info: Redefining \ldots on input line 495.
LaTeX Info: Redefining \dots on input line 498.
LaTeX Info: Redefining \cdots on input line 619.
\Mathstrutbox@=\box52
\strutbox@=\box53
LaTeX Info: Redefining \big on input line 721.
LaTeX Info: Redefining \Big on input line 722.
LaTeX Info: Redefining \bigg on input line 723.
LaTeX Info: Redefining \Bigg on input line 724.
\big@size=\dimen146
LaTeX Font Info:    Redeclaring font encoding OML on input line 742.
LaTeX Font Info:    Redeclaring font encoding OMS on input line 743.
\macc@depth=\count270
LaTeX Info: Redefining \bmod on input line 904.
LaTeX Info: Redefining \pmod on input line 909.
LaTeX Info: Redefining \smash on input line 939.
LaTeX Info: Redefining \relbar on input line 969.
LaTeX Info: Redefining \Relbar on input line 970.
\c@MaxMatrixCols=\count271
\dotsspace@=\muskip17
\c@parentequation=\count272
\dspbrk@lvl=\count273
\tag@help=\toks19
\row@=\count274
\column@=\count275
\maxfields@=\count276
\andhelp@=\toks20
\eqnshift@=\dimen147
\alignsep@=\dimen148
\tagshift@=\dimen149
\tagwidth@=\dimen150
\totwidth@=\dimen151
\lineht@=\dimen152
\@envbody=\toks21
\multlinegap=\skip52
\multlinetaggap=\skip53
\mathdisplay@stack=\toks22
LaTeX Info: Redefining \[ on input line 2953.
LaTeX Info: Redefining \] on input line 2954.
) (c:/texlive/2024/texmf-dist/tex/latex/float/float.sty
Package: float 2001/11/08 v1.3d Float enhancements (AL)
\c@float@type=\count277
\float@exts=\toks23
\float@box=\box54
\@float@everytoks=\toks24
\@floatcapt=\box55
) (c:/texlive/2024/texmf-dist/tex/latex/tools/array.sty
Package: array 2024/06/14 v2.6d Tabular extension package (FMi)
\col@sep=\dimen153
\ar@mcellbox=\box56
\extrarowheight=\dimen154
\NC@list=\toks25
\extratabsurround=\skip54
\backup@length=\skip55
\ar@cellbox=\box57
) (c:/texlive/2024/texmf-dist/tex/latex/xcolor/xcolor.sty
Package: xcolor 2024/09/29 v3.02 LaTeX color extensions (UK)
 (c:/texlive/2024/texmf-dist/tex/latex/graphics-cfg/color.cfg
File: color.cfg 2016/01/02 v1.6 sample color configuration
)
Package xcolor Info: Driver file: xetex.def on input line 274.
 (c:/texlive/2024/texmf-dist/tex/latex/graphics/mathcolor.ltx)
Package xcolor Info: Model `cmy' substituted by `cmy0' on input line 1349.
Package xcolor Info: Model `RGB' extended on input line 1365.
Package xcolor Info: Model `HTML' substituted by `rgb' on input line 1367.
Package xcolor Info: Model `Hsb' substituted by `hsb' on input line 1368.
Package xcolor Info: Model `tHsb' substituted by `hsb' on input line 1369.
Package xcolor Info: Model `HSB' substituted by `hsb' on input line 1370.
Package xcolor Info: Model `Gray' substituted by `gray' on input line 1371.
Package xcolor Info: Model `wave' substituted by `hsb' on input line 1372.
) (c:/texlive/2024/texmf-dist/tex/latex/colortbl/colortbl.sty
Package: colortbl 2024/07/06 v1.0i Color table columns (DPC)
\everycr=\toks26
\minrowclearance=\skip56
\rownum=\count278
) (c:/texlive/2024/texmf-dist/tex/latex/fancyhdr/fancyhdr.sty
Package: fancyhdr 2024/07/23 v4.3.1 Extensive control of page headers and footers
\f@nch@headwidth=\skip57
\f@nch@O@elh=\skip58
\f@nch@O@erh=\skip59
\f@nch@O@olh=\skip60
\f@nch@O@orh=\skip61
\f@nch@O@elf=\skip62
\f@nch@O@erf=\skip63
\f@nch@O@olf=\skip64
\f@nch@O@orf=\skip65
) (c:/texlive/2024/texmf-dist/tex/latex/caption/subcaption.sty
Package: subcaption 2023/07/28 v1.6b Sub-captions (AR)
 (c:/texlive/2024/texmf-dist/tex/latex/caption/caption.sty
Package: caption 2023/08/05 v3.6o Customizing captions (AR)
 (c:/texlive/2024/texmf-dist/tex/latex/caption/caption3.sty
Package: caption3 2023/07/31 v2.4d caption3 kernel (AR)
\caption@tempdima=\dimen155
\captionmargin=\dimen156
\caption@leftmargin=\dimen157
\caption@rightmargin=\dimen158
\caption@width=\dimen159
\caption@indent=\dimen160
\caption@parindent=\dimen161
\caption@hangindent=\dimen162
Package caption Info: Standard document class detected.
)
\c@caption@flags=\count279
\c@continuedfloat=\count280
Package caption Info: float package is loaded.
)
Package caption Info: New subtype `subfigure' on input line 238.
\c@subfigure=\count281
Package caption Info: New subtype `subtable' on input line 238.
\c@subtable=\count282
) (c:/texlive/2024/texmf-dist/tex/latex/geometry/geometry.sty
Package: geometry 2020/01/02 v5.9 Page Geometry
 (c:/texlive/2024/texmf-dist/tex/generic/iftex/ifvtex.sty
Package: ifvtex 2019/10/25 v1.7 ifvtex legacy package. Use iftex instead.
 (c:/texlive/2024/texmf-dist/tex/generic/iftex/iftex.sty
Package: iftex 2022/02/03 v1.0f TeX engine tests
))
\Gm@cnth=\count283
\Gm@cntv=\count284
\c@Gm@tempcnt=\count285
\Gm@bindingoffset=\dimen163
\Gm@wd@mp=\dimen164
\Gm@odd@mp=\dimen165
\Gm@even@mp=\dimen166
\Gm@layoutwidth=\dimen167
\Gm@layoutheight=\dimen168
\Gm@layouthoffset=\dimen169
\Gm@layoutvoffset=\dimen170
\Gm@dimlist=\toks27
) (c:/texlive/2024/texmf-dist/tex/latex/acronym/acronym.sty
Package: acronym 2024/03/30 v1.49 Support for acronyms (Tobias Oetiker)
 (c:/texlive/2024/texmf-dist/tex/latex/bigfoot/suffix.sty
Package: suffix 2006/07/15 1.5a Variant command support
) (c:/texlive/2024/texmf-dist/tex/generic/xstring/xstring.sty (c:/texlive/2024/texmf-dist/tex/generic/xstring/xstring.tex
\xs_counta=\count286
\xs_countb=\count287
)
Package: xstring 2023/08/22 v1.86 String manipulations (CT)
)
\AC@clearlist=\toks28
) (c:/texlive/2024/texmf-dist/tex/latex/titlesec/titlesec.sty
Package: titlesec 2023/10/27 v2.16 Sectioning titles
\ttl@box=\box58
\beforetitleunit=\skip66
\aftertitleunit=\skip67
\ttl@plus=\dimen171
\ttl@minus=\dimen172
\ttl@toksa=\toks29
\titlewidth=\dimen173
\titlewidthlast=\dimen174
\titlewidthfirst=\dimen175
) (c:/texlive/2024/texmf-dist/tex/latex/tools/indentfirst.sty
Package: indentfirst 2023/07/02 v1.03 Indent first paragraph (DPC)
) (c:/texlive/2024/texmf-dist/tex/latex/csquotes/csquotes.sty
Package: csquotes 2024-04-04 v5.2o context-sensitive quotations (JAW)
 (c:/texlive/2024/texmf-dist/tex/latex/etoolbox/etoolbox.sty
Package: etoolbox 2020/10/05 v2.5k e-TeX tools for LaTeX (JAW)
\etb@tempcnta=\count288
)
\csq@reset=\count289
\csq@gtype=\count290
\csq@glevel=\count291
\csq@qlevel=\count292
\csq@maxlvl=\count293
\csq@tshold=\count294
\csq@ltx@everypar=\toks30
 (c:/texlive/2024/texmf-dist/tex/latex/csquotes/csquotes.def
File: csquotes.def 2024-04-04 v5.2o csquotes generic definitions (JAW)
)
Package csquotes Info: Trying to load configuration file 'csquotes.cfg'...
Package csquotes Info: ... configuration file loaded successfully.
 (c:/texlive/2024/texmf-dist/tex/latex/csquotes/csquotes.cfg
File: csquotes.cfg 
)) (c:/texlive/2024/texmf-dist/tex/latex/biblatex/biblatex.sty
Package: biblatex 2024/03/21 v3.20 programmable bibliographies (PK/MW)
 (c:/texlive/2024/texmf-dist/tex/generic/pdftexcmds/pdftexcmds.sty
Package: pdftexcmds 2020-06-27 v0.33 Utility functions of pdfTeX for LuaTeX (HO)
 (c:/texlive/2024/texmf-dist/tex/generic/infwarerr/infwarerr.sty
Package: infwarerr 2019/12/03 v1.5 Providing info/warning/error messages (HO)
) (c:/texlive/2024/texmf-dist/tex/generic/ltxcmds/ltxcmds.sty
Package: ltxcmds 2023-12-04 v1.26 LaTeX kernel commands for general use (HO)
)
Package pdftexcmds Info: \pdf@primitive is available.
Package pdftexcmds Info: \pdf@ifprimitive is available.
Package pdftexcmds Info: \pdfdraftmode not found.
) (c:/texlive/2024/texmf-dist/tex/latex/kvoptions/kvoptions.sty
Package: kvoptions 2022-06-15 v3.15 Key value format for package options (HO)
 (c:/texlive/2024/texmf-dist/tex/latex/kvsetkeys/kvsetkeys.sty
Package: kvsetkeys 2022-10-05 v1.19 Key value parser (HO)
)) (c:/texlive/2024/texmf-dist/tex/latex/logreq/logreq.sty
Package: logreq 2010/08/04 v1.0 xml request logger
\lrq@indent=\count295
 (c:/texlive/2024/texmf-dist/tex/latex/logreq/logreq.def
File: logreq.def 2010/08/04 v1.0 logreq spec v1.0
)) (c:/texlive/2024/texmf-dist/tex/latex/base/ifthen.sty
Package: ifthen 2024/03/16 v1.1e Standard LaTeX ifthen package (DPC)
) (c:/texlive/2024/texmf-dist/tex/latex/url/url.sty
\Urlmuskip=\muskip18
Package: url 2013/09/16  ver 3.4  Verb mode for urls, etc.
)
\c@tabx@nest=\count296
\c@listtotal=\count297
\c@listcount=\count298
\c@liststart=\count299
\c@liststop=\count300
\c@citecount=\count301
\c@citetotal=\count302
\c@multicitecount=\count303
\c@multicitetotal=\count304
\c@instcount=\count305
\c@maxnames=\count306
\c@minnames=\count307
\c@maxitems=\count308
\c@minitems=\count309
\c@citecounter=\count310
\c@maxcitecounter=\count311
\c@savedcitecounter=\count312
\c@uniquelist=\count313
\c@uniquename=\count314
\c@refsection=\count315
\c@refsegment=\count316
\c@maxextratitle=\count317
\c@maxextratitleyear=\count318
\c@maxextraname=\count319
\c@maxextradate=\count320
\c@maxextraalpha=\count321
\c@abbrvpenalty=\count322
\c@highnamepenalty=\count323
\c@lownamepenalty=\count324
\c@maxparens=\count325
\c@parenlevel=\count326
\blx@tempcnta=\count327
\blx@tempcntb=\count328
\blx@tempcntc=\count329
\c@blx@maxsection=\count330
\blx@maxsegment@0=\count331
\blx@notetype=\count332
\blx@parenlevel@text=\count333
\blx@parenlevel@foot=\count334
\blx@sectionciteorder@0=\count335
\blx@sectionciteorderinternal@0=\count336
\blx@entrysetcounter=\count337
\blx@biblioinstance=\count338
\labelnumberwidth=\skip68
\labelalphawidth=\skip69
\biblabelsep=\skip70
\bibitemsep=\skip71
\bibnamesep=\skip72
\bibinitsep=\skip73
\bibparsep=\skip74
\bibhang=\skip75
\blx@bcfin=\read2
\blx@bcfout=\write3
\blx@langwohyphens=\language89
\c@mincomprange=\count339
\c@maxcomprange=\count340
\c@mincompwidth=\count341
Package biblatex Info: Trying to load biblatex default data model...
Package biblatex Info: ... file 'blx-dm.def' found.
 (c:/texlive/2024/texmf-dist/tex/latex/biblatex/blx-dm.def
File: blx-dm.def 2024/03/21 v3.20 biblatex datamodel (PK/MW)
)
Package biblatex Info: Trying to load biblatex style data model...
Package biblatex Info: ... file 'ieee.dbx' not found.
Package biblatex Info: Trying to load biblatex custom data model...
Package biblatex Info: ... file 'biblatex-dm.cfg' not found.
\c@afterword=\count342
\c@savedafterword=\count343
\c@annotator=\count344
\c@savedannotator=\count345
\c@author=\count346
\c@savedauthor=\count347
\c@bookauthor=\count348
\c@savedbookauthor=\count349
\c@commentator=\count350
\c@savedcommentator=\count351
\c@editor=\count352
\c@savededitor=\count353
\c@editora=\count354
\c@savededitora=\count355
\c@editorb=\count356
\c@savededitorb=\count357
\c@editorc=\count358
\c@savededitorc=\count359
\c@foreword=\count360
\c@savedforeword=\count361
\c@holder=\count362
\c@savedholder=\count363
\c@introduction=\count364
\c@savedintroduction=\count365
\c@namea=\count366
\c@savednamea=\count367
\c@nameb=\count368
\c@savednameb=\count369
\c@namec=\count370
\c@savednamec=\count371
\c@translator=\count372
\c@savedtranslator=\count373
\c@shortauthor=\count374
\c@savedshortauthor=\count375
\c@shorteditor=\count376
\c@savedshorteditor=\count377
\c@labelname=\count378
\c@savedlabelname=\count379
\c@institution=\count380
\c@savedinstitution=\count381
\c@lista=\count382
\c@savedlista=\count383
\c@listb=\count384
\c@savedlistb=\count385
\c@listc=\count386
\c@savedlistc=\count387
\c@listd=\count388
\c@savedlistd=\count389
\c@liste=\count390
\c@savedliste=\count391
\c@listf=\count392
\c@savedlistf=\count393
\c@location=\count394
\c@savedlocation=\count395
\c@organization=\count396
\c@savedorganization=\count397
\c@origlocation=\count398
\c@savedoriglocation=\count399
\c@origpublisher=\count400
\c@savedorigpublisher=\count401
\c@publisher=\count402
\c@savedpublisher=\count403
\c@language=\count404
\c@savedlanguage=\count405
\c@origlanguage=\count406
\c@savedoriglanguage=\count407
\c@pageref=\count408
\c@savedpageref=\count409
\shorthandwidth=\skip76
\shortjournalwidth=\skip77
\shortserieswidth=\skip78
\shorttitlewidth=\skip79
\shortauthorwidth=\skip80
\shorteditorwidth=\skip81
\locallabelnumberwidth=\skip82
\locallabelalphawidth=\skip83
\localshorthandwidth=\skip84
\localshortjournalwidth=\skip85
\localshortserieswidth=\skip86
\localshorttitlewidth=\skip87
\localshortauthorwidth=\skip88
\localshorteditorwidth=\skip89
Package biblatex Info: Trying to load enhanced support for Unicode engines...
Package biblatex Info: ... file 'blx-unicode.def' found.
 (c:/texlive/2024/texmf-dist/tex/latex/biblatex/blx-unicode.def)
Package biblatex Info: Trying to load compatibility code...
Package biblatex Info: ... file 'blx-compat.def' found.
 (c:/texlive/2024/texmf-dist/tex/latex/biblatex/blx-compat.def
File: blx-compat.def 2024/03/21 v3.20 biblatex compatibility (PK/MW)
)
Package biblatex Info: Trying to load generic definitions...
Package biblatex Info: ... file 'biblatex.def' found.
 (c:/texlive/2024/texmf-dist/tex/latex/biblatex/biblatex.def
File: biblatex.def 2024/03/21 v3.20 biblatex compatibility (PK/MW)
\c@textcitecount=\count410
\c@textcitetotal=\count411
\c@textcitemaxnames=\count412
\c@biburlbigbreakpenalty=\count413
\c@biburlbreakpenalty=\count414
\c@biburlnumpenalty=\count415
\c@biburlucpenalty=\count416
\c@biburllcpenalty=\count417
\biburlbigskip=\muskip19
\biburlnumskip=\muskip20
\biburlucskip=\muskip21
\biburllcskip=\muskip22
\c@smartand=\count418
)
Package biblatex Info: Trying to load bibliography style 'ieee'...
Package biblatex Info: ... file 'ieee.bbx' found.
 (c:/texlive/2024/texmf-dist/tex/latex/biblatex-ieee/ieee.bbx
File: ieee.bbx 2024/08/14 v1.3g biblatex bibliography style
Package biblatex Info: Trying to load bibliography style 'numeric-comp'...
Package biblatex Info: ... file 'numeric-comp.bbx' found.
 (c:/texlive/2024/texmf-dist/tex/latex/biblatex/bbx/numeric-comp.bbx
File: numeric-comp.bbx 2024/03/21 v3.20 biblatex bibliography style (PK/MW)
Package biblatex Info: Trying to load bibliography style 'numeric'...
Package biblatex Info: ... file 'numeric.bbx' found.
 (c:/texlive/2024/texmf-dist/tex/latex/biblatex/bbx/numeric.bbx
File: numeric.bbx 2024/03/21 v3.20 biblatex bibliography style (PK/MW)
Package biblatex Info: Trying to load bibliography style 'standard'...
Package biblatex Info: ... file 'standard.bbx' found.
 (c:/texlive/2024/texmf-dist/tex/latex/biblatex/bbx/standard.bbx
File: standard.bbx 2024/03/21 v3.20 biblatex bibliography style (PK/MW)
\c@bbx:relatedcount=\count419
\c@bbx:relatedtotal=\count420
))))
Package biblatex Info: Trying to load citation style 'ieee'...
Package biblatex Info: ... file 'ieee.cbx' found.
 (c:/texlive/2024/texmf-dist/tex/latex/biblatex-ieee/ieee.cbx
File: ieee.cbx 2024/08/14 v1.3g biblatex citation style
Package biblatex Info: Trying to load citation style 'numeric-comp'...
Package biblatex Info: ... file 'numeric-comp.cbx' found.
 (c:/texlive/2024/texmf-dist/tex/latex/biblatex/cbx/numeric-comp.cbx
File: numeric-comp.cbx 2024/03/21 v3.20 biblatex citation style (PK/MW)
\c@cbx@tempcnta=\count421
\c@cbx@tempcntb=\count422
\c@cbx@tempcntc=\count423
\c@cbx@tempcntd=\count424
Package biblatex Info: Redefining '\cite'.
Package biblatex Info: Redefining '\parencite'.
Package biblatex Info: Redefining '\footcite'.
Package biblatex Info: Redefining '\footcitetext'.
Package biblatex Info: Redefining '\smartcite'.
Package biblatex Info: Redefining '\supercite'.
Package biblatex Info: Redefining '\textcite'.
Package biblatex Info: Redefining '\textcites'.
Package biblatex Info: Redefining '\cites'.
Package biblatex Info: Redefining '\parencites'.
Package biblatex Info: Redefining '\smartcites'.
)
Package biblatex Info: Redefining '\cite'.
Package biblatex Info: Redefining '\supercite'.
Package biblatex Info: Redefining '\cites'.
)
Package biblatex Info: Trying to load configuration file...
Package biblatex Info: ... file 'biblatex.cfg' found.
 (c:/texlive/2024/texmf-dist/tex/latex/biblatex/biblatex.cfg
File: biblatex.cfg 
)
Package biblatex Info: XeTeX detected.
(biblatex)             Assuming input encoding 'utf8'.
Package biblatex Info: Document encoding is UTF8 ....
 (c:/texlive/2024/texmf-dist/tex/latex/l3kernel/expl3.sty
Package: expl3 2024-09-10 L3 programming layer (loader) 
 (c:/texlive/2024/texmf-dist/tex/latex/l3backend/l3backend-xetex.def
File: l3backend-xetex.def 2024-05-08 L3 backend support: XeTeX
\g__graphics_track_int=\count425
\l__pdf_internal_box=\box59
\g__pdf_backend_annotation_int=\count426
\g__pdf_backend_link_int=\count427
))
Package biblatex Info: ... and expl3
(biblatex)             2024-09-10 L3 programming layer (loader) 
(biblatex)             is new enough (at least 2020/04/06),
(biblatex)             setting 'casechanger=expl3'.
 (c:/texlive/2024/texmf-dist/tex/latex/biblatex/blx-case-expl3.sty (c:/texlive/2024/texmf-dist/tex/latex/l3packages/xparse/xparse.sty
Package: xparse 2024-08-16 L3 Experimental document command parser
)
Package: blx-case-expl3 2024/03/21 v3.20 expl3 case changing code for biblatex
)) (c:/texlive/2024/texmf-dist/tex/generic/babel/babel.sty
Package: babel 2024/10/05 v24.11 The Babel package
\babel@savecnt=\count428
\U@D=\dimen176
\l@unhyphenated=\language90
 (c:/texlive/2024/texmf-dist/tex/generic/babel/xebabel.def)
\bbl@readstream=\read3
\bbl@dirlevel=\count429
 (c:/texlive/2024/texmf-dist/tex/generic/babel-spanish/spanish.ldf
Language: spanish.ldf 2021/05/27 v5.0q Spanish support from the babel system
\es@quottoks=\toks31
\es@quotdepth=\count430
Package babel Info: Making " an active character on input line 570.
Package babel Info: Making . an active character on input line 675.
Package babel Info: Making < an active character on input line 722.
Package babel Info: Making > an active character on input line 722.
)) (c:/texlive/2024/texmf-dist/tex/generic/babel/locale/es/babel-spanish.tex
Package babel Info: Importing font and identification data for spanish
(babel)             from babel-es.ini. Reported on input line 11.
) (c:/texlive/2024/texmf-dist/tex/latex/anyfontsize/anyfontsize.sty
Invalid UTF-8 byte or sequence at line 3 replaced by U+FFFD.
Invalid UTF-8 byte or sequence at line 3 replaced by U+FFFD.
Package: anyfontsize 2007/11/22 anyfontsize.sty by pts
) (c:/texlive/2024/texmf-dist/tex/latex/fontspec/fontspec.sty
Package: fontspec 2024/05/11 v2.9e Font selection for XeLaTeX and LuaLaTeX
 (c:/texlive/2024/texmf-dist/tex/latex/fontspec/fontspec-xetex.sty
Package: fontspec-xetex 2024/05/11 v2.9e Font selection for XeLaTeX and LuaLaTeX
\l__fontspec_script_int=\count431
\l__fontspec_language_int=\count432
\l__fontspec_strnum_int=\count433
\l__fontspec_tmp_int=\count434
\l__fontspec_tmpa_int=\count435
\l__fontspec_tmpb_int=\count436
\l__fontspec_tmpc_int=\count437
\l__fontspec_em_int=\count438
\l__fontspec_emdef_int=\count439
\l__fontspec_strong_int=\count440
\l__fontspec_strongdef_int=\count441
\l__fontspec_tmpa_dim=\dimen177
\l__fontspec_tmpb_dim=\dimen178
\l__fontspec_tmpc_dim=\dimen179
 (c:/texlive/2024/texmf-dist/tex/latex/base/fontenc.sty
Package: fontenc 2021/04/29 v2.0v Standard LaTeX package
) (c:/texlive/2024/texmf-dist/tex/latex/fontspec/fontspec.cfg))) (c:/texlive/2024/texmf-dist/tex/latex/multirow/multirow.sty
Package: multirow 2021/03/15 v2.8 Span multiple rows of a table
\multirow@colwidth=\skip90
\multirow@cntb=\count442
\multirow@dima=\skip91
\bigstrutjot=\dimen180
) (c:/texlive/2024/texmf-dist/tex/latex/hyperref/hyperref.sty
Package: hyperref 2024-07-10 v7.01j Hypertext links for LaTeX
 (c:/texlive/2024/texmf-dist/tex/generic/kvdefinekeys/kvdefinekeys.sty
Package: kvdefinekeys 2019-12-19 v1.6 Define keys (HO)
) (c:/texlive/2024/texmf-dist/tex/generic/pdfescape/pdfescape.sty
Package: pdfescape 2019/12/09 v1.15 Implements pdfTeX's escape features (HO)
) (c:/texlive/2024/texmf-dist/tex/latex/hycolor/hycolor.sty
Package: hycolor 2020-01-27 v1.10 Color options for hyperref/bookmark (HO)
) (c:/texlive/2024/texmf-dist/tex/latex/hyperref/nameref.sty
Package: nameref 2023-11-26 v2.56 Cross-referencing by name of section
 (c:/texlive/2024/texmf-dist/tex/latex/refcount/refcount.sty
Package: refcount 2019/12/15 v3.6 Data extraction from label references (HO)
) (c:/texlive/2024/texmf-dist/tex/generic/gettitlestring/gettitlestring.sty
Package: gettitlestring 2019/12/15 v1.6 Cleanup title references (HO)
)
\c@section@level=\count443
) (c:/texlive/2024/texmf-dist/tex/generic/stringenc/stringenc.sty
Package: stringenc 2019/11/29 v1.12 Convert strings between diff. encodings (HO)
)
\@linkdim=\dimen181
\Hy@linkcounter=\count444
\Hy@pagecounter=\count445
 (c:/texlive/2024/texmf-dist/tex/latex/hyperref/pd1enc.def
File: pd1enc.def 2024-07-10 v7.01j Hyperref: PDFDocEncoding definition (HO)
) (c:/texlive/2024/texmf-dist/tex/generic/intcalc/intcalc.sty
Package: intcalc 2019/12/15 v1.3 Expandable calculations with integers (HO)
)
\Hy@SavedSpaceFactor=\count446
 (c:/texlive/2024/texmf-dist/tex/latex/hyperref/puenc.def
File: puenc.def 2024-07-10 v7.01j Hyperref: PDF Unicode definition (HO)
)
Package hyperref Info: Hyper figures OFF on input line 4157.
Package hyperref Info: Link nesting OFF on input line 4162.
Package hyperref Info: Hyper index ON on input line 4165.
Package hyperref Info: Plain pages OFF on input line 4172.
Package hyperref Info: Backreferencing OFF on input line 4177.
Package hyperref Info: Implicit mode ON; LaTeX internals redefined.
Package hyperref Info: Bookmarks ON on input line 4424.
\c@Hy@tempcnt=\count447
LaTeX Info: Redefining \url on input line 4763.
\XeTeXLinkMargin=\dimen182
 (c:/texlive/2024/texmf-dist/tex/generic/bitset/bitset.sty
Package: bitset 2019/12/09 v1.3 Handle bit-vector datatype (HO)
 (c:/texlive/2024/texmf-dist/tex/generic/bigintcalc/bigintcalc.sty
Package: bigintcalc 2019/12/15 v1.5 Expandable calculations on big integers (HO)
))
\Fld@menulength=\count448
\Field@Width=\dimen183
\Fld@charsize=\dimen184
Package hyperref Info: Hyper figures OFF on input line 6042.
Package hyperref Info: Link nesting OFF on input line 6047.
Package hyperref Info: Hyper index ON on input line 6050.
Package hyperref Info: backreferencing OFF on input line 6057.
Package hyperref Info: Link coloring OFF on input line 6062.
Package hyperref Info: Link coloring with OCG OFF on input line 6067.
Package hyperref Info: PDF/A mode OFF on input line 6072.
 (c:/texlive/2024/texmf-dist/tex/latex/base/atbegshi-ltx.sty
Package: atbegshi-ltx 2021/01/10 v1.0c Emulation of the original atbegshi
package with kernel methods
)
\Hy@abspage=\count449
\c@Item=\count450
\c@Hfootnote=\count451
)
Package hyperref Info: Driver (autodetected): hxetex.
 (c:/texlive/2024/texmf-dist/tex/latex/hyperref/hxetex.def
File: hxetex.def 2024-07-10 v7.01j Hyperref driver for XeTeX
\pdfm@box=\box60
\c@Hy@AnnotLevel=\count452
\HyField@AnnotCount=\count453
\Fld@listcount=\count454
\c@bookmark@seq@number=\count455
 (c:/texlive/2024/texmf-dist/tex/latex/rerunfilecheck/rerunfilecheck.sty
Package: rerunfilecheck 2022-07-10 v1.10 Rerun checks for auxiliary files (HO)
 (c:/texlive/2024/texmf-dist/tex/latex/base/atveryend-ltx.sty
Package: atveryend-ltx 2020/08/19 v1.0a Emulation of the original atveryend package
with kernel methods
) (c:/texlive/2024/texmf-dist/tex/generic/uniquecounter/uniquecounter.sty
Package: uniquecounter 2019/12/15 v1.4 Provide unlimited unique counter (HO)
)
Package uniquecounter Info: New unique counter `rerunfilecheck' on input line 285.
)
\Hy@SectionHShift=\skip92
) (c:/texlive/2024/texmf-dist/tex/latex/listings/listings.sty
\lst@mode=\count456
\lst@gtempboxa=\box61
\lst@token=\toks32
\lst@length=\count457
\lst@currlwidth=\dimen185
\lst@column=\count458
\lst@pos=\count459
\lst@lostspace=\dimen186
\lst@width=\dimen187
\lst@newlines=\count460
\lst@lineno=\count461
\lst@maxwidth=\dimen188
 (c:/texlive/2024/texmf-dist/tex/latex/listings/lstpatch.sty
File: lstpatch.sty 2024/09/23 1.10c (Carsten Heinz)
) (c:/texlive/2024/texmf-dist/tex/latex/listings/lstmisc.sty
File: lstmisc.sty 2024/09/23 1.10c (Carsten Heinz)
\c@lstnumber=\count462
\lst@skipnumbers=\count463
\lst@framebox=\box62
) (c:/texlive/2024/texmf-dist/tex/latex/listings/listings.cfg
File: listings.cfg 2024/09/23 1.10c listings configuration
))
Package: listings 2024/09/23 1.10c (Carsten Heinz)
 (./Paquetes_y_variables/mcode.sty
-- Package: `mcode' 2.7 <2015/11/11> --

LaTeX Warning: You have requested package `Paquetes_y_variables/mcode',
               but the package provides `mcode'.

Package: mcode 2015/11/11 2.7
 - settings optimized for display (colour formating)
 - line numbering enabled
 - literate programming (character replacements) enabled
 - automatic line breaking enabled (careful, buggy!)
\lbreakdots=\box63
LaTeX Font Info:    Trying to load font information for TU+pcr on input line 230.
LaTeX Font Info:    No file TUpcr.fd. on input line 230.

LaTeX Font Warning: Font shape `TU/pcr/m/n' undefined
(Font)              using `TU/lmr/m/n' instead on input line 230.

) (c:/texlive/2024/texmf-dist/tex/latex/pdfpages/pdfpages.sty
Package: pdfpages 2024/08/20 v0.6b Insert pages of external PDF documents (AM)
 (c:/texlive/2024/texmf-dist/tex/latex/tools/calc.sty
Package: calc 2023/07/08 v4.3 Infix arithmetic (KKT,FJ)
\calc@Acount=\count464
\calc@Bcount=\count465
\calc@Adimen=\dimen189
\calc@Bdimen=\dimen190
\calc@Askip=\skip93
\calc@Bskip=\skip94
LaTeX Info: Redefining \setlength on input line 80.
LaTeX Info: Redefining \addtolength on input line 81.
\calc@Ccount=\count466
\calc@Cskip=\skip95
) (c:/texlive/2024/texmf-dist/tex/latex/eso-pic/eso-pic.sty
Package: eso-pic 2023/05/03 v3.0c eso-pic (RN)
\ESO@tempdima=\dimen191
\ESO@tempdimb=\dimen192
)
\AM@pagewidth=\dimen193
\AM@pageheight=\dimen194
\AM@fboxrule=\dimen195
 (c:/texlive/2024/texmf-dist/tex/latex/pdfpages/ppxetex.def
File: ppxetex.def 2024/08/20 v0.6b Pdfpages driver for XeTeX (AM)
)
\pdfpages@includegraphics@status=\count467
\AM@pagebox=\box64
\AM@global@opts=\toks33
\AM@pagecnt=\count468
\AM@toc@title=\toks34
\AM@lof@heading=\toks35
\c@AM@survey=\count469
\AM@templatesizebox=\box65
) (c:/texlive/2024/texmf-dist/tex/latex/ragged2e/ragged2e.sty
Package: ragged2e 2023/06/22 v3.6 ragged2e Package
\CenteringLeftskip=\skip96
\RaggedLeftLeftskip=\skip97
\RaggedRightLeftskip=\skip98
\CenteringRightskip=\skip99
\RaggedLeftRightskip=\skip100
\RaggedRightRightskip=\skip101
\CenteringParfillskip=\skip102
\RaggedLeftParfillskip=\skip103
\RaggedRightParfillskip=\skip104
\JustifyingParfillskip=\skip105
\CenteringParindent=\skip106
\RaggedLeftParindent=\skip107
\RaggedRightParindent=\skip108
\JustifyingParindent=\skip109
) (c:/texlive/2024/texmf-dist/tex/latex/gensymb/gensymb.sty
Package: gensymb 2022/10/17 v1.0.2 (KJH)
)) (./Paquetes_y_variables/Variables.tex) (./Paquetes_y_variables/arduinoLanguage.tex (c:/texlive/2024/texmf-dist/tex/latex/psnfss/courier.sty
Package: courier 2020/03/25 PSNFSS-v9.3 (WaS) 
))
Package csquotes Info: Checking for multilingual support...
Package csquotes Info: ... found 'babel' package.
Package csquotes Info: Adjusting default style.
Package csquotes Info: Redefining alias 'default' -> 'spanish'.

No file memoria.aux.
\openout1 = `memoria.aux'.

LaTeX Font Info:    Checking defaults for OML/cmm/m/it on input line 32.
LaTeX Font Info:    ... okay on input line 32.
LaTeX Font Info:    Checking defaults for OMS/cmsy/m/n on input line 32.
LaTeX Font Info:    ... okay on input line 32.
LaTeX Font Info:    Checking defaults for OT1/cmr/m/n on input line 32.
LaTeX Font Info:    ... okay on input line 32.
LaTeX Font Info:    Checking defaults for T1/cmr/m/n on input line 32.
LaTeX Font Info:    ... okay on input line 32.
LaTeX Font Info:    Checking defaults for TS1/cmr/m/n on input line 32.
LaTeX Font Info:    Trying to load font information for TS1+cmr on input line 32.
(c:/texlive/2024/texmf-dist/tex/latex/base/ts1cmr.fd
File: ts1cmr.fd 2023/04/13 v2.5m Standard LaTeX font definitions
)
LaTeX Font Info:    ... okay on input line 32.
LaTeX Font Info:    Checking defaults for TU/lmr/m/n on input line 32.
LaTeX Font Info:    ... okay on input line 32.
LaTeX Font Info:    Checking defaults for OMX/cmex/m/n on input line 32.
LaTeX Font Info:    ... okay on input line 32.
LaTeX Font Info:    Checking defaults for U/cmr/m/n on input line 32.
LaTeX Font Info:    ... okay on input line 32.
LaTeX Font Info:    Checking defaults for PD1/pdf/m/n on input line 32.
LaTeX Font Info:    ... okay on input line 32.
LaTeX Font Info:    Checking defaults for PU/pdf/m/n on input line 32.
LaTeX Font Info:    ... okay on input line 32.
Package caption Info: Begin \AtBeginDocument code.
Package caption Info: hyperref package is loaded.
Package caption Info: listings package is loaded.
Package caption Info: End \AtBeginDocument code.

*geometry* driver: auto-detecting
*geometry* detected driver: xetex
*geometry* verbose mode - [ preamble ] result:
* driver: xetex
* paper: a4paper
* layout: <same size as paper>
* layoutoffset:(h,v)=(0.0pt,0.0pt)
* modes: twoside asymmetric 
* h-part:(L,W,R)=(56.9055pt, 483.69687pt, 56.9055pt)
* v-part:(T,H,B)=(42.67912pt, 660.10394pt, 142.26378pt)
* \paperwidth=597.50787pt
* \paperheight=845.04684pt
* \textwidth=483.69687pt
* \textheight=660.10394pt
* \oddsidemargin=-15.36449pt
* \evensidemargin=-15.36449pt
* \topmargin=-61.46466pt
* \headheight=12.0pt
* \headsep=19.8738pt
* \topskip=12.0pt
* \footskip=30.0pt
* \marginparwidth=88.0pt
* \marginparsep=7.0pt
* \columnsep=10.0pt
* \skip\footins=10.8pt plus 4.0pt minus 2.0pt
* \hoffset=0.0pt
* \voffset=0.0pt
* \mag=1000
* \@twocolumnfalse
* \@twosidetrue
* \@mparswitchfalse
* \@reversemarginfalse
* (1in=72.27pt=25.4mm, 1cm=28.453pt)

Package biblatex Info: Trying to load language 'spanish'...
Package biblatex Info: ... file 'spanish.lbx' found.
(c:/texlive/2024/texmf-dist/tex/latex/biblatex/lbx/spanish.lbx
File: spanish.lbx 2024/03/21 v3.20 biblatex localization (PK/MW)
)
Package biblatex Info: XeTeX detected.
(biblatex)             Assuming input encoding 'utf8'.
Package biblatex Info: Automatic encoding selection.
(biblatex)             Assuming data encoding 'utf8'.
\openout3 = `memoria.bcf'.

Package biblatex Info: Trying to load bibliographic data...
Package biblatex Info: ... file 'memoria.bbl' not found.

No file memoria.bbl.
Package biblatex Info: Reference section=0 on input line 32.
Package biblatex Info: Reference segment=0 on input line 32.
LaTeX Info: Redefining \sptext on input line 32.
LaTeX Info: Redefining \. on input line 32.
LaTeX Info: Redefining \% on input line 32.

Package fontspec Info: 
(fontspec)             Adjusting the maths setup (use [no-math] to avoid
(fontspec)             this).

\symlegacymaths=\mathgroup4
LaTeX Font Info:    Overwriting symbol font `legacymaths' in version `bold'
(Font)                  OT1/cmr/m/n --> OT1/cmr/bx/n on input line 32.
LaTeX Font Info:    Redeclaring math accent \acute on input line 32.
LaTeX Font Info:    Redeclaring math accent \grave on input line 32.
LaTeX Font Info:    Redeclaring math accent \ddot on input line 32.
LaTeX Font Info:    Redeclaring math accent \tilde on input line 32.
LaTeX Font Info:    Redeclaring math accent \bar on input line 32.
LaTeX Font Info:    Redeclaring math accent \breve on input line 32.
LaTeX Font Info:    Redeclaring math accent \check on input line 32.
LaTeX Font Info:    Redeclaring math accent \hat on input line 32.
LaTeX Font Info:    Redeclaring math accent \dot on input line 32.
LaTeX Font Info:    Redeclaring math accent \mathring on input line 32.
LaTeX Font Info:    Redeclaring math symbol \Gamma on input line 32.
LaTeX Font Info:    Redeclaring math symbol \Delta on input line 32.
LaTeX Font Info:    Redeclaring math symbol \Theta on input line 32.
LaTeX Font Info:    Redeclaring math symbol \Lambda on input line 32.
LaTeX Font Info:    Redeclaring math symbol \Xi on input line 32.
LaTeX Font Info:    Redeclaring math symbol \Pi on input line 32.
LaTeX Font Info:    Redeclaring math symbol \Sigma on input line 32.
LaTeX Font Info:    Redeclaring math symbol \Upsilon on input line 32.
LaTeX Font Info:    Redeclaring math symbol \Phi on input line 32.
LaTeX Font Info:    Redeclaring math symbol \Psi on input line 32.
LaTeX Font Info:    Redeclaring math symbol \Omega on input line 32.
LaTeX Font Info:    Redeclaring math symbol \mathdollar on input line 32.
LaTeX Font Info:    Redeclaring symbol font `operators' on input line 32.
LaTeX Font Info:    Encoding `OT1' has changed to `TU' for symbol font
(Font)              `operators' in the math version `normal' on input line 32.
LaTeX Font Info:    Overwriting symbol font `operators' in version `normal'
(Font)                  OT1/cmr/m/n --> TU/lmr/m/n on input line 32.
LaTeX Font Info:    Encoding `OT1' has changed to `TU' for symbol font
(Font)              `operators' in the math version `bold' on input line 32.
LaTeX Font Info:    Overwriting symbol font `operators' in version `bold'
(Font)                  OT1/cmr/bx/n --> TU/lmr/m/n on input line 32.
LaTeX Font Info:    Overwriting symbol font `operators' in version `normal'
(Font)                  TU/lmr/m/n --> TU/lmr/m/n on input line 32.
LaTeX Font Info:    Overwriting math alphabet `\mathit' in version `normal'
(Font)                  OT1/cmr/m/it --> TU/lmr/m/it on input line 32.
LaTeX Font Info:    Overwriting math alphabet `\mathbf' in version `normal'
(Font)                  OT1/cmr/bx/n --> TU/lmr/b/n on input line 32.
LaTeX Font Info:    Overwriting math alphabet `\mathsf' in version `normal'
(Font)                  OT1/cmss/m/n --> TU/lmss/m/n on input line 32.
LaTeX Font Info:    Overwriting math alphabet `\mathtt' in version `normal'
(Font)                  OT1/cmtt/m/n --> TU/pcr/m/n on input line 32.
LaTeX Font Info:    Overwriting symbol font `operators' in version `bold'
(Font)                  TU/lmr/m/n --> TU/lmr/b/n on input line 32.
LaTeX Font Info:    Overwriting math alphabet `\mathit' in version `bold'
(Font)                  OT1/cmr/bx/it --> TU/lmr/b/it on input line 32.
LaTeX Font Info:    Overwriting math alphabet `\mathsf' in version `bold'
(Font)                  OT1/cmss/bx/n --> TU/lmss/b/n on input line 32.
LaTeX Font Info:    Overwriting math alphabet `\mathtt' in version `bold'
(Font)                  OT1/cmtt/m/n --> TU/pcr/b/n on input line 32.
Package hyperref Info: Link coloring OFF on input line 32.
\@outlinefile=\write4
\openout4 = `memoria.out'.


Package hyperref Warning: Rerun to get /PageLabels entry.

\c@lstlisting=\count470
(c:/texlive/2024/texmf-dist/tex/latex/pdflscape/pdflscape.sty
Package: pdflscape 2022-10-27 v0.13 Display of landscape pages in PDF
 (c:/texlive/2024/texmf-dist/tex/latex/pdflscape/pdflscape-nometadata.sty
Package: pdflscape-nometadata 2022-10-28 v0.13 Display of landscape pages in PDF (HO)
 (c:/texlive/2024/texmf-dist/tex/latex/graphics/lscape.sty
Package: lscape 2020/05/28 v3.02 Landscape Pages (DPC)
)
Package pdflscape Info: Auto-detected driver: dvipdfm (xetex) on input line 98.
))
LaTeX Info: Redefining \celsius on input line 32.
Package gensymb Info: Faking symbols for \degree and \celsius on input line 32.


Package gensymb Warning: Not defining \perthousand.

LaTeX Info: Redefining \ohm on input line 32.
Package gensymb Info: Using \Omega for \ohm on input line 32.

Package gensymb Warning: Not defining \micro.

(./Documentos/Portada.tex
File: imagenes/logoUMA.png Graphic file (type bmp)
<imagenes/logoUMA.png>
File: imagenes/logoEII.png Graphic file (type bmp)
<imagenes/logoEII.png>

Overfull \hbox (2.608pt too wide) in paragraph at lines 13--21
[][] [] 
 []



[1


]

[1

]) (./Documentos/DeclaracionOriginalidad.tex
Underfull \hbox (badness 10000) in paragraph at lines 29--30

 []


Underfull \hbox (badness 10000) in paragraph at lines 31--32

 []



File: imagenes/logoUMA.png Graphic file (type bmp)
<imagenes/logoUMA.png>
File: imagenes/logoEII.png Graphic file (type bmp)
<imagenes/logoEII.png>
[2

]

[2

]) (./Documentos/Resumen.tex

File: imagenes/logoUMA.png Graphic file (type bmp)
<imagenes/logoUMA.png>
File: imagenes/logoEII.png Graphic file (type bmp)
<imagenes/logoEII.png>
[3

]

[3

]

File: imagenes/logoUMA.png Graphic file (type bmp)
<imagenes/logoUMA.png>
File: imagenes/logoEII.png Graphic file (type bmp)
<imagenes/logoEII.png>
[4

]

[4

]) (./Documentos/Agradecimientos.tex
Overfull \hbox (30.0pt too wide) in paragraph at lines 8--17
[]$[]$ 
 []



[5

]

[5

]

File: imagenes/logoUMA.png Graphic file (type bmp)
<imagenes/logoUMA.png>
File: imagenes/logoEII.png Graphic file (type bmp)
<imagenes/logoEII.png>
[6

]

[6

]) (./Documentos/Terminos.tex) (./Documentos/Acrónimos.tex

File: imagenes/logoUMA.png Graphic file (type bmp)
<imagenes/logoUMA.png>
File: imagenes/logoEII.png Graphic file (type bmp)
<imagenes/logoEII.png>
[7

]

File: imagenes/logoUMA.png Graphic file (type bmp)
<imagenes/logoUMA.png>
File: imagenes/logoEII.png Graphic file (type bmp)
<imagenes/logoEII.png>
[8

]

LaTeX Warning: Hyper reference `acro:BLDC' on page \es@scroman {ix} undefined on input line 5.


LaTeX Warning: Hyper reference `acro:BLDC' on page \es@scroman {ix} undefined on input line 5.


LaTeX Warning: Hyper reference `acro:CAN' on page \es@scroman {ix} undefined on input line 6.


LaTeX Warning: Hyper reference `acro:CAN' on page \es@scroman {ix} undefined on input line 6.


LaTeX Warning: Hyper reference `acro:CI' on page \es@scroman {ix} undefined on input line 7.


LaTeX Warning: Hyper reference `acro:CI' on page \es@scroman {ix} undefined on input line 7.


LaTeX Warning: Hyper reference `acro:ID' on page \es@scroman {ix} undefined on input line 8.


LaTeX Warning: Hyper reference `acro:ID' on page \es@scroman {ix} undefined on input line 8.


LaTeX Warning: Hyper reference `acro:IDE' on page \es@scroman {ix} undefined on input line 9.


LaTeX Warning: Hyper reference `acro:IDE' on page \es@scroman {ix} undefined on input line 9.


LaTeX Warning: Hyper reference `acro:MCD' on page \es@scroman {ix} undefined on input line 10.


LaTeX Warning: Hyper reference `acro:MCD' on page \es@scroman {ix} undefined on input line 10.


LaTeX Warning: Hyper reference `acro:MCI' on page \es@scroman {ix} undefined on input line 11.


LaTeX Warning: Hyper reference `acro:MCI' on page \es@scroman {ix} undefined on input line 11.


LaTeX Warning: Hyper reference `acro:MCU' on page \es@scroman {ix} undefined on input line 12.


LaTeX Warning: Hyper reference `acro:MCU' on page \es@scroman {ix} undefined on input line 12.


LaTeX Warning: Hyper reference `acro:PC' on page \es@scroman {ix} undefined on input line 13.


LaTeX Warning: Hyper reference `acro:PC' on page \es@scroman {ix} undefined on input line 13.


LaTeX Warning: Hyper reference `acro:PWM' on page \es@scroman {ix} undefined on input line 14.


LaTeX Warning: Hyper reference `acro:PWM' on page \es@scroman {ix} undefined on input line 14.


LaTeX Warning: Hyper reference `acro:ROS' on page \es@scroman {ix} undefined on input line 15.


LaTeX Warning: Hyper reference `acro:ROS' on page \es@scroman {ix} undefined on input line 15.


LaTeX Warning: Hyper reference `acro:RX' on page \es@scroman {ix} undefined on input line 16.


LaTeX Warning: Hyper reference `acro:RX' on page \es@scroman {ix} undefined on input line 16.


LaTeX Warning: Hyper reference `acro:SPI' on page \es@scroman {ix} undefined on input line 17.


LaTeX Warning: Hyper reference `acro:SPI' on page \es@scroman {ix} undefined on input line 17.


LaTeX Warning: Hyper reference `acro:TTL' on page \es@scroman {ix} undefined on input line 18.


LaTeX Warning: Hyper reference `acro:TTL' on page \es@scroman {ix} undefined on input line 18.


LaTeX Warning: Hyper reference `acro:TX' on page \es@scroman {ix} undefined on input line 19.


LaTeX Warning: Hyper reference `acro:TX' on page \es@scroman {ix} undefined on input line 19.


LaTeX Warning: Hyper reference `acro:UART' on page \es@scroman {ix} undefined on input line 20.


LaTeX Warning: Hyper reference `acro:UART' on page \es@scroman {ix} undefined on input line 20.


LaTeX Warning: Hyper reference `acro:USB' on page \es@scroman {ix} undefined on input line 21.


LaTeX Warning: Hyper reference `acro:USB' on page \es@scroman {ix} undefined on input line 21.

)

[9]

File: imagenes/logoUMA.png Graphic file (type bmp)
<imagenes/logoUMA.png>
File: imagenes/logoEII.png Graphic file (type bmp)
<imagenes/logoEII.png>
[10

] (./Documentos/Indices.tex
No file memoria.toc.
\tf@toc=\write5
\openout5 = `memoria.toc'.



[1

]

File: imagenes/logoUMA.png Graphic file (type bmp)
<imagenes/logoUMA.png>
File: imagenes/logoEII.png Graphic file (type bmp)
<imagenes/logoEII.png>
[2

]
No file memoria.lof.
\tf@lof=\write6
\openout6 = `memoria.lof'.



[3]

File: imagenes/logoUMA.png Graphic file (type bmp)
<imagenes/logoUMA.png>
File: imagenes/logoEII.png Graphic file (type bmp)
<imagenes/logoEII.png>
[4

]
No file memoria.lot.
\tf@lot=\write7
\openout7 = `memoria.lot'.

) (./Documentos/Cuerpo.tex (./Capitulos/Cap 1 - Introduccion.tex

[5]

File: imagenes/logoUMA.png Graphic file (type bmp)
<imagenes/logoUMA.png>
LaTeX Info: Redefining \sptext on input line 1.
LaTeX Info: Redefining \. on input line 1.
LaTeX Info: Redefining \% on input line 1.
File: imagenes/logoEII.png Graphic file (type bmp)
<imagenes/logoEII.png>
[6

]
Capítulo 1.
File: imagenes/Intro - Cuadriga.jpg Graphic file (type bmp)
<imagenes/Intro - Cuadriga.jpg>
File: imagenes/Intro - Rambler.jpg Graphic file (type bmp)
<imagenes/Intro - Rambler.jpg>

LaTeX Warning: Citation 'RoboticaISA' on page 7 undefined on input line 31.


LaTeX Warning: Citation 'RoboticaISA' on page 7 undefined on input line 31.


Underfull \vbox (badness 3815) has occurred while \output is active []



[7]

LaTeX Warning: Reference `fig:Rambler' on page 8 undefined on input line 42.


LaTeX Warning: Citation 'TFG-EV' on page 8 undefined on input line 52.


LaTeX Warning: Citation 'TFG-EZ' on page 8 undefined on input line 52.

File: imagenes/ConfiguracionAnteriorDonatello.png Graphic file (type bmp)
<imagenes/ConfiguracionAnteriorDonatello.png>

LaTeX Warning: Citation 'TFG-EZ' on page 8 undefined on input line 57.


LaTeX Warning: Citation 'TFG-EZ' on page 8 undefined on input line 57.



File: imagenes/logoUMA.png Graphic file (type bmp)
<imagenes/logoUMA.png>
LaTeX Info: Redefining \sptext on input line 59.
LaTeX Info: Redefining \. on input line 59.
LaTeX Info: Redefining \% on input line 59.
File: imagenes/logoEII.png Graphic file (type bmp)
<imagenes/logoEII.png>
[8]

LaTeX Warning: Reference `fig:Fritzing-ConexionAnterior' on page 9 undefined on input line 61.


LaTeX Warning: Reference `fig: Motor GIM8108v3' on page 9 undefined on input line 65.


LaTeX Warning: Reference `fig: Motor MIT Mini Cheetah' on page 9 undefined on input line 65.


LaTeX Warning: Citation 'Katz2016' on page 9 undefined on input line 65.

File: imagenes/Intro - GIM8108 - Motor.png Graphic file (type bmp)
<imagenes/Intro - GIM8108 - Motor.png>

LaTeX Warning: Citation 'GIM8108v3' on page 9 undefined on input line 72.


LaTeX Warning: Citation 'GIM8108v3' on page 9 undefined on input line 72.

File: imagenes/Intro - MIT - Motor.png Graphic file (type bmp)
<imagenes/Intro - MIT - Motor.png>

LaTeX Warning: Citation 'Katz2016' on page 9 undefined on input line 78.


LaTeX Warning: Citation 'Katz2016' on page 9 undefined on input line 78.



File: imagenes/logoUMA.png Graphic file (type bmp)
<imagenes/logoUMA.png>
LaTeX Info: Redefining \sptext on input line 85.
LaTeX Info: Redefining \. on input line 85.
LaTeX Info: Redefining \% on input line 85.
File: imagenes/logoEII.png Graphic file (type bmp)
<imagenes/logoEII.png>
[9]
File: imagenes/Intro - MIT - Mini Cheetah.png Graphic file (type bmp)
<imagenes/Intro - MIT - Mini Cheetah.png>
File: imagenes/Donatello 2021.jpg Graphic file (type bmp)
<imagenes/Donatello 2021.jpg>


LaTeX Warning: Citation 'TFG-EV' on page 10 undefined on input line 106.


LaTeX Warning: Citation 'TFG-EV' on page 10 undefined on input line 106.

File: imagenes/Donatello 2024.png Graphic file (type bmp)
<imagenes/Donatello 2024.png>

Underfull \vbox (badness 10000) has occurred while \output is active []



File: imagenes/logoUMA.png Graphic file (type bmp)
<imagenes/logoUMA.png>
LaTeX Info: Redefining \sptext on input line 119.
LaTeX Info: Redefining \. on input line 119.
LaTeX Info: Redefining \% on input line 119.
File: imagenes/logoEII.png Graphic file (type bmp)
<imagenes/logoEII.png>
[10]

File: imagenes/logoUMA.png Graphic file (type bmp)
<imagenes/logoUMA.png>
LaTeX Info: Redefining \sptext on input line 143.
LaTeX Info: Redefining \. on input line 143.
LaTeX Info: Redefining \% on input line 143.
File: imagenes/logoEII.png Graphic file (type bmp)
<imagenes/logoEII.png>
[11]) (./Capitulos/Cap 2 - Hardware.tex

File: imagenes/logoUMA.png Graphic file (type bmp)
<imagenes/logoUMA.png>
LaTeX Info: Redefining \sptext on input line 1.
LaTeX Info: Redefining \. on input line 1.
LaTeX Info: Redefining \% on input line 1.
File: imagenes/logoEII.png Graphic file (type bmp)
<imagenes/logoEII.png>
[12]
Capítulo 2.


[13

]

LaTeX Warning: Reference `fig:Motor-GIM8108v3' on page 14 undefined on input line 17.

File: imagenes/GIM8108.png Graphic file (type bmp)
<imagenes/GIM8108.png>

LaTeX Warning: Citation '江西伺泰威自动化设备有限公司' on page 14 undefined on input line 22.

Missing character: There is no 江 (U+6C5F) in font [lmroman10-bold]:mapping=tex-text;!
Missing character: There is no 西 (U+897F) in font [lmroman10-bold]:mapping=tex-text;!
Missing character: There is no 伺 (U+4F3A) in font [lmroman10-bold]:mapping=tex-text;!
Missing character: There is no 泰 (U+6CF0) in font [lmroman10-bold]:mapping=tex-text;!
Missing character: There is no 威 (U+5A01) in font [lmroman10-bold]:mapping=tex-text;!
Missing character: There is no 自 (U+81EA) in font [lmroman10-bold]:mapping=tex-text;!
Missing character: There is no 动 (U+52A8) in font [lmroman10-bold]:mapping=tex-text;!
Missing character: There is no 化 (U+5316) in font [lmroman10-bold]:mapping=tex-text;!
Missing character: There is no 设 (U+8BBE) in font [lmroman10-bold]:mapping=tex-text;!
Missing character: There is no 备 (U+5907) in font [lmroman10-bold]:mapping=tex-text;!
Missing character: There is no 有 (U+6709) in font [lmroman10-bold]:mapping=tex-text;!
Missing character: There is no 限 (U+9650) in font [lmroman10-bold]:mapping=tex-text;!
Missing character: There is no 公 (U+516C) in font [lmroman10-bold]:mapping=tex-text;!
Missing character: There is no 司 (U+53F8) in font [lmroman10-bold]:mapping=tex-text;!

LaTeX Warning: Citation '江西伺泰威自动化设备有限公司' on page 14 undefined on input line 22.

Missing character: There is no 江 (U+6C5F) in font [lmroman10-bold]:mapping=tex-text;!
Missing character: There is no 西 (U+897F) in font [lmroman10-bold]:mapping=tex-text;!
Missing character: There is no 伺 (U+4F3A) in font [lmroman10-bold]:mapping=tex-text;!
Missing character: There is no 泰 (U+6CF0) in font [lmroman10-bold]:mapping=tex-text;!
Missing character: There is no 威 (U+5A01) in font [lmroman10-bold]:mapping=tex-text;!
Missing character: There is no 自 (U+81EA) in font [lmroman10-bold]:mapping=tex-text;!
Missing character: There is no 动 (U+52A8) in font [lmroman10-bold]:mapping=tex-text;!
Missing character: There is no 化 (U+5316) in font [lmroman10-bold]:mapping=tex-text;!
Missing character: There is no 设 (U+8BBE) in font [lmroman10-bold]:mapping=tex-text;!
Missing character: There is no 备 (U+5907) in font [lmroman10-bold]:mapping=tex-text;!
Missing character: There is no 有 (U+6709) in font [lmroman10-bold]:mapping=tex-text;!
Missing character: There is no 限 (U+9650) in font [lmroman10-bold]:mapping=tex-text;!
Missing character: There is no 公 (U+516C) in font [lmroman10-bold]:mapping=tex-text;!
Missing character: There is no 司 (U+53F8) in font [lmroman10-bold]:mapping=tex-text;!

LaTeX Warning: Citation 'GIM8108v3' on page 14 undefined on input line 26.


Overfull \hbox (19.89601pt too wide) in paragraph at lines 35--35
[]|\TU/lmr/m/n/12 Alimentación|  
 []


Underfull \vbox (badness 10000) has occurred while \output is active []



File: imagenes/logoUMA.png Graphic file (type bmp)
<imagenes/logoUMA.png>
LaTeX Info: Redefining \sptext on input line 67.
LaTeX Info: Redefining \. on input line 67.
LaTeX Info: Redefining \% on input line 67.
File: imagenes/logoEII.png Graphic file (type bmp)
<imagenes/logoEII.png>
[14]

LaTeX Warning: Reference `fig:Fritzing-ConexionArduinoMega' on page 15 undefined on input line 70.

File: imagenes/ConexionDonatello - ArduinoMega2560_bb.png Graphic file (type bmp)
<imagenes/ConexionDonatello - ArduinoMega2560_bb.png>

Underfull \vbox (badness 10000) has occurred while \output is active []



File: imagenes/logoUMA.png Graphic file (type bmp)
<imagenes/logoUMA.png>
LaTeX Info: Redefining \sptext on input line 78.
LaTeX Info: Redefining \. on input line 78.
LaTeX Info: Redefining \% on input line 78.
File: imagenes/logoEII.png Graphic file (type bmp)
<imagenes/logoEII.png>
[15]
File: imagenes/Arduino Mega 2560.png Graphic file (type bmp)
<imagenes/Arduino Mega 2560.png>


LaTeX Warning: Citation 'ArduinoMega2560rev3' on page 16 undefined on input line 88.


LaTeX Warning: Citation 'ArduinoMega2560rev3' on page 16 undefined on input line 88.


Underfull \vbox (badness 10000) has occurred while \output is active []



File: imagenes/logoUMA.png Graphic file (type bmp)
<imagenes/logoUMA.png>
LaTeX Info: Redefining \sptext on input line 91.
LaTeX Info: Redefining \. on input line 91.
LaTeX Info: Redefining \% on input line 91.
File: imagenes/logoEII.png Graphic file (type bmp)
<imagenes/logoEII.png>
[16]
File: imagenes/Arduino Mega CAN Shield.png Graphic file (type bmp)
<imagenes/Arduino Mega CAN Shield.png>


LaTeX Warning: Citation 'ArduinoMegaCANShield' on page 17 undefined on input line 99.


LaTeX Warning: Citation 'ArduinoMegaCANShield' on page 17 undefined on input line 99.



File: imagenes/logoUMA.png Graphic file (type bmp)
<imagenes/logoUMA.png>
LaTeX Info: Redefining \sptext on input line 110.
LaTeX Info: Redefining \. on input line 110.
LaTeX Info: Redefining \% on input line 110.
File: imagenes/logoEII.png Graphic file (type bmp)
<imagenes/logoEII.png>
[17]
File: imagenes/Arduino Mega CAN Shield PARTES.png Graphic file (type bmp)
<imagenes/Arduino Mega CAN Shield PARTES.png>


LaTeX Warning: Citation 'ArduinoMegaCANShield' on page 18 undefined on input line 115.


LaTeX Warning: Citation 'ArduinoMegaCANShield' on page 18 undefined on input line 115.



File: imagenes/logoUMA.png Graphic file (type bmp)
<imagenes/logoUMA.png>
LaTeX Info: Redefining \sptext on input line 144.
LaTeX Info: Redefining \. on input line 144.
LaTeX Info: Redefining \% on input line 144.
File: imagenes/logoEII.png Graphic file (type bmp)
<imagenes/logoEII.png>
[18]
File: imagenes/Arduino MKR WiFi 1010.png Graphic file (type bmp)
<imagenes/Arduino MKR WiFi 1010.png>


LaTeX Warning: Citation 'ArduinoMKRWiFi1010' on page 19 undefined on input line 150.


LaTeX Warning: Citation 'ArduinoMKRWiFi1010' on page 19 undefined on input line 150.


Underfull \vbox (badness 10000) has occurred while \output is active []



File: imagenes/logoUMA.png Graphic file (type bmp)
<imagenes/logoUMA.png>
LaTeX Info: Redefining \sptext on input line 192.
LaTeX Info: Redefining \. on input line 192.
LaTeX Info: Redefining \% on input line 192.
File: imagenes/logoEII.png Graphic file (type bmp)
<imagenes/logoEII.png>
[19]
Underfull \vbox (badness 10000) has occurred while \output is active []



File: imagenes/logoUMA.png Graphic file (type bmp)
<imagenes/logoUMA.png>
LaTeX Info: Redefining \sptext on input line 196.
LaTeX Info: Redefining \. on input line 196.
LaTeX Info: Redefining \% on input line 196.
File: imagenes/logoEII.png Graphic file (type bmp)
<imagenes/logoEII.png>
[20]
File: imagenes/Arduino MKR CAN Shield.png Graphic file (type bmp)
<imagenes/Arduino MKR CAN Shield.png>


LaTeX Warning: Citation 'ArduinoMKRCANShield' on page 21 undefined on input line 200.


LaTeX Warning: Citation 'ArduinoMKRCANShield' on page 21 undefined on input line 200.



File: imagenes/logoUMA.png Graphic file (type bmp)
<imagenes/logoUMA.png>
LaTeX Info: Redefining \sptext on input line 232.
LaTeX Info: Redefining \. on input line 232.
LaTeX Info: Redefining \% on input line 232.
File: imagenes/logoEII.png Graphic file (type bmp)
<imagenes/logoEII.png>
[21]
File: imagenes/MCP2515.png Graphic file (type bmp)
<imagenes/MCP2515.png>


LaTeX Warning: Citation 'MCP2515' on page 22 undefined on input line 236.


LaTeX Warning: Citation 'MCP2515' on page 22 undefined on input line 236.

File: imagenes/SPI.png Graphic file (type bmp)
<imagenes/SPI.png>

LaTeX Warning: Citation 'Wiki-SPI' on page 22 undefined on input line 247.


LaTeX Warning: Citation 'Wiki-SPI' on page 22 undefined on input line 247.


Underfull \vbox (badness 10000) has occurred while \output is active []



File: imagenes/logoUMA.png Graphic file (type bmp)
<imagenes/logoUMA.png>
LaTeX Info: Redefining \sptext on input line 250.
LaTeX Info: Redefining \. on input line 250.
LaTeX Info: Redefining \% on input line 250.
File: imagenes/logoEII.png Graphic file (type bmp)
<imagenes/logoEII.png>
[22]
File: imagenes/CAN.png Graphic file (type bmp)
<imagenes/CAN.png>


LaTeX Warning: Citation 'Wiki-CAN' on page 23 undefined on input line 264.


LaTeX Warning: Citation 'Wiki-CAN' on page 23 undefined on input line 264.


Underfull \vbox (badness 4416) has occurred while \output is active []



File: imagenes/logoUMA.png Graphic file (type bmp)
<imagenes/logoUMA.png>
LaTeX Info: Redefining \sptext on input line 267.
LaTeX Info: Redefining \. on input line 267.
LaTeX Info: Redefining \% on input line 267.
File: imagenes/logoEII.png Graphic file (type bmp)
<imagenes/logoEII.png>
[23]
File: imagenes/CAN1.png Graphic file (type bmp)
<imagenes/CAN1.png>


LaTeX Warning: Citation 'Wiki-CAN' on page 24 undefined on input line 273.


LaTeX Warning: Citation 'Wiki-CAN' on page 24 undefined on input line 273.

) (./Capitulos/Cap 3 - Software.tex

File: imagenes/logoUMA.png Graphic file (type bmp)
<imagenes/logoUMA.png>
LaTeX Info: Redefining \sptext on input line 1.
LaTeX Info: Redefining \. on input line 1.
LaTeX Info: Redefining \% on input line 1.
File: imagenes/logoEII.png Graphic file (type bmp)
<imagenes/logoEII.png>
[24]
Capítulo 3.
File: imagenes/Logo Arduino.png Graphic file (type bmp)
<imagenes/Logo Arduino.png>

LaTeX Warning: Citation 'Arduino' on page 25 undefined on input line 17.


LaTeX Warning: Citation 'Arduino' on page 25 undefined on input line 17.

File: imagenes/Logo TeraTerm.png Graphic file (type bmp)
<imagenes/Logo TeraTerm.png>

LaTeX Warning: Citation 'TeraTerm' on page 25 undefined on input line 30.


LaTeX Warning: Citation 'TeraTerm' on page 25 undefined on input line 30.


Underfull \vbox (badness 2521) has occurred while \output is active []



[25

]

LaTeX Warning: Reference `fig:USB-UART' on page 26 undefined on input line 34.

File: imagenes/USB-UART.png Graphic file (type bmp)
<imagenes/USB-UART.png>

LaTeX Warning: Citation 'TTL' on page 26 undefined on input line 39.


LaTeX Warning: Citation 'TTL' on page 26 undefined on input line 39.

File: imagenes/TeraTerm - Motor Menu.png Graphic file (type bmp)
<imagenes/TeraTerm - Motor Menu.png>

Underfull \vbox (badness 10000) has occurred while \output is active []



File: imagenes/logoUMA.png Graphic file (type bmp)
<imagenes/logoUMA.png>
LaTeX Info: Redefining \sptext on input line 51.
LaTeX Info: Redefining \. on input line 51.
LaTeX Info: Redefining \% on input line 51.
File: imagenes/logoEII.png Graphic file (type bmp)
<imagenes/logoEII.png>
[26]

LaTeX Warning: Reference `fig:TeraTerm-MotorSetup' on page 27 undefined on input line 56.

File: imagenes/TeraTerm - Motor Setup.png Graphic file (type bmp)
<imagenes/TeraTerm - Motor Setup.png>

Underfull \vbox (badness 10000) has occurred while \output is active []



File: imagenes/logoUMA.png Graphic file (type bmp)
<imagenes/logoUMA.png>
LaTeX Info: Redefining \sptext on input line 67.
LaTeX Info: Redefining \. on input line 67.
LaTeX Info: Redefining \% on input line 67.
File: imagenes/logoEII.png Graphic file (type bmp)
<imagenes/logoEII.png>
[27]
File: imagenes/Logo MATLAB.png Graphic file (type bmp)
<imagenes/Logo MATLAB.png>


LaTeX Warning: Citation 'MATLAB' on page 28 undefined on input line 75.


LaTeX Warning: Citation 'MATLAB' on page 28 undefined on input line 75.



File: imagenes/logoUMA.png Graphic file (type bmp)
<imagenes/logoUMA.png>
LaTeX Info: Redefining \sptext on input line 82.
LaTeX Info: Redefining \. on input line 82.
LaTeX Info: Redefining \% on input line 82.
File: imagenes/logoEII.png Graphic file (type bmp)
<imagenes/logoEII.png>
[28]
File: imagenes/Logo Simulink.png Graphic file (type bmp)
<imagenes/Logo Simulink.png>


LaTeX Warning: Citation 'Simulink' on page 29 undefined on input line 99.


LaTeX Warning: Citation 'Simulink' on page 29 undefined on input line 99.

File: imagenes/Proyecto - Simulink.png Graphic file (type bmp)
<imagenes/Proyecto - Simulink.png>

Underfull \vbox (badness 3838) has occurred while \output is active []



File: imagenes/logoUMA.png Graphic file (type bmp)
<imagenes/logoUMA.png>
LaTeX Info: Redefining \sptext on input line 111.
LaTeX Info: Redefining \. on input line 111.
LaTeX Info: Redefining \% on input line 111.
File: imagenes/logoEII.png Graphic file (type bmp)
<imagenes/logoEII.png>
[29]
File: imagenes/Logo GitHub.png Graphic file (type bmp)
<imagenes/Logo GitHub.png>


LaTeX Warning: Citation 'Wiki-GitHub' on page 30 undefined on input line 119.


LaTeX Warning: Citation 'Wiki-GitHub' on page 30 undefined on input line 119.

File: imagenes/Proyecto - GitHub.png Graphic file (type bmp)
<imagenes/Proyecto - GitHub.png>

Underfull \vbox (badness 10000) has occurred while \output is active []



File: imagenes/logoUMA.png Graphic file (type bmp)
<imagenes/logoUMA.png>
LaTeX Info: Redefining \sptext on input line 130.
LaTeX Info: Redefining \. on input line 130.
LaTeX Info: Redefining \% on input line 130.
File: imagenes/logoEII.png Graphic file (type bmp)
<imagenes/logoEII.png>
[30]
File: imagenes/Logo ROS.png Graphic file (type bmp)
<imagenes/Logo ROS.png>


LaTeX Warning: Citation 'ROS' on page 31 undefined on input line 137.


LaTeX Warning: Citation 'ROS' on page 31 undefined on input line 137.

File: imagenes/ROS Nodes - MathWorks.png Graphic file (type bmp)
<imagenes/ROS Nodes - MathWorks.png>

LaTeX Warning: Citation 'MathWorksROS' on page 31 undefined on input line 146.


LaTeX Warning: Citation 'MathWorksROS' on page 31 undefined on input line 146.



File: imagenes/logoUMA.png Graphic file (type bmp)
<imagenes/logoUMA.png>
LaTeX Info: Redefining \sptext on input line 151.
LaTeX Info: Redefining \. on input line 151.
LaTeX Info: Redefining \% on input line 151.
File: imagenes/logoEII.png Graphic file (type bmp)
<imagenes/logoEII.png>
[31]
Underfull \hbox (badness 5908) in paragraph at lines 163--163
[]|\TU/lmr/m/n/12 Soporte en Tiempo
 []


Underfull \hbox (badness 10000) in paragraph at lines 173--173
[]|\TU/lmr/m/n/12 rospy (Python), roscpp
 []


Underfull \hbox (badness 1558) in paragraph at lines 177--177
[]|\TU/lmr/m/n/12 Parámetros y Confi-
 []


Underfull \hbox (badness 2229) in paragraph at lines 179--179
[]|\TU/lmr/m/n/12 Lanzamiento y Ges-
 []


Underfull \hbox (badness 10000) in paragraph at lines 181--181
[]|\TU/lmr/m/n/12 Compatibilidad con
 []

) (./Capitulos/Cap 4 - Controlador Motores.tex

File: imagenes/logoUMA.png Graphic file (type bmp)
<imagenes/logoUMA.png>
LaTeX Info: Redefining \sptext on input line 1.
LaTeX Info: Redefining \. on input line 1.
LaTeX Info: Redefining \% on input line 1.
File: imagenes/logoEII.png Graphic file (type bmp)
<imagenes/logoEII.png>
[32]
Capítulo 4.

LaTeX Warning: Citation 'Katz2021' on page 33 undefined on input line 12.

(c:/texlive/2024/texmf-dist/tex/latex/listings/lstlang1.sty
File: lstlang1.sty 2024/09/23 1.10c listings language file
) (c:/texlive/2024/texmf-dist/tex/latex/listings/lstlang1.sty
File: lstlang1.sty 2024/09/23 1.10c listings language file
) (c:/texlive/2024/texmf-dist/tex/latex/listings/lstmisc.sty
File: lstmisc.sty 2024/09/23 1.10c (Carsten Heinz)
)
Package hyperref Info: bookmark level for unknown lstlisting defaults to 0 on input line 14.


[33

]
Underfull \vbox (badness 10000) has occurred while \output is active []



File: imagenes/logoUMA.png Graphic file (type bmp)
<imagenes/logoUMA.png>
LaTeX Info: Redefining \sptext on input line 100.
LaTeX Info: Redefining \. on input line 100.
LaTeX Info: Redefining \% on input line 100.
File: imagenes/logoEII.png Graphic file (type bmp)
<imagenes/logoEII.png>
[34]
File: imagenes/CAN Pack Block.png Graphic file (type bmp)
<imagenes/CAN Pack Block.png>


LaTeX Warning: Citation 'CANPack-MathWorks' on page 35 undefined on input line 139.


LaTeX Warning: Citation 'CANPack-MathWorks' on page 35 undefined on input line 139.

File: imagenes/CAN UnPack Block.png Graphic file (type bmp)
<imagenes/CAN UnPack Block.png>

LaTeX Warning: Citation 'CANUnpack-MathWorks' on page 35 undefined on input line 146.


LaTeX Warning: Citation 'CANUnpack-MathWorks' on page 35 undefined on input line 146.



File: imagenes/logoUMA.png Graphic file (type bmp)
<imagenes/logoUMA.png>
LaTeX Info: Redefining \sptext on input line 152.
LaTeX Info: Redefining \. on input line 152.
LaTeX Info: Redefining \% on input line 152.
File: imagenes/logoEII.png Graphic file (type bmp)
<imagenes/logoEII.png>
[35]
File: imagenes/Simulink - CAN Pack.png Graphic file (type bmp)
<imagenes/Simulink - CAN Pack.png>


LaTeX Warning: Citation 'CANPack-MathWorks' on page 36 undefined on input line 164.



File: imagenes/logoUMA.png Graphic file (type bmp)
<imagenes/logoUMA.png>
LaTeX Info: Redefining \sptext on input line 165.
LaTeX Info: Redefining \. on input line 165.
LaTeX Info: Redefining \% on input line 165.
File: imagenes/logoEII.png Graphic file (type bmp)
<imagenes/logoEII.png>
[36]

File: imagenes/logoUMA.png Graphic file (type bmp)
<imagenes/logoUMA.png>
LaTeX Info: Redefining \sptext on input line 222.
LaTeX Info: Redefining \. on input line 222.
LaTeX Info: Redefining \% on input line 222.
File: imagenes/logoEII.png Graphic file (type bmp)
<imagenes/logoEII.png>
[37]
File: imagenes/Simulink - CAN Pack - Start bit.png Graphic file (type bmp)
<imagenes/Simulink - CAN Pack - Start bit.png>
File: imagenes/Simulink - CAN Unpack.png Graphic file (type bmp)
<imagenes/Simulink - CAN Unpack.png>

Underfull \vbox (badness 3029) has occurred while \output is active []



File: imagenes/logoUMA.png Graphic file (type bmp)
<imagenes/logoUMA.png>
LaTeX Info: Redefining \sptext on input line 249.
LaTeX Info: Redefining \. on input line 249.
LaTeX Info: Redefining \% on input line 249.
File: imagenes/logoEII.png Graphic file (type bmp)
<imagenes/logoEII.png>
[38]

LaTeX Warning: Citation 'CANUnpack-MathWorks' on page 39 undefined on input line 250.



File: imagenes/logoUMA.png Graphic file (type bmp)
<imagenes/logoUMA.png>
LaTeX Info: Redefining \sptext on input line 269.
LaTeX Info: Redefining \. on input line 269.
LaTeX Info: Redefining \% on input line 269.
File: imagenes/logoEII.png Graphic file (type bmp)
<imagenes/logoEII.png>
[39]
File: imagenes/Simulink - CAN Unpack - Start bit.png Graphic file (type bmp)
<imagenes/Simulink - CAN Unpack - Start bit.png>


File: imagenes/logoUMA.png Graphic file (type bmp)
<imagenes/logoUMA.png>
LaTeX Info: Redefining \sptext on input line 308.
LaTeX Info: Redefining \. on input line 308.
LaTeX Info: Redefining \% on input line 308.
File: imagenes/logoEII.png Graphic file (type bmp)
<imagenes/logoEII.png>
[40]
File: imagenes/Simulink - Cont - General.png Graphic file (type bmp)
<imagenes/Simulink - Cont - General.png>


LaTeX Warning: Reference `fig:Simulink-Motores' on page 41 undefined on input line 324.


LaTeX Warning: Reference `fig:Simulink-Motores1' on page 41 undefined on input line 324.

File: imagenes/Simulink - Cont - 1.png Graphic file (type bmp)
<imagenes/Simulink - Cont - 1.png>


File: imagenes/logoUMA.png Graphic file (type bmp)
<imagenes/logoUMA.png>
LaTeX Info: Redefining \sptext on input line 332.
LaTeX Info: Redefining \. on input line 332.
LaTeX Info: Redefining \% on input line 332.
File: imagenes/logoEII.png Graphic file (type bmp)
<imagenes/logoEII.png>
[41]

LaTeX Warning: Reference `fig:Rate Transition' on page 42 undefined on input line 334.


LaTeX Warning: Reference `fig:Detect Change' on page 42 undefined on input line 334.

File: imagenes/Rate Transition Block.png Graphic file (type bmp)
<imagenes/Rate Transition Block.png>

LaTeX Warning: Citation 'RateTransition-MathWorks' on page 42 undefined on input line 341.


LaTeX Warning: Citation 'RateTransition-MathWorks' on page 42 undefined on input line 341.


Underfull \hbox (badness 10000) in paragraph at lines 341--341
[]\TU/lmr/bx/n/10 (a) |\TU/lmr/m/n/10 Rate Transition
 []

File: imagenes/Detect Change Block.png Graphic file (type bmp)
<imagenes/Detect Change Block.png>

LaTeX Warning: Citation 'DetectChange-Mathworks' on page 42 undefined on input line 348.


LaTeX Warning: Citation 'DetectChange-Mathworks' on page 42 undefined on input line 348.


Underfull \vbox (badness 10000) has occurred while \output is active []



File: imagenes/logoUMA.png Graphic file (type bmp)
<imagenes/logoUMA.png>
LaTeX Info: Redefining \sptext on input line 354.
LaTeX Info: Redefining \. on input line 354.
LaTeX Info: Redefining \% on input line 354.
File: imagenes/logoEII.png Graphic file (type bmp)
<imagenes/logoEII.png>
[42]

LaTeX Warning: Citation 'Katz2021' on page 43 undefined on input line 355.


LaTeX Warning: Reference `fig:Simulink-CANPack' on page 43 undefined on input line 365.

File: imagenes/Simulink - Cont - 2.png Graphic file (type bmp)
<imagenes/Simulink - Cont - 2.png>

Underfull \vbox (badness 8132) has occurred while \output is active []



File: imagenes/logoUMA.png Graphic file (type bmp)
<imagenes/logoUMA.png>
LaTeX Info: Redefining \sptext on input line 375.
LaTeX Info: Redefining \. on input line 375.
LaTeX Info: Redefining \% on input line 375.
File: imagenes/logoEII.png Graphic file (type bmp)
<imagenes/logoEII.png>
[43]

LaTeX Warning: Reference `fig:Simulink-CANUnpack' on page 44 undefined on input line 376.


LaTeX Warning: Reference `ComunicacionMotores.ino' on page 44 undefined on input line 382.


Underfull \vbox (badness 10000) has occurred while \output is active []



File: imagenes/logoUMA.png Graphic file (type bmp)
<imagenes/logoUMA.png>
LaTeX Info: Redefining \sptext on input line 383.
LaTeX Info: Redefining \. on input line 383.
LaTeX Info: Redefining \% on input line 383.
File: imagenes/logoEII.png Graphic file (type bmp)
<imagenes/logoEII.png>
[44]

LaTeX Warning: Citation 'Katz2021' on page 45 undefined on input line 394.



File: imagenes/logoUMA.png Graphic file (type bmp)
<imagenes/logoUMA.png>
LaTeX Info: Redefining \sptext on input line 429.
LaTeX Info: Redefining \. on input line 429.
LaTeX Info: Redefining \% on input line 429.
File: imagenes/logoEII.png Graphic file (type bmp)
<imagenes/logoEII.png>
[45]) (./Capitulos/Cap 5 - Intro ROS.tex

File: imagenes/logoUMA.png Graphic file (type bmp)
<imagenes/logoUMA.png>
LaTeX Info: Redefining \sptext on input line 1.
LaTeX Info: Redefining \. on input line 1.
LaTeX Info: Redefining \% on input line 1.
File: imagenes/logoEII.png Graphic file (type bmp)
<imagenes/logoEII.png>
[46]
Capítulo 5.
File: imagenes/Logo VMware.png Graphic file (type bmp)
<imagenes/Logo VMware.png>

LaTeX Warning: Citation 'VMware' on page 47 undefined on input line 18.


LaTeX Warning: Citation 'VMware' on page 47 undefined on input line 18.



[47

]
File: imagenes/Logo Ubuntu.png Graphic file (type bmp)
<imagenes/Logo Ubuntu.png>


LaTeX Warning: Citation 'Ubuntu' on page 48 undefined on input line 30.


LaTeX Warning: Citation 'Ubuntu' on page 48 undefined on input line 30.


LaTeX Warning: Citation 'MatlabROSVirtual' on page 48 undefined on input line 33.

File: imagenes/IntroROS - Vista Inicial Ubuntu.png Graphic file (type bmp)
<imagenes/IntroROS - Vista Inicial Ubuntu.png>


File: imagenes/logoUMA.png Graphic file (type bmp)
<imagenes/logoUMA.png>
LaTeX Info: Redefining \sptext on input line 45.
LaTeX Info: Redefining \. on input line 45.
LaTeX Info: Redefining \% on input line 45.
File: imagenes/logoEII.png Graphic file (type bmp)
<imagenes/logoEII.png>
[48]
File: imagenes/Logo Gazebo.png Graphic file (type bmp)
<imagenes/Logo Gazebo.png>


LaTeX Warning: Citation 'Gazebo' on page 49 undefined on input line 49.


LaTeX Warning: Citation 'Gazebo' on page 49 undefined on input line 49.

(c:/texlive/2024/texmf-dist/tex/latex/listings/lstlang1.sty
File: lstlang1.sty 2024/09/23 1.10c listings language file
) (c:/texlive/2024/texmf-dist/tex/latex/listings/lstlang1.sty
File: lstlang1.sty 2024/09/23 1.10c listings language file
)
File: imagenes/IntroROS - Configuracion Red.png Graphic file (type bmp)
<imagenes/IntroROS - Configuracion Red.png>

Underfull \vbox (badness 10000) has occurred while \output is active []



File: imagenes/logoUMA.png Graphic file (type bmp)
<imagenes/logoUMA.png>
LaTeX Info: Redefining \sptext on input line 70.
LaTeX Info: Redefining \. on input line 70.
LaTeX Info: Redefining \% on input line 70.
File: imagenes/logoEII.png Graphic file (type bmp)
<imagenes/logoEII.png>
[49]

LaTeX Warning: Reference `fig:Ubuntu - Configuracion Red' on page 50 undefined on input line 71.

File: imagenes/ROS - Mathworks.png Graphic file (type bmp)
<imagenes/ROS - Mathworks.png>

LaTeX Warning: Citation 'GazeboMatlab' on page 50 undefined on input line 90.


LaTeX Warning: Citation 'GazeboMatlab' on page 50 undefined on input line 90.


Underfull \vbox (badness 10000) has occurred while \output is active []



File: imagenes/logoUMA.png Graphic file (type bmp)
<imagenes/logoUMA.png>
LaTeX Info: Redefining \sptext on input line 93.
LaTeX Info: Redefining \. on input line 93.
LaTeX Info: Redefining \% on input line 93.
File: imagenes/logoEII.png Graphic file (type bmp)
<imagenes/logoEII.png>
[50]
File: imagenes/IntroROS - Gazebo House.png Graphic file (type bmp)
<imagenes/IntroROS - Gazebo House.png>


File: imagenes/logoUMA.png Graphic file (type bmp)
<imagenes/logoUMA.png>
LaTeX Info: Redefining \sptext on input line 114.
LaTeX Info: Redefining \. on input line 114.
LaTeX Info: Redefining \% on input line 114.
File: imagenes/logoEII.png Graphic file (type bmp)
<imagenes/logoEII.png>
[51]

File: imagenes/logoUMA.png Graphic file (type bmp)
<imagenes/logoUMA.png>
LaTeX Info: Redefining \sptext on input line 152.
LaTeX Info: Redefining \. on input line 152.
LaTeX Info: Redefining \% on input line 152.
File: imagenes/logoEII.png Graphic file (type bmp)
<imagenes/logoEII.png>
[52]
File: imagenes/Figura Lidar.jpg Graphic file (type bmp)
<imagenes/Figura Lidar.jpg>
File: imagenes/Realidad Lidar.png Graphic file (type bmp)
<imagenes/Realidad Lidar.png>
) (./Capitulos/Cap 6 - Control PC.tex

File: imagenes/logoUMA.png Graphic file (type bmp)
<imagenes/logoUMA.png>
LaTeX Info: Redefining \sptext on input line 1.
LaTeX Info: Redefining \. on input line 1.
LaTeX Info: Redefining \% on input line 1.
File: imagenes/logoEII.png Graphic file (type bmp)
<imagenes/logoEII.png>
[53]

File: imagenes/logoUMA.png Graphic file (type bmp)
<imagenes/logoUMA.png>
LaTeX Info: Redefining \sptext on input line 1.
LaTeX Info: Redefining \. on input line 1.
LaTeX Info: Redefining \% on input line 1.
File: imagenes/logoEII.png Graphic file (type bmp)
<imagenes/logoEII.png>
[54

]
Capítulo 6.

LaTeX Warning: Reference `fig:PruebaSerie-Arduino' on page 55 undefined on input line 14.

File: imagenes/Simulink - Prueba Serie Arduino PC.png Graphic file (type bmp)
<imagenes/Simulink - Prueba Serie Arduino PC.png>

LaTeX Warning: Reference `fig:PruebaSerie-PC' on page 55 undefined on input line 23.



[55]
File: imagenes/Simulink - Prueba Serie PC Arduino.png Graphic file (type bmp)
<imagenes/Simulink - Prueba Serie PC Arduino.png>
File: imagenes/Simulink - Subsystem - Send to Arduino.png Graphic file (type bmp)
<imagenes/Simulink - Subsystem - Send to Arduino.png>

Underfull \vbox (badness 10000) has occurred while \output is active []



File: imagenes/logoUMA.png Graphic file (type bmp)
<imagenes/logoUMA.png>
LaTeX Info: Redefining \sptext on input line 46.
LaTeX Info: Redefining \. on input line 46.
LaTeX Info: Redefining \% on input line 46.
File: imagenes/logoEII.png Graphic file (type bmp)
<imagenes/logoEII.png>
[56]

LaTeX Warning: Reference `fig:Block Parameters-Protocol Encoder PC' on page 57 undefined on input line 47.

File: imagenes/Simulink - Block Parameters - Protocol Encoder.png Graphic file (type bmp)
<imagenes/Simulink - Block Parameters - Protocol Encoder.png>
File: imagenes/Simulink - Block Parameters - Serial Send.png Graphic file (type bmp)
<imagenes/Simulink - Block Parameters - Serial Send.png>

LaTeX Warning: Reference `fig:Simulink - Control PC XBox ROS' on page 57 undefined on input line 70.


Underfull \vbox (badness 10000) has occurred while \output is active []



File: imagenes/logoUMA.png Graphic file (type bmp)
<imagenes/logoUMA.png>
LaTeX Info: Redefining \sptext on input line 71.
LaTeX Info: Redefining \. on input line 71.
LaTeX Info: Redefining \% on input line 71.
File: imagenes/logoEII.png Graphic file (type bmp)
<imagenes/logoEII.png>
[57]
File: imagenes/Simulink - Subsystem - Receive from Arduino.png Graphic file (type bmp)
<imagenes/Simulink - Subsystem - Receive from Arduino.png>
File: imagenes/Simulink - Block Parameters - Serial Receive.png Graphic file (type bmp)
<imagenes/Simulink - Block Parameters - Serial Receive.png>

Underfull \vbox (badness 10000) has occurred while \output is active []



File: imagenes/logoUMA.png Graphic file (type bmp)
<imagenes/logoUMA.png>
LaTeX Info: Redefining \sptext on input line 87.
LaTeX Info: Redefining \. on input line 87.
LaTeX Info: Redefining \% on input line 87.
File: imagenes/logoEII.png Graphic file (type bmp)
<imagenes/logoEII.png>
[58]
File: imagenes/XBox Mando.png Graphic file (type bmp)
<imagenes/XBox Mando.png>


LaTeX Warning: Reference `fig:Mando XBox' on page 59 undefined on input line 97.


LaTeX Warning: Citation 'SimulinkXboxController' on page 59 undefined on input line 97.



File: imagenes/logoUMA.png Graphic file (type bmp)
<imagenes/logoUMA.png>
LaTeX Info: Redefining \sptext on input line 98.
LaTeX Info: Redefining \. on input line 98.
LaTeX Info: Redefining \% on input line 98.
File: imagenes/logoEII.png Graphic file (type bmp)
<imagenes/logoEII.png>
[59]
File: imagenes/Simulink - Subsystem - XBox Controller.png Graphic file (type bmp)
<imagenes/Simulink - Subsystem - XBox Controller.png>
File: imagenes/Simulink - Block Parameters - XBox Chart.png Graphic file (type bmp)
<imagenes/Simulink - Block Parameters - XBox Chart.png>

Overfull \hbox (3.86296pt too wide) in paragraph at lines 122--123
[]\TU/pcr/m/n/12 Inicialmente el motor se encontrará apagado. Este se encenderá al pulsar el botón ‘\TU/lmr/m/it/12 START\TU/pcr/m/n/12 ’,
 []



File: imagenes/logoUMA.png Graphic file (type bmp)
<imagenes/logoUMA.png>
LaTeX Info: Redefining \sptext on input line 123.
LaTeX Info: Redefining \. on input line 123.
LaTeX Info: Redefining \% on input line 123.
File: imagenes/logoEII.png Graphic file (type bmp)
<imagenes/logoEII.png>
[60]

LaTeX Warning: Reference `MATLAB Functions' on page 61 undefined on input line 124.


LaTeX Warning: Reference `fig:Subsistema - Odometria' on page 61 undefined on input line 128.

File: imagenes/Simulink - Subsystem - ROS Publisher.png Graphic file (type bmp)
<imagenes/Simulink - Subsystem - ROS Publisher.png>
File: imagenes/Simulink - Control PC XBox ROS.png Graphic file (type bmp)
<imagenes/Simulink - Control PC XBox ROS.png>

Underfull \vbox (badness 10000) has occurred while \output is active []



File: imagenes/logoUMA.png Graphic file (type bmp)
<imagenes/logoUMA.png>
LaTeX Info: Redefining \sptext on input line 147.
LaTeX Info: Redefining \. on input line 147.
LaTeX Info: Redefining \% on input line 147.
File: imagenes/logoEII.png Graphic file (type bmp)
<imagenes/logoEII.png>
[61]) (./Capitulos/Cap 7 - Contol Vehiculo.tex

File: imagenes/logoUMA.png Graphic file (type bmp)
<imagenes/logoUMA.png>
LaTeX Info: Redefining \sptext on input line 1.
LaTeX Info: Redefining \. on input line 1.
LaTeX Info: Redefining \% on input line 1.
File: imagenes/logoEII.png Graphic file (type bmp)
<imagenes/logoEII.png>
[62]
Capítulo 7.

LaTeX Warning: Reference `fig:Block Parameters-Protocol Encoder PC' on page 63 undefined on input line 14.

File: imagenes/Simulink - Control Vehiculo - Receive from PC.png Graphic file (type bmp)
<imagenes/Simulink - Control Vehiculo - Receive from PC.png>
File: imagenes/Simulink - Block Parameters - Serial Receive Arduino.png Graphic file (type bmp)
<imagenes/Simulink - Block Parameters - Serial Receive Arduino.png>
File: imagenes/Simulink - Block Parameters - Protocol Decoder Arduino.png Graphic file (type bmp)
<imagenes/Simulink - Block Parameters - Protocol Decoder Arduino.png>


[63

]
File: imagenes/Simulink - Control Vehiculo - MCI.png Graphic file (type bmp)
<imagenes/Simulink - Control Vehiculo - MCI.png>


File: imagenes/logoUMA.png Graphic file (type bmp)
<imagenes/logoUMA.png>
LaTeX Info: Redefining \sptext on input line 55.
LaTeX Info: Redefining \. on input line 55.
LaTeX Info: Redefining \% on input line 55.
File: imagenes/logoEII.png Graphic file (type bmp)
<imagenes/logoEII.png>
[64]

LaTeX Warning: Reference `MATLAB Functions' on page 65 undefined on input line 56.

File: imagenes/Simulink - Control Vehiculo - Control Ruedas.png Graphic file (type bmp)
<imagenes/Simulink - Control Vehiculo - Control Ruedas.png>
File: imagenes/Simulink - Control Vehiculo - Control Ruedas - Parametros Modo.png Graphic file (type bmp)
<imagenes/Simulink - Control Vehiculo - Control Ruedas - Parametros Modo.png>


File: imagenes/logoUMA.png Graphic file (type bmp)
<imagenes/logoUMA.png>
LaTeX Info: Redefining \sptext on input line 75.
LaTeX Info: Redefining \. on input line 75.
LaTeX Info: Redefining \% on input line 75.
File: imagenes/logoEII.png Graphic file (type bmp)
<imagenes/logoEII.png>
[65]

LaTeX Warning: Reference `fig:Subsistema - Kp Control' on page 66 undefined on input line 76.

File: imagenes/Simulink - Control Vehiculo - Control Ruedas - Kp Control.png Graphic file (type bmp)
<imagenes/Simulink - Control Vehiculo - Control Ruedas - Kp Control.png>

LaTeX Warning: Reference `MATLAB Functions' on page 66 undefined on input line 85.



File: imagenes/logoUMA.png Graphic file (type bmp)
<imagenes/logoUMA.png>
LaTeX Info: Redefining \sptext on input line 86.
LaTeX Info: Redefining \. on input line 86.
LaTeX Info: Redefining \% on input line 86.
File: imagenes/logoEII.png Graphic file (type bmp)
<imagenes/logoEII.png>
[66]
File: imagenes/Simulink - Control Vehiculo - Control Ruedas - Ruedas.png Graphic file (type bmp)
<imagenes/Simulink - Control Vehiculo - Control Ruedas - Ruedas.png>
File: imagenes/Simulink - Control Vehiculo - MCD.png Graphic file (type bmp)
<imagenes/Simulink - Control Vehiculo - MCD.png>


File: imagenes/logoUMA.png Graphic file (type bmp)
<imagenes/logoUMA.png>
LaTeX Info: Redefining \sptext on input line 110.
LaTeX Info: Redefining \. on input line 110.
LaTeX Info: Redefining \% on input line 110.
File: imagenes/logoEII.png Graphic file (type bmp)
<imagenes/logoEII.png>
[67]

LaTeX Warning: Reference `fig:Block Parameters - Serial Receive PC' on page 68 undefined on input line 123.

File: imagenes/Simulink - Control Vehiculo - Send to PC.png Graphic file (type bmp)
<imagenes/Simulink - Control Vehiculo - Send to PC.png>
File: imagenes/Simulink - Block Parameters - Protocol Encoder Arduino.png Graphic file (type bmp)
<imagenes/Simulink - Block Parameters - Protocol Encoder Arduino.png>
File: imagenes/Simulink - Block Parameters - Serial Transmit Arduino.png Graphic file (type bmp)
<imagenes/Simulink - Block Parameters - Serial Transmit Arduino.png>


File: imagenes/logoUMA.png Graphic file (type bmp)
<imagenes/logoUMA.png>
LaTeX Info: Redefining \sptext on input line 146.
LaTeX Info: Redefining \. on input line 146.
LaTeX Info: Redefining \% on input line 146.
File: imagenes/logoEII.png Graphic file (type bmp)
<imagenes/logoEII.png>
[68]
File: imagenes/Simulink - Subsystem - Odometria.png Graphic file (type bmp)
<imagenes/Simulink - Subsystem - Odometria.png>

Underfull \vbox (badness 10000) has occurred while \output is active []



File: imagenes/logoUMA.png Graphic file (type bmp)
<imagenes/logoUMA.png>
LaTeX Info: Redefining \sptext on input line 157.
LaTeX Info: Redefining \. on input line 157.
LaTeX Info: Redefining \% on input line 157.
File: imagenes/logoEII.png Graphic file (type bmp)
<imagenes/logoEII.png>
[69]

File: imagenes/logoUMA.png Graphic file (type bmp)
<imagenes/logoUMA.png>
LaTeX Info: Redefining \sptext on input line 185.
LaTeX Info: Redefining \. on input line 185.
LaTeX Info: Redefining \% on input line 185.
File: imagenes/logoEII.png Graphic file (type bmp)
<imagenes/logoEII.png>
[70]
File: imagenes/Simulink - Control Vehiculo.png Graphic file (type bmp)
<imagenes/Simulink - Control Vehiculo.png>
) (./Capitulos/Cap 8 - Conclusiones.tex

File: imagenes/logoUMA.png Graphic file (type bmp)
<imagenes/logoUMA.png>
LaTeX Info: Redefining \sptext on input line 1.
LaTeX Info: Redefining \. on input line 1.
LaTeX Info: Redefining \% on input line 1.
File: imagenes/logoEII.png Graphic file (type bmp)
<imagenes/logoEII.png>
[71]

File: imagenes/logoUMA.png Graphic file (type bmp)
<imagenes/logoUMA.png>
LaTeX Info: Redefining \sptext on input line 1.
LaTeX Info: Redefining \. on input line 1.
LaTeX Info: Redefining \% on input line 1.
File: imagenes/logoEII.png Graphic file (type bmp)
<imagenes/logoEII.png>
[72

]
Capítulo 8.


[73]))

File: imagenes/logoUMA.png Graphic file (type bmp)
<imagenes/logoUMA.png>
LaTeX Info: Redefining \sptext on input line 65.
LaTeX Info: Redefining \. on input line 65.
LaTeX Info: Redefining \% on input line 65.
File: imagenes/logoEII.png Graphic file (type bmp)
<imagenes/logoEII.png>
[74] (./Documentos/Bibliografia.tex

LaTeX Warning: Empty bibliography on input line 23.

) (./Documentos/Apendices.tex (./Apendices/MKR Comunicacion Basica.tex
Apéndice A.


[75

]

[75

]

File: imagenes/logoUMA.png Graphic file (type bmp)
<imagenes/logoUMA.png>
File: imagenes/logoEII.png Graphic file (type bmp)
<imagenes/logoEII.png>
[76

]

[76

]) (./Apendices/CAN Master Test.tex
Apéndice B.


[77


]

[77

]
Underfull \vbox (badness 10000) has occurred while \output is active []



File: imagenes/logoUMA.png Graphic file (type bmp)
<imagenes/logoUMA.png>
File: imagenes/logoEII.png Graphic file (type bmp)
<imagenes/logoEII.png>
[78

]
Underfull \vbox (badness 10000) has occurred while \output is active []



File: imagenes/logoUMA.png Graphic file (type bmp)
<imagenes/logoUMA.png>
LaTeX Info: Redefining \sptext on input line 142.
LaTeX Info: Redefining \. on input line 142.
LaTeX Info: Redefining \% on input line 142.
File: imagenes/logoEII.png Graphic file (type bmp)
<imagenes/logoEII.png>
[79]
Underfull \vbox (badness 10000) has occurred while \output is active []



File: imagenes/logoUMA.png Graphic file (type bmp)
<imagenes/logoUMA.png>
File: imagenes/logoEII.png Graphic file (type bmp)
<imagenes/logoEII.png>
[80]

File: imagenes/logoUMA.png Graphic file (type bmp)
<imagenes/logoUMA.png>
LaTeX Info: Redefining \sptext on input line 279.
LaTeX Info: Redefining \. on input line 279.
LaTeX Info: Redefining \% on input line 279.
File: imagenes/logoEII.png Graphic file (type bmp)
<imagenes/logoEII.png>
[81]

[81

]) (./Apendices/MATLAB Functions.tex

File: imagenes/logoUMA.png Graphic file (type bmp)
<imagenes/logoUMA.png>
File: imagenes/logoEII.png Graphic file (type bmp)
<imagenes/logoEII.png>
[82


]
Apéndice C.


[83]

[83

]

File: imagenes/logoUMA.png Graphic file (type bmp)
<imagenes/logoUMA.png>
File: imagenes/logoEII.png Graphic file (type bmp)
<imagenes/logoEII.png>
[84

]

File: imagenes/logoUMA.png Graphic file (type bmp)
<imagenes/logoUMA.png>
LaTeX Info: Redefining \sptext on input line 79.
LaTeX Info: Redefining \. on input line 79.
LaTeX Info: Redefining \% on input line 79.
File: imagenes/logoEII.png Graphic file (type bmp)
<imagenes/logoEII.png>
[85]

[85

])) (./memoria.aux
LaTeX Info: Redefining \sptext on input line 13.
LaTeX Info: Redefining \. on input line 13.
LaTeX Info: Redefining \% on input line 13.
)
 ***********
LaTeX2e <2024-06-01> patch level 2
L3 programming layer <2024-09-10>
 ***********


LaTeX Font Warning: Some font shapes were not available, defaults substituted.


LaTeX Warning: There were undefined references.


LaTeX Warning: Label(s) may have changed. Rerun to get cross-references right.


Package rerunfilecheck Warning: File `memoria.out' has changed.
(rerunfilecheck)                Rerun to get outlines right
(rerunfilecheck)                or use package `bookmark'.

Package rerunfilecheck Info: Checksums for `memoria.out':
(rerunfilecheck)             Before: <no file>
(rerunfilecheck)             After:  7A06773AA8AE7E2037B4CE8B7FDE4FDF;10372.

Package biblatex Warning: Please (re)run Biber on the file:
(biblatex)                memoria
(biblatex)                and rerun LaTeX afterwards.

Package logreq Info: Writing requests to 'memoria.run.xml'.
\openout1 = `memoria.run.xml'.

 ) 
Here is how much of TeX's memory you used:
 28449 strings out of 474234
 553256 string characters out of 5745797
 1623194 words of memory out of 5000000
 50645 multiletter control sequences out of 15000+600000
 562525 words of font info for 80 fonts, out of 8000000 for 9000
 1348 hyphenation exceptions out of 8191
 72i,13n,84p,1171b,5809s stack positions out of 10000i,1000n,20000p,200000b,200000s

Output written on memoria.pdf (107 pages).
