This is XeTeX, Version 3.141592653-2.6-0.999996 (TeX Live 2024) (preloaded format=xelatex 2024.10.9)  25 DEC 2025 12:00
entering extended mode
 restricted \write18 enabled.
 file:line:error style messages enabled.
 %&-line parsing enabled.
**"c:/Users/merce/Documents/GitHub/LaTeX/MII 2/Trabajo Grupal - GMC/main"
(c:/Users/merce/Documents/GitHub/LaTeX/MII 2/Trabajo Grupal - GMC/main.tex
LaTeX2e <2024-06-01> patch level 2
L3 programming layer <2024-09-10>
(c:/texlive/2024/texmf-dist/tex/latex/base/article.cls
Document Class: article 2024/02/08 v1.4n Standard LaTeX document class
(c:/texlive/2024/texmf-dist/tex/latex/base/size10.clo
File: size10.clo 2024/02/08 v1.4n Standard LaTeX file (size option)
)
\c@part=\count190
\c@section=\count191
\c@subsection=\count192
\c@subsubsection=\count193
\c@paragraph=\count194
\c@subparagraph=\count195
\c@figure=\count196
\c@table=\count197
\abovecaptionskip=\skip49
\belowcaptionskip=\skip50
\bibindent=\dimen141
) (c:/texlive/2024/texmf-dist/tex/generic/babel/babel.sty
Package: babel 2024/10/05 v24.11 The Babel package
\babel@savecnt=\count198
\U@D=\dimen142
\l@unhyphenated=\language89
 (c:/texlive/2024/texmf-dist/tex/generic/babel/xebabel.def)
\bbl@readstream=\read2
\bbl@dirlevel=\count199
 (c:/texlive/2024/texmf-dist/tex/generic/babel-spanish/spanish.ldf
Language: spanish.ldf 2021/05/27 v5.0q Spanish support from the babel system
\es@quottoks=\toks17
\es@quotdepth=\count266
Package babel Info: Making " an active character on input line 570.
Package babel Info: Making . an active character on input line 675.
Package babel Info: Making < an active character on input line 722.
Package babel Info: Making > an active character on input line 722.
)) (c:/texlive/2024/texmf-dist/tex/generic/babel/locale/es/babel-spanish.tex
Package babel Info: Importing font and identification data for spanish
(babel)             from babel-es.ini. Reported on input line 11.
) (c:/texlive/2024/texmf-dist/tex/latex/graphics/graphicx.sty
Package: graphicx 2021/09/16 v1.2d Enhanced LaTeX Graphics (DPC,SPQR)
 (c:/texlive/2024/texmf-dist/tex/latex/graphics/keyval.sty
Package: keyval 2022/05/29 v1.15 key=value parser (DPC)
\KV@toks@=\toks18
) (c:/texlive/2024/texmf-dist/tex/latex/graphics/graphics.sty
Package: graphics 2024/05/23 v1.4g Standard LaTeX Graphics (DPC,SPQR)
 (c:/texlive/2024/texmf-dist/tex/latex/graphics/trig.sty
Package: trig 2023/12/02 v1.11 sin cos tan (DPC)
) (c:/texlive/2024/texmf-dist/tex/latex/graphics-cfg/graphics.cfg
File: graphics.cfg 2016/06/04 v1.11 sample graphics configuration
)
Package graphics Info: Driver file: xetex.def on input line 106.
 (c:/texlive/2024/texmf-dist/tex/latex/graphics-def/xetex.def
File: xetex.def 2022/09/22 v5.0n Graphics/color driver for xetex
))
\Gin@req@height=\dimen143
\Gin@req@width=\dimen144
) (c:/texlive/2024/texmf-dist/tex/latex/geometry/geometry.sty
Package: geometry 2020/01/02 v5.9 Page Geometry
 (c:/texlive/2024/texmf-dist/tex/generic/iftex/ifvtex.sty
Package: ifvtex 2019/10/25 v1.7 ifvtex legacy package. Use iftex instead.
 (c:/texlive/2024/texmf-dist/tex/generic/iftex/iftex.sty
Package: iftex 2022/02/03 v1.0f TeX engine tests
))
\Gm@cnth=\count267
\Gm@cntv=\count268
\c@Gm@tempcnt=\count269
\Gm@bindingoffset=\dimen145
\Gm@wd@mp=\dimen146
\Gm@odd@mp=\dimen147
\Gm@even@mp=\dimen148
\Gm@layoutwidth=\dimen149
\Gm@layoutheight=\dimen150
\Gm@layouthoffset=\dimen151
\Gm@layoutvoffset=\dimen152
\Gm@dimlist=\toks19
) (c:/texlive/2024/texmf-dist/tex/latex/float/float.sty
Package: float 2001/11/08 v1.3d Float enhancements (AL)
\c@float@type=\count270
\float@exts=\toks20
\float@box=\box52
\@float@everytoks=\toks21
\@floatcapt=\box53
) (c:/texlive/2024/texmf-dist/tex/latex/hyphenat/hyphenat.sty
Package: hyphenat 2009/09/02 v2.3c hyphenation utilities
\langwohyphens=\language90
LaTeX Info: Redefining \_ on input line 43.
) (c:/texlive/2024/texmf-dist/tex/latex/fancyhdr/fancyhdr.sty
Package: fancyhdr 2024/07/23 v4.3.1 Extensive control of page headers and footers
\f@nch@headwidth=\skip51
\f@nch@O@elh=\skip52
\f@nch@O@erh=\skip53
\f@nch@O@olh=\skip54
\f@nch@O@orh=\skip55
\f@nch@O@elf=\skip56
\f@nch@O@erf=\skip57
\f@nch@O@olf=\skip58
\f@nch@O@orf=\skip59
) (c:/texlive/2024/texmf-dist/tex/latex/xcolor/xcolor.sty
Package: xcolor 2024/09/29 v3.02 LaTeX color extensions (UK)
 (c:/texlive/2024/texmf-dist/tex/latex/graphics-cfg/color.cfg
File: color.cfg 2016/01/02 v1.6 sample color configuration
)
Package xcolor Info: Driver file: xetex.def on input line 274.
 (c:/texlive/2024/texmf-dist/tex/latex/graphics/mathcolor.ltx)
Package xcolor Info: Model `cmy' substituted by `cmy0' on input line 1349.
Package xcolor Info: Model `RGB' extended on input line 1365.
Package xcolor Info: Model `HTML' substituted by `rgb' on input line 1367.
Package xcolor Info: Model `Hsb' substituted by `hsb' on input line 1368.
Package xcolor Info: Model `tHsb' substituted by `hsb' on input line 1369.
Package xcolor Info: Model `HSB' substituted by `hsb' on input line 1370.
Package xcolor Info: Model `Gray' substituted by `gray' on input line 1371.
Package xcolor Info: Model `wave' substituted by `hsb' on input line 1372.
) (c:/texlive/2024/texmf-dist/tex/latex/colortbl/colortbl.sty
Package: colortbl 2024/07/06 v1.0i Color table columns (DPC)
 (c:/texlive/2024/texmf-dist/tex/latex/tools/array.sty
Package: array 2024/06/14 v2.6d Tabular extension package (FMi)
\col@sep=\dimen153
\ar@mcellbox=\box54
\extrarowheight=\dimen154
\NC@list=\toks22
\extratabsurround=\skip60
\backup@length=\skip61
\ar@cellbox=\box55
)
\everycr=\toks23
\minrowclearance=\skip62
\rownum=\count271
) (c:/texlive/2024/texmf-dist/tex/latex/multirow/multirow.sty
Package: multirow 2021/03/15 v2.8 Span multiple rows of a table
\multirow@colwidth=\skip63
\multirow@cntb=\count272
\multirow@dima=\skip64
\bigstrutjot=\dimen155
) (c:/texlive/2024/texmf-dist/tex/latex/tools/tabularx.sty
Package: tabularx 2023/12/11 v2.12a `tabularx' package (DPC)
\TX@col@width=\dimen156
\TX@old@table=\dimen157
\TX@old@col=\dimen158
\TX@target=\dimen159
\TX@delta=\dimen160
\TX@cols=\count273
\TX@ftn=\toks24
) (c:/texlive/2024/texmf-dist/tex/latex/caption/caption.sty
Package: caption 2023/08/05 v3.6o Customizing captions (AR)
 (c:/texlive/2024/texmf-dist/tex/latex/caption/caption3.sty
Package: caption3 2023/07/31 v2.4d caption3 kernel (AR)
\caption@tempdima=\dimen161
\captionmargin=\dimen162
\caption@leftmargin=\dimen163
\caption@rightmargin=\dimen164
\caption@width=\dimen165
\caption@indent=\dimen166
\caption@parindent=\dimen167
\caption@hangindent=\dimen168
Package caption Info: Standard document class detected.
)
\c@caption@flags=\count274
\c@continuedfloat=\count275
Package caption Info: float package is loaded.
) (c:/texlive/2024/texmf-dist/tex/latex/caption/subcaption.sty
Package: subcaption 2023/07/28 v1.6b Sub-captions (AR)
Package caption Info: New subtype `subfigure' on input line 238.
\c@subfigure=\count276
Package caption Info: New subtype `subtable' on input line 238.
\c@subtable=\count277
) (c:/texlive/2024/texmf-dist/tex/latex/csquotes/csquotes.sty
Package: csquotes 2024-04-04 v5.2o context-sensitive quotations (JAW)
 (c:/texlive/2024/texmf-dist/tex/latex/etoolbox/etoolbox.sty
Package: etoolbox 2020/10/05 v2.5k e-TeX tools for LaTeX (JAW)
\etb@tempcnta=\count278
)
\csq@reset=\count279
\csq@gtype=\count280
\csq@glevel=\count281
\csq@qlevel=\count282
\csq@maxlvl=\count283
\csq@tshold=\count284
\csq@ltx@everypar=\toks25
 (c:/texlive/2024/texmf-dist/tex/latex/csquotes/csquotes.def
File: csquotes.def 2024-04-04 v5.2o csquotes generic definitions (JAW)
)
Package csquotes Info: Trying to load configuration file 'csquotes.cfg'...
Package csquotes Info: ... configuration file loaded successfully.
 (c:/texlive/2024/texmf-dist/tex/latex/csquotes/csquotes.cfg
File: csquotes.cfg 
)) (c:/texlive/2024/texmf-dist/tex/latex/biblatex/biblatex.sty
Package: biblatex 2024/03/21 v3.20 programmable bibliographies (PK/MW)
 (c:/texlive/2024/texmf-dist/tex/generic/pdftexcmds/pdftexcmds.sty
Package: pdftexcmds 2020-06-27 v0.33 Utility functions of pdfTeX for LuaTeX (HO)
 (c:/texlive/2024/texmf-dist/tex/generic/infwarerr/infwarerr.sty
Package: infwarerr 2019/12/03 v1.5 Providing info/warning/error messages (HO)
) (c:/texlive/2024/texmf-dist/tex/generic/ltxcmds/ltxcmds.sty
Package: ltxcmds 2023-12-04 v1.26 LaTeX kernel commands for general use (HO)
)
Package pdftexcmds Info: \pdf@primitive is available.
Package pdftexcmds Info: \pdf@ifprimitive is available.
Package pdftexcmds Info: \pdfdraftmode not found.
) (c:/texlive/2024/texmf-dist/tex/latex/kvoptions/kvoptions.sty
Package: kvoptions 2022-06-15 v3.15 Key value format for package options (HO)
 (c:/texlive/2024/texmf-dist/tex/latex/kvsetkeys/kvsetkeys.sty
Package: kvsetkeys 2022-10-05 v1.19 Key value parser (HO)
)) (c:/texlive/2024/texmf-dist/tex/latex/logreq/logreq.sty
Package: logreq 2010/08/04 v1.0 xml request logger
\lrq@indent=\count285
 (c:/texlive/2024/texmf-dist/tex/latex/logreq/logreq.def
File: logreq.def 2010/08/04 v1.0 logreq spec v1.0
)) (c:/texlive/2024/texmf-dist/tex/latex/base/ifthen.sty
Package: ifthen 2024/03/16 v1.1e Standard LaTeX ifthen package (DPC)
) (c:/texlive/2024/texmf-dist/tex/latex/url/url.sty
\Urlmuskip=\muskip17
Package: url 2013/09/16  ver 3.4  Verb mode for urls, etc.
)
\c@tabx@nest=\count286
\c@listtotal=\count287
\c@listcount=\count288
\c@liststart=\count289
\c@liststop=\count290
\c@citecount=\count291
\c@citetotal=\count292
\c@multicitecount=\count293
\c@multicitetotal=\count294
\c@instcount=\count295
\c@maxnames=\count296
\c@minnames=\count297
\c@maxitems=\count298
\c@minitems=\count299
\c@citecounter=\count300
\c@maxcitecounter=\count301
\c@savedcitecounter=\count302
\c@uniquelist=\count303
\c@uniquename=\count304
\c@refsection=\count305
\c@refsegment=\count306
\c@maxextratitle=\count307
\c@maxextratitleyear=\count308
\c@maxextraname=\count309
\c@maxextradate=\count310
\c@maxextraalpha=\count311
\c@abbrvpenalty=\count312
\c@highnamepenalty=\count313
\c@lownamepenalty=\count314
\c@maxparens=\count315
\c@parenlevel=\count316
\blx@tempcnta=\count317
\blx@tempcntb=\count318
\blx@tempcntc=\count319
\c@blx@maxsection=\count320
\blx@maxsegment@0=\count321
\blx@notetype=\count322
\blx@parenlevel@text=\count323
\blx@parenlevel@foot=\count324
\blx@sectionciteorder@0=\count325
\blx@sectionciteorderinternal@0=\count326
\blx@entrysetcounter=\count327
\blx@biblioinstance=\count328
\labelnumberwidth=\skip65
\labelalphawidth=\skip66
\biblabelsep=\skip67
\bibitemsep=\skip68
\bibnamesep=\skip69
\bibinitsep=\skip70
\bibparsep=\skip71
\bibhang=\skip72
\blx@bcfin=\read3
\blx@bcfout=\write3
\blx@langwohyphens=\language91
\c@mincomprange=\count329
\c@maxcomprange=\count330
\c@mincompwidth=\count331
Package biblatex Info: Trying to load biblatex default data model...
Package biblatex Info: ... file 'blx-dm.def' found.
 (c:/texlive/2024/texmf-dist/tex/latex/biblatex/blx-dm.def
File: blx-dm.def 2024/03/21 v3.20 biblatex datamodel (PK/MW)
)
Package biblatex Info: Trying to load biblatex custom data model...
Package biblatex Info: ... file 'biblatex-dm.cfg' not found.
\c@afterword=\count332
\c@savedafterword=\count333
\c@annotator=\count334
\c@savedannotator=\count335
\c@author=\count336
\c@savedauthor=\count337
\c@bookauthor=\count338
\c@savedbookauthor=\count339
\c@commentator=\count340
\c@savedcommentator=\count341
\c@editor=\count342
\c@savededitor=\count343
\c@editora=\count344
\c@savededitora=\count345
\c@editorb=\count346
\c@savededitorb=\count347
\c@editorc=\count348
\c@savededitorc=\count349
\c@foreword=\count350
\c@savedforeword=\count351
\c@holder=\count352
\c@savedholder=\count353
\c@introduction=\count354
\c@savedintroduction=\count355
\c@namea=\count356
\c@savednamea=\count357
\c@nameb=\count358
\c@savednameb=\count359
\c@namec=\count360
\c@savednamec=\count361
\c@translator=\count362
\c@savedtranslator=\count363
\c@shortauthor=\count364
\c@savedshortauthor=\count365
\c@shorteditor=\count366
\c@savedshorteditor=\count367
\c@labelname=\count368
\c@savedlabelname=\count369
\c@institution=\count370
\c@savedinstitution=\count371
\c@lista=\count372
\c@savedlista=\count373
\c@listb=\count374
\c@savedlistb=\count375
\c@listc=\count376
\c@savedlistc=\count377
\c@listd=\count378
\c@savedlistd=\count379
\c@liste=\count380
\c@savedliste=\count381
\c@listf=\count382
\c@savedlistf=\count383
\c@location=\count384
\c@savedlocation=\count385
\c@organization=\count386
\c@savedorganization=\count387
\c@origlocation=\count388
\c@savedoriglocation=\count389
\c@origpublisher=\count390
\c@savedorigpublisher=\count391
\c@publisher=\count392
\c@savedpublisher=\count393
\c@language=\count394
\c@savedlanguage=\count395
\c@origlanguage=\count396
\c@savedoriglanguage=\count397
\c@pageref=\count398
\c@savedpageref=\count399
\shorthandwidth=\skip73
\shortjournalwidth=\skip74
\shortserieswidth=\skip75
\shorttitlewidth=\skip76
\shortauthorwidth=\skip77
\shorteditorwidth=\skip78
\locallabelnumberwidth=\skip79
\locallabelalphawidth=\skip80
\localshorthandwidth=\skip81
\localshortjournalwidth=\skip82
\localshortserieswidth=\skip83
\localshorttitlewidth=\skip84
\localshortauthorwidth=\skip85
\localshorteditorwidth=\skip86
Package biblatex Info: Trying to load enhanced support for Unicode engines...
Package biblatex Info: ... file 'blx-unicode.def' found.
 (c:/texlive/2024/texmf-dist/tex/latex/biblatex/blx-unicode.def)
Package biblatex Info: Trying to load compatibility code...
Package biblatex Info: ... file 'blx-compat.def' found.
 (c:/texlive/2024/texmf-dist/tex/latex/biblatex/blx-compat.def
File: blx-compat.def 2024/03/21 v3.20 biblatex compatibility (PK/MW)
)
Package biblatex Info: Trying to load generic definitions...
Package biblatex Info: ... file 'biblatex.def' found.
 (c:/texlive/2024/texmf-dist/tex/latex/biblatex/biblatex.def
File: biblatex.def 2024/03/21 v3.20 biblatex compatibility (PK/MW)
\c@textcitecount=\count400
\c@textcitetotal=\count401
\c@textcitemaxnames=\count402
\c@biburlbigbreakpenalty=\count403
\c@biburlbreakpenalty=\count404
\c@biburlnumpenalty=\count405
\c@biburlucpenalty=\count406
\c@biburllcpenalty=\count407
\biburlbigskip=\muskip18
\biburlnumskip=\muskip19
\biburlucskip=\muskip20
\biburllcskip=\muskip21
\c@smartand=\count408
)
Package biblatex Info: Trying to load bibliography style 'numeric'...
Package biblatex Info: ... file 'numeric.bbx' found.
 (c:/texlive/2024/texmf-dist/tex/latex/biblatex/bbx/numeric.bbx
File: numeric.bbx 2024/03/21 v3.20 biblatex bibliography style (PK/MW)
Package biblatex Info: Trying to load bibliography style 'standard'...
Package biblatex Info: ... file 'standard.bbx' found.
 (c:/texlive/2024/texmf-dist/tex/latex/biblatex/bbx/standard.bbx
File: standard.bbx 2024/03/21 v3.20 biblatex bibliography style (PK/MW)
\c@bbx:relatedcount=\count409
\c@bbx:relatedtotal=\count410
))
Package biblatex Info: Trying to load citation style 'numeric'...
Package biblatex Info: ... file 'numeric.cbx' found.
 (c:/texlive/2024/texmf-dist/tex/latex/biblatex/cbx/numeric.cbx
File: numeric.cbx 2024/03/21 v3.20 biblatex citation style (PK/MW)
Package biblatex Info: Redefining '\cite'.
Package biblatex Info: Redefining '\parencite'.
Package biblatex Info: Redefining '\footcite'.
Package biblatex Info: Redefining '\footcitetext'.
Package biblatex Info: Redefining '\smartcite'.
Package biblatex Info: Redefining '\supercite'.
Package biblatex Info: Redefining '\textcite'.
Package biblatex Info: Redefining '\textcites'.
Package biblatex Info: Redefining '\cites'.
Package biblatex Info: Redefining '\parencites'.
Package biblatex Info: Redefining '\smartcites'.
)
Package biblatex Info: Trying to load configuration file...
Package biblatex Info: ... file 'biblatex.cfg' found.
 (c:/texlive/2024/texmf-dist/tex/latex/biblatex/biblatex.cfg
File: biblatex.cfg 
)
Package biblatex Info: XeTeX detected.
(biblatex)             Assuming input encoding 'utf8'.
Package biblatex Info: Document encoding is UTF8 ....
 (c:/texlive/2024/texmf-dist/tex/latex/l3kernel/expl3.sty
Package: expl3 2024-09-10 L3 programming layer (loader) 
 (c:/texlive/2024/texmf-dist/tex/latex/l3backend/l3backend-xetex.def
File: l3backend-xetex.def 2024-05-08 L3 backend support: XeTeX
\g__graphics_track_int=\count411
\l__pdf_internal_box=\box56
\g__pdf_backend_annotation_int=\count412
\g__pdf_backend_link_int=\count413
))
Package biblatex Info: ... and expl3
(biblatex)             2024-09-10 L3 programming layer (loader) 
(biblatex)             is new enough (at least 2020/04/06),
(biblatex)             setting 'casechanger=expl3'.
 (c:/texlive/2024/texmf-dist/tex/latex/biblatex/blx-case-expl3.sty (c:/texlive/2024/texmf-dist/tex/latex/l3packages/xparse/xparse.sty
Package: xparse 2024-08-16 L3 Experimental document command parser
)
Package: blx-case-expl3 2024/03/21 v3.20 expl3 case changing code for biblatex
)) (c:/texlive/2024/texmf-dist/tex/latex/titlesec/titlesec.sty
Package: titlesec 2023/10/27 v2.16 Sectioning titles
\ttl@box=\box57
\beforetitleunit=\skip87
\aftertitleunit=\skip88
\ttl@plus=\dimen169
\ttl@minus=\dimen170
\ttl@toksa=\toks26
\titlewidth=\dimen171
\titlewidthlast=\dimen172
\titlewidthfirst=\dimen173
) (c:/texlive/2024/texmf-dist/tex/latex/fontspec/fontspec.sty
Package: fontspec 2024/05/11 v2.9e Font selection for XeLaTeX and LuaLaTeX
 (c:/texlive/2024/texmf-dist/tex/latex/fontspec/fontspec-xetex.sty
Package: fontspec-xetex 2024/05/11 v2.9e Font selection for XeLaTeX and LuaLaTeX
\l__fontspec_script_int=\count414
\l__fontspec_language_int=\count415
\l__fontspec_strnum_int=\count416
\l__fontspec_tmp_int=\count417
\l__fontspec_tmpa_int=\count418
\l__fontspec_tmpb_int=\count419
\l__fontspec_tmpc_int=\count420
\l__fontspec_em_int=\count421
\l__fontspec_emdef_int=\count422
\l__fontspec_strong_int=\count423
\l__fontspec_strongdef_int=\count424
\l__fontspec_tmpa_dim=\dimen174
\l__fontspec_tmpb_dim=\dimen175
\l__fontspec_tmpc_dim=\dimen176
 (c:/texlive/2024/texmf-dist/tex/latex/base/fontenc.sty
Package: fontenc 2021/04/29 v2.0v Standard LaTeX package
) (c:/texlive/2024/texmf-dist/tex/latex/fontspec/fontspec.cfg)))

Package fontspec Info: 
(fontspec)             Font family 'Calibri(0)' created for font 'Calibri'
(fontspec)             with options [Ligatures=TeX].
(fontspec)              
(fontspec)              This font family consists of the following NFSS
(fontspec)             series/shapes:
(fontspec)              
(fontspec)             - 'normal' (m/n) with NFSS spec.:
(fontspec)             <->"Calibri/OT:script=latn;language=dflt;mapping=tex-text;"
(fontspec)             - 'small caps'  (m/sc) with NFSS spec.:
(fontspec)             <->"Calibri/OT:script=latn;language=dflt;+smcp;mapping=tex-text;"
(fontspec)             - 'bold' (b/n) with NFSS spec.:
(fontspec)             <->"Calibri/B/OT:script=latn;language=dflt;mapping=tex-text;"
(fontspec)             - 'bold small caps'  (b/sc) with NFSS spec.:
(fontspec)             <->"Calibri/B/OT:script=latn;language=dflt;+smcp;mapping=tex-text;"
(fontspec)             - 'italic' (m/it) with NFSS spec.:
(fontspec)             <->"Calibri/I/OT:script=latn;language=dflt;mapping=tex-text;"
(fontspec)             - 'italic small caps'  (m/scit) with NFSS spec.:
(fontspec)             <->"Calibri/I/OT:script=latn;language=dflt;+smcp;mapping=tex-text;"
(fontspec)             - 'bold italic' (b/it) with NFSS spec.:
(fontspec)             <->"Calibri/BI/OT:script=latn;language=dflt;mapping=tex-text;"
(fontspec)             - 'bold italic small caps'  (b/scit) with NFSS spec.:
(fontspec)             <->"Calibri/BI/OT:script=latn;language=dflt;+smcp;mapping=tex-text;"

 (c:/texlive/2024/texmf-dist/tex/latex/pdfpages/pdfpages.sty
Package: pdfpages 2024/08/20 v0.6b Insert pages of external PDF documents (AM)
 (c:/texlive/2024/texmf-dist/tex/latex/tools/calc.sty
Package: calc 2023/07/08 v4.3 Infix arithmetic (KKT,FJ)
\calc@Acount=\count425
\calc@Bcount=\count426
\calc@Adimen=\dimen177
\calc@Bdimen=\dimen178
\calc@Askip=\skip89
\calc@Bskip=\skip90
LaTeX Info: Redefining \setlength on input line 80.
LaTeX Info: Redefining \addtolength on input line 81.
\calc@Ccount=\count427
\calc@Cskip=\skip91
) (c:/texlive/2024/texmf-dist/tex/latex/eso-pic/eso-pic.sty
Package: eso-pic 2023/05/03 v3.0c eso-pic (RN)
\ESO@tempdima=\dimen179
\ESO@tempdimb=\dimen180
)
\AM@pagewidth=\dimen181
\AM@pageheight=\dimen182
\AM@fboxrule=\dimen183
 (c:/texlive/2024/texmf-dist/tex/latex/pdfpages/ppxetex.def
File: ppxetex.def 2024/08/20 v0.6b Pdfpages driver for XeTeX (AM)
)
\pdfpages@includegraphics@status=\count428
\AM@pagebox=\box58
\AM@global@opts=\toks27
\AM@pagecnt=\count429
\AM@toc@title=\toks28
\AM@lof@heading=\toks29
\c@AM@survey=\count430
\AM@templatesizebox=\box59
)
Package csquotes Info: Checking for multilingual support...
Package csquotes Info: ... found 'babel' package.
Package csquotes Info: Adjusting default style.
Package csquotes Info: Redefining alias 'default' -> 'spanish'.
 (./main.aux
LaTeX Info: Redefining \. on input line 9.
LaTeX Info: Redefining \% on input line 9.
 (./Capitulos/Introduccion.aux) (./Capitulos/Decision1.aux) (./Capitulos/Decision2.aux) (./Capitulos/Decision3.aux) (./Capitulos/Decision4.aux) (./Capitulos/Decision5.aux))
\openout1 = `main.aux'.

LaTeX Font Info:    Checking defaults for OML/cmm/m/it on input line 44.
LaTeX Font Info:    ... okay on input line 44.
LaTeX Font Info:    Checking defaults for OMS/cmsy/m/n on input line 44.
LaTeX Font Info:    ... okay on input line 44.
LaTeX Font Info:    Checking defaults for OT1/cmr/m/n on input line 44.
LaTeX Font Info:    ... okay on input line 44.
LaTeX Font Info:    Checking defaults for T1/cmr/m/n on input line 44.
LaTeX Font Info:    ... okay on input line 44.
LaTeX Font Info:    Checking defaults for TS1/cmr/m/n on input line 44.
LaTeX Font Info:    Trying to load font information for TS1+cmr on input line 44.
 (c:/texlive/2024/texmf-dist/tex/latex/base/ts1cmr.fd
File: ts1cmr.fd 2023/04/13 v2.5m Standard LaTeX font definitions
)
LaTeX Font Info:    ... okay on input line 44.
LaTeX Font Info:    Checking defaults for TU/lmr/m/n on input line 44.
LaTeX Font Info:    ... okay on input line 44.
LaTeX Font Info:    Checking defaults for OMX/cmex/m/n on input line 44.
LaTeX Font Info:    ... okay on input line 44.
LaTeX Font Info:    Checking defaults for U/cmr/m/n on input line 44.
LaTeX Font Info:    ... okay on input line 44.
LaTeX Info: Redefining \. on input line 44.
LaTeX Info: Redefining \% on input line 44.

*geometry* driver: auto-detecting
*geometry* detected driver: xetex
*geometry* verbose mode - [ preamble ] result:
* driver: xetex
* paper: a4paper
* layout: <same size as paper>
* layoutoffset:(h,v)=(0.0pt,0.0pt)
* modes: twoside asymmetric 
* h-part:(L,W,R)=(42.67912pt, 512.14963pt, 42.67912pt)
* v-part:(T,H,B)=(42.67912pt, 759.6886pt, 42.67912pt)
* \paperwidth=597.50787pt
* \paperheight=845.04684pt
* \textwidth=512.14963pt
* \textheight=759.6886pt
* \oddsidemargin=-29.59087pt
* \evensidemargin=-29.59087pt
* \topmargin=-66.59087pt
* \headheight=12.0pt
* \headsep=25.0pt
* \topskip=10.0pt
* \footskip=30.0pt
* \marginparwidth=48.0pt
* \marginparsep=10.0pt
* \columnsep=10.0pt
* \skip\footins=9.0pt plus 4.0pt minus 2.0pt
* \hoffset=0.0pt
* \voffset=0.0pt
* \mag=1000
* \@twocolumntrue
* \@twosidetrue
* \@mparswitchfalse
* \@reversemarginfalse
* (1in=72.27pt=25.4mm, 1cm=28.453pt)

Package caption Info: Begin \AtBeginDocument code.
Package caption Info: End \AtBeginDocument code.
Package biblatex Info: Trying to load language 'spanish'...
Package biblatex Info: ... file 'spanish.lbx' found.
(c:/texlive/2024/texmf-dist/tex/latex/biblatex/lbx/spanish.lbx
File: spanish.lbx 2024/03/21 v3.20 biblatex localization (PK/MW)
)
Package biblatex Info: XeTeX detected.
(biblatex)             Assuming input encoding 'utf8'.
Package biblatex Info: Automatic encoding selection.
(biblatex)             Assuming data encoding 'utf8'.
\openout3 = `main.bcf'.

Package biblatex Info: Trying to load bibliographic data...
Package biblatex Info: ... file 'main.bbl' not found.

No file main.bbl.
Package biblatex Info: Reference section=0 on input line 44.
Package biblatex Info: Reference segment=0 on input line 44.

Package fontspec Info: 
(fontspec)             Adjusting the maths setup (use [no-math] to avoid
(fontspec)             this).

\symlegacymaths=\mathgroup4
LaTeX Font Info:    Overwriting symbol font `legacymaths' in version `bold'
(Font)                  OT1/cmr/m/n --> OT1/cmr/bx/n on input line 44.
LaTeX Font Info:    Redeclaring math accent \acute on input line 44.
LaTeX Font Info:    Redeclaring math accent \grave on input line 44.
LaTeX Font Info:    Redeclaring math accent \ddot on input line 44.
LaTeX Font Info:    Redeclaring math accent \tilde on input line 44.
LaTeX Font Info:    Redeclaring math accent \bar on input line 44.
LaTeX Font Info:    Redeclaring math accent \breve on input line 44.
LaTeX Font Info:    Redeclaring math accent \check on input line 44.
LaTeX Font Info:    Redeclaring math accent \hat on input line 44.
LaTeX Font Info:    Redeclaring math accent \dot on input line 44.
LaTeX Font Info:    Redeclaring math accent \mathring on input line 44.
LaTeX Font Info:    Redeclaring math symbol \colon on input line 44.
LaTeX Font Info:    Redeclaring math symbol \Gamma on input line 44.
LaTeX Font Info:    Redeclaring math symbol \Delta on input line 44.
LaTeX Font Info:    Redeclaring math symbol \Theta on input line 44.
LaTeX Font Info:    Redeclaring math symbol \Lambda on input line 44.
LaTeX Font Info:    Redeclaring math symbol \Xi on input line 44.
LaTeX Font Info:    Redeclaring math symbol \Pi on input line 44.
LaTeX Font Info:    Redeclaring math symbol \Sigma on input line 44.
LaTeX Font Info:    Redeclaring math symbol \Upsilon on input line 44.
LaTeX Font Info:    Redeclaring math symbol \Phi on input line 44.
LaTeX Font Info:    Redeclaring math symbol \Psi on input line 44.
LaTeX Font Info:    Redeclaring math symbol \Omega on input line 44.
LaTeX Font Info:    Redeclaring math symbol \mathdollar on input line 44.
LaTeX Font Info:    Redeclaring symbol font `operators' on input line 44.
LaTeX Font Info:    Encoding `OT1' has changed to `TU' for symbol font
(Font)              `operators' in the math version `normal' on input line 44.
LaTeX Font Info:    Overwriting symbol font `operators' in version `normal'
(Font)                  OT1/cmr/m/n --> TU/Calibri(0)/m/n on input line 44.
LaTeX Font Info:    Encoding `OT1' has changed to `TU' for symbol font
(Font)              `operators' in the math version `bold' on input line 44.
LaTeX Font Info:    Overwriting symbol font `operators' in version `bold'
(Font)                  OT1/cmr/bx/n --> TU/Calibri(0)/m/n on input line 44.
LaTeX Font Info:    Overwriting symbol font `operators' in version `normal'
(Font)                  TU/Calibri(0)/m/n --> TU/Calibri(0)/m/n on input line 44.
LaTeX Font Info:    Overwriting math alphabet `\mathit' in version `normal'
(Font)                  OT1/cmr/m/it --> TU/Calibri(0)/m/it on input line 44.
LaTeX Font Info:    Overwriting math alphabet `\mathbf' in version `normal'
(Font)                  OT1/cmr/bx/n --> TU/Calibri(0)/b/n on input line 44.
LaTeX Font Info:    Overwriting math alphabet `\mathsf' in version `normal'
(Font)                  OT1/cmss/m/n --> TU/lmss/m/n on input line 44.
LaTeX Font Info:    Overwriting math alphabet `\mathtt' in version `normal'
(Font)                  OT1/cmtt/m/n --> TU/lmtt/m/n on input line 44.
LaTeX Font Info:    Overwriting symbol font `operators' in version `bold'
(Font)                  TU/Calibri(0)/m/n --> TU/Calibri(0)/b/n on input line 44.
LaTeX Font Info:    Overwriting math alphabet `\mathit' in version `bold'
(Font)                  OT1/cmr/bx/it --> TU/Calibri(0)/b/it on input line 44.
LaTeX Font Info:    Overwriting math alphabet `\mathsf' in version `bold'
(Font)                  OT1/cmss/bx/n --> TU/lmss/b/n on input line 44.
LaTeX Font Info:    Overwriting math alphabet `\mathtt' in version `bold'
(Font)                  OT1/cmtt/m/n --> TU/lmtt/b/n on input line 44.
(c:/texlive/2024/texmf-dist/tex/latex/pdflscape/pdflscape.sty
Package: pdflscape 2022-10-27 v0.13 Display of landscape pages in PDF
 (c:/texlive/2024/texmf-dist/tex/latex/pdflscape/pdflscape-nometadata.sty
Package: pdflscape-nometadata 2022-10-28 v0.13 Display of landscape pages in PDF (HO)
 (c:/texlive/2024/texmf-dist/tex/latex/graphics/lscape.sty
Package: lscape 2020/05/28 v3.02 Landscape Pages (DPC)
)
Package pdflscape Info: Auto-detected driver: dvipdfm (xetex) on input line 98.
)) (./Documentos/Portada.tex
File: Imagenes/Logo UPM.png Graphic file (type bmp)
<Imagenes/Logo UPM.png>
File: Imagenes/IndusmoneyPortada.png Graphic file (type bmp)
<Imagenes/IndusmoneyPortada.png>


[1


]) (./Documentos/Cuerpo.tex
\openout2 = `Capitulos/Introduccion.aux'.

 (./Capitulos/Introduccion.tex
Underfull \hbox (badness 10000) in paragraph at lines 4--5
\TU/Calibri(0)/m/n/10 principales: el tradicional mercado europeo (UE), que
 []


Underfull \hbox (badness 1215) in paragraph at lines 4--5
\TU/Calibri(0)/m/n/10 sirve como base principal; el mercado Nafta, que se está
 []


Underfull \hbox (badness 7151) in paragraph at lines 6--7
[]\TU/Calibri(0)/m/n/10 IndusMoney comercializa actualmente tres líneas de
 []


Underfull \hbox (badness 3907) in paragraph at lines 6--7
\TU/Calibri(0)/m/n/10 productos: Producto 1, Producto 2 y Producto 3, sobre
 []


Underfull \hbox (badness 1406) in paragraph at lines 6--7
\TU/Calibri(0)/m/n/10 los cuales se han realizado inversiones de Investigación y
 []


Underfull \hbox (badness 5862) in paragraph at lines 9--10
[]\TU/Calibri(0)/m/n/10 Antes de formular su estrategia actual en el GMC,
 []


Underfull \hbox (badness 1509) in paragraph at lines 9--10
\TU/Calibri(0)/m/n/10 fuertes y las áreas de mejora (como la fluctuación de la
 []


Underfull \hbox (badness 6542) in paragraph at lines 12--13
[]\TU/Calibri(0)/m/n/10 El volumen de negocio experimentó un crecimiento
 []


Underfull \hbox (badness 2799) in paragraph at lines 12--13
\TU/Calibri(0)/m/n/10 espectacular desde el inicio (0€ en Trm 2.0/2016) hasta
 []


Underfull \hbox (badness 2027) in paragraph at lines 12--13
\TU/Calibri(0)/m/n/10 alcanzar su máximo de 1.329.434€ en Trm 2.0/2017. Sin
 []


Underfull \hbox (badness 5217) in paragraph at lines 12--13
\TU/Calibri(0)/m/n/10 embargo, el esfuerzo de lanzamiento y la inversión en
 []


Underfull \hbox (badness 2495) in paragraph at lines 12--13
\TU/Calibri(0)/m/n/10 consolidar su mejor resultado con un Beneficio Neto de
 []

File: Imagenes/introduccion_ingresosbeneficioreservas.png Graphic file (type bmp)
<Imagenes/introduccion_ingresosbeneficioreservas.png>

Underfull \hbox (badness 6625) in paragraph at lines 20--21
[]\TU/Calibri(0)/m/n/10 La mejora en la rentabilidad es crítica, ya que ha
 []


Underfull \hbox (badness 4242) in paragraph at lines 20--21
\TU/Calibri(0)/m/n/10 significativamente el Patrimonio Neto. La liquidez se ha
 []



LaTeX Font Info:    External font `cmex10' loaded for size
(Font)              <7> on input line 24.
LaTeX Font Info:    External font `cmex10' loaded for size
(Font)              <5> on input line 24.
File: Imagenes/introduccion_producto1.png Graphic file (type bmp)
<Imagenes/introduccion_producto1.png>

Underfull \hbox (badness 2368) in paragraph at lines 31--31
|\TU/Calibri(0)/b/n/12 Producto 2: Mantenimiento y Recuperación de
 []

File: Imagenes/introduccion_producto2.png Graphic file (type bmp)
<Imagenes/introduccion_producto2.png>

Underfull \hbox (badness 10000) in paragraph at lines 40--41
[]\TU/Calibri(0)/m/n/10 Presenta la evolución más cautelosa, con ajustes
 []


Underfull \hbox (badness 3746) in paragraph at lines 40--41
\TU/Calibri(0)/m/n/10 muy moderados de 680€ a 700€. Esta estrategia indica
 []


Underfull \hbox (badness 1448) in paragraph at lines 40--41
\TU/Calibri(0)/m/n/10 que la empresa ha priorizado mantener la demanda y la
 []

File: Imagenes/introduccion_producto3.png Graphic file (type bmp)
<Imagenes/introduccion_producto3.png>
)

File: Imagenes/Logo INDUSMONEY.png Graphic file (type bmp)
<Imagenes/Logo INDUSMONEY.png>
File: Imagenes/Logo GMC.png Graphic file (type bmp)
<Imagenes/Logo GMC.png>

Package fancyhdr Warning: \headheight is too small (12.0pt): 
(fancyhdr)                Make it at least 32.05278pt, for example:
(fancyhdr)                \setlength{\headheight}{32.05278pt}.
(fancyhdr)                You might also make \topmargin smaller to compensate:
(fancyhdr)                \addtolength{\topmargin}{-20.05278pt}.

[2


]
\openout2 = `Capitulos/Decision1.aux'.

 (./Capitulos/Decision1.tex
Underfull \hbox (badness 6063) in paragraph at lines 58--58
|\TU/Calibri(0)/b/n/12 Un Inicio Ambicioso: Activar la Demanda sin
 []


Underfull \hbox (badness 3058) in paragraph at lines 60--61
\TU/Calibri(0)/m/n/10 positivos recientes no eran suficientes para garantizar la
 []


Underfull \hbox (badness 1221) in paragraph at lines 62--63
[]\TU/Calibri(0)/m/n/10 En este contexto, la dirección opta por una estrategia
 []


Underfull \hbox (badness 1635) in paragraph at lines 62--63
\TU/Calibri(0)/m/n/10 claramente orientada a la activación de la demanda y al
 []


Underfull \hbox (badness 2894) in paragraph at lines 62--63
\TU/Calibri(0)/m/n/10 en una política de precios moderada, evitando competir
 []




Underfull \hbox (badness 10000) in paragraph at lines 66--66
|\TU/Calibri(0)/b/n/12 Estrategia Comercial Ambiciosa frente a una
 []


Underfull \hbox (badness 6188) in paragraph at lines 68--69
[]\TU/Calibri(0)/m/n/10 Mientras la estrategia comercial adopta un enfoque
 []


Underfull \hbox (badness 10000) in paragraph at lines 68--69
\TU/Calibri(0)/m/n/10 expansivo, las decisiones operativas se mantienen
 []


Underfull \hbox (badness 4913) in paragraph at lines 68--69
\TU/Calibri(0)/m/n/10 deliberadamente prudentes. No se realizan ampliaciones
 []


Underfull \hbox (badness 2027) in paragraph at lines 68--69
\TU/Calibri(0)/m/n/10 mantenimiento. Paralelamente, se refuerza ligeramente la
 []


Underfull \hbox (badness 1817) in paragraph at lines 68--69
\TU/Calibri(0)/m/n/10 plantilla mediante la contratación y formación de nuevos
 []


Underfull \hbox (badness 1596) in paragraph at lines 68--69
\TU/Calibri(0)/m/n/10 trabajadores, anticipando un crecimiento progresivo de la
 []


Underfull \hbox (badness 1442) in paragraph at lines 70--71
\TU/Calibri(0)/m/n/10 Esta decisión, orientada a limitar riesgos financieros y de
 []


Underfull \hbox (badness 2762) in paragraph at lines 72--73
[]\TU/Calibri(0)/m/n/10 El resultado es un claro desajuste entre la demanda
 []


Underfull \hbox (badness 1383) in paragraph at lines 72--73
\TU/Calibri(0)/m/n/10 generada y la capacidad real del sistema productivo para
 []


Underfull \hbox (badness 1990) in paragraph at lines 74--74
|\TU/Calibri(0)/b/n/12 Resultados Económicos: Margen Bruto Positivo,
 []


Underfull \hbox (badness 1496) in paragraph at lines 76--77
\TU/Calibri(0)/m/n/10 y costes estructurales asociados a una empresa en plena
 []

File: Imagenes/decision1_beneficiobruto.png Graphic file (type bmp)
<Imagenes/decision1_beneficiobruto.png>

Underfull \hbox (badness 2181) in paragraph at lines 85--86
[]\TU/Calibri(0)/m/n/10 El resultado de explotación (BAII) se sitúa en valores
 []


Underfull \hbox (badness 3019) in paragraph at lines 85--86
\TU/Calibri(0)/m/n/10 fijos y operativos supera la capacidad de generación de
 []



File: Imagenes/Logo INDUSMONEY.png Graphic file (type bmp)
<Imagenes/Logo INDUSMONEY.png>
File: Imagenes/Logo GMC.png Graphic file (type bmp)
<Imagenes/Logo GMC.png>

Package fancyhdr Warning: \headheight is too small (12.0pt): 
(fancyhdr)                Make it at least 32.05278pt, for example:
(fancyhdr)                \setlength{\headheight}{32.05278pt}.
(fancyhdr)                You might also make \topmargin smaller to compensate:
(fancyhdr)                \addtolength{\topmargin}{-20.05278pt}.

[3



]
Underfull \hbox (badness 6575) in paragraph at lines 87--88
[]\TU/Calibri(0)/m/n/10 Estas pérdidas provocan un nuevo deterioro de las
 []


Underfull \hbox (badness 2980) in paragraph at lines 87--88
\TU/Calibri(0)/m/n/10 comercial, cuando no va acompañado de una capacidad
 []


Underfull \hbox (badness 1668) in paragraph at lines 91--92
[]\TU/Calibri(0)/m/n/10 El análisis de los márgenes permite profundizar en la
 []


Underfull \hbox (badness 1622) in paragraph at lines 91--92
\TU/Calibri(0)/m/n/10 pérdida de eficiencia experimentada durante el trimestre.
 []

File: Imagenes/decision1_margenes.png Graphic file (type bmp)
<Imagenes/decision1_margenes.png>

Underfull \hbox (badness 7099) in paragraph at lines 98--99
\TU/Calibri(0)/m/n/10 Los costes asociados al funcionamiento de la empresa
 []


Underfull \hbox (badness 1142) in paragraph at lines 98--99
\TU/Calibri(0)/m/n/10 normalidad, mientras que los ingresos no crecen al ritmo
 []


Underfull \hbox (badness 2134) in paragraph at lines 98--99
\TU/Calibri(0)/m/n/10 esperado debido a las limitaciones en el suministro y la
 []


Underfull \hbox (badness 4779) in paragraph at lines 100--101
\TU/Calibri(0)/m/n/10 comercial no se traduce en rentabilidad, anticipando la
 []


Underfull \hbox (badness 2103) in paragraph at lines 100--101
\TU/Calibri(0)/m/n/10 necesidad de revisar la coordinación entre las decisiones
 []


Underfull \hbox (badness 1953) in paragraph at lines 104--105
[]\TU/Calibri(0)/m/n/10 A pesar de los malos resultados económicos, algunos
 []

File: Imagenes/decision1_endeudamiento.png Graphic file (type bmp)
<Imagenes/decision1_endeudamiento.png>

LaTeX Warning: `h' float specifier changed to `ht'.


Underfull \hbox (badness 3612) in paragraph at lines 111--112
\TU/Calibri(0)/m/n/10 externa y sosteniendo su crecimiento mediante recursos
 []




Underfull \hbox (badness 10000) in paragraph at lines 117--118
[]\TU/Calibri(0)/m/n/10 El deterioro de la eficiencia operativa se traslada
 []


Underfull \hbox (badness 3690) in paragraph at lines 117--118
\TU/Calibri(0)/m/n/10 directamente a los indicadores de rentabilidad. Tanto la
 []


Underfull \hbox (badness 5802) in paragraph at lines 117--118
\TU/Calibri(0)/m/n/10 (ROE) presentan valores negativos, evidenciando que ni
 []

File: Imagenes/decision1_ROAROE.png Graphic file (type bmp)
<Imagenes/decision1_ROAROE.png>

Underfull \hbox (badness 1509) in paragraph at lines 124--125
\TU/Calibri(0)/m/n/10 en ausencia de endeudamiento financiero significativo. La
 []


Underfull \hbox (badness 3396) in paragraph at lines 124--125
\TU/Calibri(0)/m/n/10 apalancamiento, sino del uso ineficiente de los recursos
 []


Underfull \hbox (badness 10000) in paragraph at lines 126--126
|\TU/Calibri(0)/b/n/12 Primer Aviso Estratégico: Un Problema de
 []


Underfull \hbox (badness 3989) in paragraph at lines 128--129
\TU/Calibri(0)/m/n/10 con los resultados obtenidos. La estrategia adoptada es
 []



File: Imagenes/Logo INDUSMONEY.png Graphic file (type bmp)
<Imagenes/Logo INDUSMONEY.png>
File: Imagenes/Logo GMC.png Graphic file (type bmp)
<Imagenes/Logo GMC.png>

Package fancyhdr Warning: \headheight is too small (12.0pt): 
(fancyhdr)                Make it at least 32.05278pt, for example:
(fancyhdr)                \setlength{\headheight}{32.05278pt}.
(fancyhdr)                You might also make \topmargin smaller to compensate:
(fancyhdr)                \addtolength{\topmargin}{-20.05278pt}.

[4]
Underfull \hbox (badness 7907) in paragraph at lines 130--131
[]\TU/Calibri(0)/m/n/10 Este trimestre no representa un colapso financiero,
 []


Underfull \hbox (badness 2846) in paragraph at lines 130--131
\TU/Calibri(0)/m/n/10 pero sí un aviso temprano. El crecimiento sin una base
 []


Underfull \hbox (badness 7963) in paragraph at lines 130--131
\TU/Calibri(0)/m/n/10 Las decisiones futuras deberán centrarse en ajustar el
 []

)



File: Imagenes/Logo INDUSMONEY.png Graphic file (type bmp)
<Imagenes/Logo INDUSMONEY.png>
File: Imagenes/Logo GMC.png Graphic file (type bmp)
<Imagenes/Logo GMC.png>

Package fancyhdr Warning: \headheight is too small (12.0pt): 
(fancyhdr)                Make it at least 32.05278pt, for example:
(fancyhdr)                \setlength{\headheight}{32.05278pt}.
(fancyhdr)                You might also make \topmargin smaller to compensate:
(fancyhdr)                \addtolength{\topmargin}{-20.05278pt}.

[5

]
\openout2 = `Capitulos/Decision2.aux'.

 (./Capitulos/Decision2.tex
Underfull \hbox (badness 2020) in paragraph at lines 60--61
\TU/Calibri(0)/m/n/10 y el de operaciones llevó a IndusMoney a una situación
 []




Underfull \hbox (badness 1412) in paragraph at lines 69--70
[]\TU/Calibri(0)/m/n/10 Con unos ingresos tan reducidos, el margen bruto no
 []


Underfull \hbox (badness 1400) in paragraph at lines 74--75
\TU/Calibri(0)/m/n/10 En el Trimestre 6, la empresa fabricó 1.350 unidades del
 []

File: Imagenes/decision2_pedidosventas.png Graphic file (type bmp)
<Imagenes/decision2_pedidosventas.png>

Underfull \hbox (badness 1389) in paragraph at lines 83--84
\TU/Calibri(0)/m/n/10 se invirtió masivamente para atraer clientes a las tiendas
 []


Underfull \hbox (badness 4303) in paragraph at lines 90--91
\TU/Calibri(0)/m/n/10 en la programación de la producción. Mientras que en
 []


Underfull \hbox (badness 1231) in paragraph at lines 90--91
\TU/Calibri(0)/m/n/10 el trimestre anterior se programó la producción de 1.350
 []



File: Imagenes/Logo INDUSMONEY.png Graphic file (type bmp)
<Imagenes/Logo INDUSMONEY.png>
File: Imagenes/Logo GMC.png Graphic file (type bmp)
<Imagenes/Logo GMC.png>

Package fancyhdr Warning: \headheight is too small (12.0pt): 
(fancyhdr)                Make it at least 32.05278pt, for example:
(fancyhdr)                \setlength{\headheight}{32.05278pt}.
(fancyhdr)                You might also make \topmargin smaller to compensate:
(fancyhdr)                \addtolength{\topmargin}{-20.05278pt}.

[6



]
File: Imagenes/decision2_publicidadventas.png Graphic file (type bmp)
<Imagenes/decision2_publicidadventas.png>

Underfull \hbox (badness 7722) in paragraph at lines 107--108
[]\TU/Calibri(0)/m/n/10 La severidad de las pérdidas de este trimestre ha
 []


Underfull \hbox (badness 1845) in paragraph at lines 111--112
\TU/Calibri(0)/m/n/10 en una estructura pesada e ineficiente que requiere una
 []




Underfull \hbox (badness 1755) in paragraph at lines 116--117
\TU/Calibri(0)/m/n/10 P1) debido a la mejora mayor que se implementó en la
 []

File: Imagenes/decision2_endeudamiento.png Graphic file (type bmp)
<Imagenes/decision2_endeudamiento.png>

Underfull \hbox (badness 1270) in paragraph at lines 131--132
\TU/Calibri(0)/m/n/10 positivo a una destrucción de valor para el accionista sin
 []


Underfull \hbox (badness 2799) in paragraph at lines 133--134
\TU/Calibri(0)/m/n/10 que por cada euro de capital invertido la empresa está
 []


Underfull \hbox (badness 1694) in paragraph at lines 133--134
\TU/Calibri(0)/m/n/10 perdiendo casi 17 céntimos debido a la magnitud de las
 []



File: Imagenes/Logo INDUSMONEY.png Graphic file (type bmp)
<Imagenes/Logo INDUSMONEY.png>
File: Imagenes/Logo GMC.png Graphic file (type bmp)
<Imagenes/Logo GMC.png>

Package fancyhdr Warning: \headheight is too small (12.0pt): 
(fancyhdr)                Make it at least 32.05278pt, for example:
(fancyhdr)                \setlength{\headheight}{32.05278pt}.
(fancyhdr)                You might also make \topmargin smaller to compensate:
(fancyhdr)                \addtolength{\topmargin}{-20.05278pt}.

[7]
File: Imagenes/decision2_ROE.png Graphic file (type bmp)
<Imagenes/decision2_ROE.png>

Underfull \hbox (badness 10000) in paragraph at lines 140--141
[]\TU/Calibri(0)/m/n/10 Recuperar un ROE positivo en el octavo trimestre
 []


Underfull \hbox (badness 10000) in paragraph at lines 140--141
\TU/Calibri(0)/m/n/10 para reactivar la producción masiva, ya que cualquier
 []


Underfull \hbox (badness 10000) in paragraph at lines 140--141
\TU/Calibri(0)/m/n/10 incremento adicional en el endeudamiento para cubrir
 []


Underfull \hbox (badness 2600) in paragraph at lines 140--141
\TU/Calibri(0)/m/n/10 pérdidas solo serviría para apalancar negativamente a la
 []


Underfull \hbox (badness 5245) in paragraph at lines 143--144
\TU/Calibri(0)/m/n/10 IndusMoney se comportó como una empresa comercial
 []


Underfull \hbox (badness 10000) in paragraph at lines 149--150
[]\TU/Calibri(0)/m/n/10 Es crítico volver a contratar y formar personal
 []


LaTeX Warning: `h' float specifier changed to `ht'.


LaTeX Warning: `h' float specifier changed to `ht'.

)



File: Imagenes/Logo INDUSMONEY.png Graphic file (type bmp)
<Imagenes/Logo INDUSMONEY.png>
File: Imagenes/Logo GMC.png Graphic file (type bmp)
<Imagenes/Logo GMC.png>

Package fancyhdr Warning: \headheight is too small (12.0pt): 
(fancyhdr)                Make it at least 32.05278pt, for example:
(fancyhdr)                \setlength{\headheight}{32.05278pt}.
(fancyhdr)                You might also make \topmargin smaller to compensate:
(fancyhdr)                \addtolength{\topmargin}{-20.05278pt}.

[8]
\openout2 = `Capitulos/Decision3.aux'.

 (./Capitulos/Decision3.tex
Underfull \hbox (badness 10000) in paragraph at lines 64--65
[]\TU/Calibri(0)/m/n/10 La dirección apuesta este cuatrimestre por buscar
 []


Underfull \hbox (badness 5302) in paragraph at lines 64--65
\TU/Calibri(0)/m/n/10 la expansión, se aprueba el aumento de la fábrica 25
 []




Underfull \hbox (badness 7796) in paragraph at lines 68--69
[]\TU/Calibri(0)/m/n/10 La raíz del colapso no es otra que la gestión de
 []

File: Imagenes/decision3_rotacion activos.png Graphic file (type bmp)
<Imagenes/decision3_rotacion activos.png>

Underfull \hbox (badness 6268) in paragraph at lines 78--79
[]\TU/Calibri(0)/m/n/10 En un intento por mantener la cuota de mercado,
 []


Underfull \hbox (badness 2600) in paragraph at lines 78--79
\TU/Calibri(0)/m/n/10 la empresa ejecutó una inversión agresiva en marketing,
 []


Underfull \hbox (badness 2310) in paragraph at lines 78--79
\TU/Calibri(0)/m/n/10 destinando partidas significativas a publicidad en Europa,
 []


Underfull \hbox (badness 1028) in paragraph at lines 78--79
\TU/Calibri(0)/m/n/10 Nafta e Internet, acompañadas de una política de precios
 []

File: Imagenes/decision3_ventas_publicidad.png Graphic file (type bmp)
<Imagenes/decision3_ventas_publicidad.png>

LaTeX Warning: `h' float specifier changed to `ht'.


Underfull \hbox (badness 1077) in paragraph at lines 88--89
\TU/Calibri(0)/m/n/10 cifra alarmante que supera con creces cualquier beneficio
 []


Underfull \hbox (badness 2119) in paragraph at lines 90--91
\TU/Calibri(0)/m/n/10 actuando como un drenaje constante del efectivo. Como
 []



File: Imagenes/Logo INDUSMONEY.png Graphic file (type bmp)
<Imagenes/Logo INDUSMONEY.png>
File: Imagenes/Logo GMC.png Graphic file (type bmp)
<Imagenes/Logo GMC.png>

Package fancyhdr Warning: \headheight is too small (12.0pt): 
(fancyhdr)                Make it at least 32.05278pt, for example:
(fancyhdr)                \setlength{\headheight}{32.05278pt}.
(fancyhdr)                You might also make \topmargin smaller to compensate:
(fancyhdr)                \addtolength{\topmargin}{-20.05278pt}.

[9



]
File: Imagenes/decision3_beneficio bruto.png Graphic file (type bmp)
<Imagenes/decision3_beneficio bruto.png>
LaTeX Font Info:    External font `cmex10' loaded for size
(Font)              <12> on input line 99.
LaTeX Font Info:    External font `cmex10' loaded for size
(Font)              <8> on input line 99.
LaTeX Font Info:    External font `cmex10' loaded for size
(Font)              <6> on input line 99.

Underfull \hbox (badness 1783) in paragraph at lines 99--99
|\TU/Calibri(0)/b/n/12 Apuesta a la Desesperada: El Salto al 43$ $% de
 []


Underfull \hbox (badness 1325) in paragraph at lines 102--103
\TU/Calibri(0)/m/n/10 en expansión productiva rentable, sino fundamentalmente
 []




Underfull \hbox (badness 10000) in paragraph at lines 104--105
\TU/Calibri(0)/m/n/10 está asumiendo una carga financiera desproporcionada
 []


Underfull \hbox (badness 2884) in paragraph at lines 104--105
\TU/Calibri(0)/m/n/10 que será difícil de gestionar en los próximos trimestres,
 []


Underfull \hbox (badness 2626) in paragraph at lines 106--106
|\TU/Calibri(0)/b/n/12 Patrimonio en Peligro: Las Reservas Entran en
 []


Underfull \hbox (badness 3701) in paragraph at lines 107--108
[]\TU/Calibri(0)/m/n/10 El impacto acumulado de las pérdidas operativas ha
 []


Underfull \hbox (badness 1708) in paragraph at lines 107--108
\TU/Calibri(0)/m/n/10 euros, lo que refleja que la empresa ha consumido gran
 []

File: Imagenes/decision3_ROA ROE.png Graphic file (type bmp)
<Imagenes/decision3_ROA ROE.png>


File: Imagenes/Logo INDUSMONEY.png Graphic file (type bmp)
<Imagenes/Logo INDUSMONEY.png>
File: Imagenes/Logo GMC.png Graphic file (type bmp)
<Imagenes/Logo GMC.png>

Package fancyhdr Warning: \headheight is too small (12.0pt): 
(fancyhdr)                Make it at least 32.05278pt, for example:
(fancyhdr)                \setlength{\headheight}{32.05278pt}.
(fancyhdr)                You might also make \topmargin smaller to compensate:
(fancyhdr)                \addtolength{\topmargin}{-20.05278pt}.

[10])



File: Imagenes/Logo INDUSMONEY.png Graphic file (type bmp)
<Imagenes/Logo INDUSMONEY.png>
File: Imagenes/Logo GMC.png Graphic file (type bmp)
<Imagenes/Logo GMC.png>

Package fancyhdr Warning: \headheight is too small (12.0pt): 
(fancyhdr)                Make it at least 32.05278pt, for example:
(fancyhdr)                \setlength{\headheight}{32.05278pt}.
(fancyhdr)                You might also make \topmargin smaller to compensate:
(fancyhdr)                \addtolength{\topmargin}{-20.05278pt}.

[11

]
\openout2 = `Capitulos/Decision4.aux'.

 (./Capitulos/Decision4.tex
Underfull \hbox (badness 4168) in paragraph at lines 58--58
|\TU/Calibri(0)/b/n/12 El Espejismo del Crecimiento y la Asfixia por
 []


Underfull \hbox (badness 1596) in paragraph at lines 59--60
\TU/Calibri(0)/m/n/10 a pesar de ser una buena noticia, es un dato engañoso,
 []


Underfull \hbox (badness 1137) in paragraph at lines 59--60
\TU/Calibri(0)/m/n/10 siendo un espejismo de crecimiento. Este crecimiento tan
 []


Underfull \hbox (badness 10000) in paragraph at lines 61--61
|\TU/Calibri(0)/b/n/12 De la Parálisis por Escasez al Colapso por
 []




Underfull \hbox (badness 3657) in paragraph at lines 64--65
[]\TU/Calibri(0)/m/n/10 El valor del inventario de materiales se disparó casi
 []


Underfull \hbox (badness 1762) in paragraph at lines 64--65
\TU/Calibri(0)/m/n/10 un sobrestock ineficiente. Esta decisión fue en contra de
 []


Underfull \hbox (badness 1609) in paragraph at lines 64--65
\TU/Calibri(0)/m/n/10 InudsMoney, debido a que se inmovilizó casi el 50$ $% del
 []


Underfull \hbox (badness 1521) in paragraph at lines 64--65
\TU/Calibri(0)/m/n/10 activo total en estanterías, bajando la liquidez de la caja
 []


Underfull \hbox (badness 7649) in paragraph at lines 64--65
\TU/Calibri(0)/m/n/10 que generaban costes de almacenamiento y riesgo de
 []


Underfull \hbox (badness 1360) in paragraph at lines 67--69
[]\TU/Calibri(0)/m/n/10 En un intento de aumento de la plantilla contratando
 []


Underfull \hbox (badness 1320) in paragraph at lines 67--69
\TU/Calibri(0)/m/n/10 a 5 nuevos trabajadores tomada por el departamento de
 []


Underfull \hbox (badness 2653) in paragraph at lines 67--69
\TU/Calibri(0)/m/n/10 que conllevó un descubierto de 1.401.318€, es decir, se
 []


Underfull \hbox (badness 2875) in paragraph at lines 67--69
\TU/Calibri(0)/m/n/10 de activos fijos con deuda a cortísimo plazo, ya que el
 []

File: Imagenes/decision4_endeudamiento.png Graphic file (type bmp)
<Imagenes/decision4_endeudamiento.png>


File: Imagenes/Logo INDUSMONEY.png Graphic file (type bmp)
<Imagenes/Logo INDUSMONEY.png>
File: Imagenes/Logo GMC.png Graphic file (type bmp)
<Imagenes/Logo GMC.png>

Package fancyhdr Warning: \headheight is too small (12.0pt): 
(fancyhdr)                Make it at least 32.05278pt, for example:
(fancyhdr)                \setlength{\headheight}{32.05278pt}.
(fancyhdr)                You might also make \topmargin smaller to compensate:
(fancyhdr)                \addtolength{\topmargin}{-20.05278pt}.

[12



]
File: Imagenes/decision4_patrimonioneto.png Graphic file (type bmp)
<Imagenes/decision4_patrimonioneto.png>

Underfull \hbox (badness 2443) in paragraph at lines 91--92
[]\TU/Calibri(0)/m/n/10 El análisis de solvencia que se puede realizar con el
 []


Underfull \hbox (badness 2617) in paragraph at lines 91--92
\TU/Calibri(0)/m/n/10 un valor de -1.488.110€. IndusMoney tiene muchas mas
 []

File: Imagenes/decision4_FM.png Graphic file (type bmp)
<Imagenes/decision4_FM.png>

LaTeX Warning: `h' float specifier changed to `ht'.


Underfull \hbox (badness 1796) in paragraph at lines 99--100
[]\TU/Calibri(0)/m/n/10 Al cierre del segundo semestre, IndusMoney presenta
 []



)

File: Imagenes/Logo INDUSMONEY.png Graphic file (type bmp)
<Imagenes/Logo INDUSMONEY.png>
File: Imagenes/Logo GMC.png Graphic file (type bmp)
<Imagenes/Logo GMC.png>

Package fancyhdr Warning: \headheight is too small (12.0pt): 
(fancyhdr)                Make it at least 32.05278pt, for example:
(fancyhdr)                \setlength{\headheight}{32.05278pt}.
(fancyhdr)                You might also make \topmargin smaller to compensate:
(fancyhdr)                \addtolength{\topmargin}{-20.05278pt}.

[13]
\openout2 = `Capitulos/Decision5.aux'.

 (./Capitulos/Decision5.tex
Underfull \hbox (badness 5050) in paragraph at lines 59--60
[]\TU/Calibri(0)/m/n/10 Tras la asfixia del trimestre anterior, en este tercer
 []


Underfull \hbox (badness 1394) in paragraph at lines 59--60
\TU/Calibri(0)/m/n/10 del mercado han disparado los ingresos por ventas hasta
 []


Underfull \hbox (badness 1708) in paragraph at lines 61--62
[]\TU/Calibri(0)/m/n/10 Por primera vez en lo que va de año, se ha logrado
 []


Underfull \hbox (badness 2126) in paragraph at lines 64--65
\TU/Calibri(0)/m/n/10 operaciones ejecutó una maniobra de “frenazo en seco´´
 []


Underfull \hbox (badness 3930) in paragraph at lines 64--65
\TU/Calibri(0)/m/n/10 en el aprovisionamiento. La decisión fue clara, ante un
 []


Underfull \hbox (badness 1097) in paragraph at lines 64--65
\TU/Calibri(0)/m/n/10 sobreabastecimiento de materias primas no se compraron
 []




Underfull \hbox (badness 1354) in paragraph at lines 66--67
\TU/Calibri(0)/m/n/10 trimestre. Gracias a esto, y al aumento de las ventas, se
 []


Underfull \hbox (badness 10000) in paragraph at lines 69--70
[]\TU/Calibri(0)/m/n/10 Si bien la operativa comercial mejoró, la situación
 []


Underfull \hbox (badness 2726) in paragraph at lines 69--70
\TU/Calibri(0)/m/n/10 financiera ha entrado en una espiral crítica. A pesar de
 []


Underfull \hbox (badness 2393) in paragraph at lines 71--72
\TU/Calibri(0)/m/n/10 debe ahora casi el doble de lo que vale su patrimonio.
 []


Underfull \hbox (badness 7451) in paragraph at lines 76--77
[]\TU/Calibri(0)/m/n/10 Para atender la demanda, se aumentó el nivel de
 []


Underfull \hbox (badness 10000) in paragraph at lines 76--77
\TU/Calibri(0)/m/n/10 Sin embargo, simultáneamente se mantuvo una fuerte
 []


Underfull \hbox (badness 2941) in paragraph at lines 76--77
\TU/Calibri(0)/m/n/10 subcontratación. Esta estrategia fue la misma que en el
 []



File: Imagenes/Logo INDUSMONEY.png Graphic file (type bmp)
<Imagenes/Logo INDUSMONEY.png>
File: Imagenes/Logo GMC.png Graphic file (type bmp)
<Imagenes/Logo GMC.png>

Package fancyhdr Warning: \headheight is too small (12.0pt): 
(fancyhdr)                Make it at least 32.05278pt, for example:
(fancyhdr)                \setlength{\headheight}{32.05278pt}.
(fancyhdr)                You might also make \topmargin smaller to compensate:
(fancyhdr)                \addtolength{\topmargin}{-20.05278pt}.

[14



]
Underfull \hbox (badness 1286) in paragraph at lines 84--85
\TU/Calibri(0)/m/n/10 trimestres se resume en la incapacidad de compaginar la
 []


Underfull \hbox (badness 2035) in paragraph at lines 86--87
\TU/Calibri(0)/m/n/10 péndulo´´ en el segundo trimestre de 2018. La dirección
 []


Underfull \hbox (badness 1107) in paragraph at lines 86--87
\TU/Calibri(0)/m/n/10 tomó una decisión errónea, ante la escasez previa realizó
 []


Underfull \hbox (badness 1953) in paragraph at lines 86--87
\TU/Calibri(0)/m/n/10 un aprovisionamiento masivo y una expansión de fábrica
 []


Underfull \hbox (badness 1558) in paragraph at lines 86--87
\TU/Calibri(0)/m/n/10 logística en una crisis de solvencia. Se pasó de no tener
 []


Underfull \hbox (badness 1337) in paragraph at lines 86--87
\TU/Calibri(0)/m/n/10 qué vender a inmovilizar 2,2 millones de euros en stock,
 []


Underfull \hbox (badness 1946) in paragraph at lines 88--89
[]\TU/Calibri(0)/m/n/10 El desenlace en tercer trimestre de 2018 confirma la
 []


Underfull \hbox (badness 7256) in paragraph at lines 88--89
\TU/Calibri(0)/m/n/10 inviabilidad de IndusMoney. Aunque se logró maquillar
 []


Underfull \hbox (badness 4913) in paragraph at lines 88--89
\TU/Calibri(0)/m/n/10 la cuenta de resultados con un récord de ventas y la
 []


Underfull \hbox (badness 2689) in paragraph at lines 88--89
\TU/Calibri(0)/m/n/10 ya era irreversible. La empresa ha terminado trabajando
 []


LaTeX Warning: `h' float specifier changed to `ht'.


LaTeX Warning: `h' float specifier changed to `ht'.

)



File: Imagenes/Logo INDUSMONEY.png Graphic file (type bmp)
<Imagenes/Logo INDUSMONEY.png>
File: Imagenes/Logo GMC.png Graphic file (type bmp)
<Imagenes/Logo GMC.png>

Package fancyhdr Warning: \headheight is too small (12.0pt): 
(fancyhdr)                Make it at least 32.05278pt, for example:
(fancyhdr)                \setlength{\headheight}{32.05278pt}.
(fancyhdr)                You might also make \topmargin smaller to compensate:
(fancyhdr)                \addtolength{\topmargin}{-20.05278pt}.

[15]) (./Documentos/Anexos.tex
File: Imagenes/Logo UPM.png Graphic file (type bmp)
<Imagenes/Logo UPM.png>


[1



]) (./main.aux
LaTeX Info: Redefining \sptext on input line 9.
LaTeX Info: Redefining \. on input line 9.
LaTeX Info: Redefining \% on input line 9.
 (./Capitulos/Introduccion.aux) (./Capitulos/Decision1.aux) (./Capitulos/Decision2.aux) (./Capitulos/Decision3.aux) (./Capitulos/Decision4.aux) (./Capitulos/Decision5.aux))
 ***********
LaTeX2e <2024-06-01> patch level 2
L3 programming layer <2024-09-10>
 ***********
Package logreq Info: Writing requests to 'main.run.xml'.
\openout1 = `main.run.xml'.

 ) 
Here is how much of TeX's memory you used:
 17773 strings out of 474234
 376320 string characters out of 5745797
 1294863 words of memory out of 5000000
 40199 multiletter control sequences out of 15000+600000
 561021 words of font info for 72 fonts, out of 8000000 for 9000
 1348 hyphenation exceptions out of 8191
 66i,13n,93p,1244b,3936s stack positions out of 10000i,1000n,20000p,200000b,200000s

Output written on main.pdf (16 pages).
