\BOOKMARK [0][-]{chapter.1}{\376\377\000U\000r\000b\000a\000n\000i\000s\000m\000o\000\040\000i\000n\000d\000u\000s\000t\000r\000i\000a\000l}{}% 1
\BOOKMARK [1][-]{section.1.1}{\376\377\000P\000l\000a\000n\000i\000f\000i\000c\000a\000c\000i\000\363\000n\000\040\000i\000n\000d\000u\000s\000t\000r\000i\000a\000l}{chapter.1}% 2
\BOOKMARK [1][-]{section.1.2}{\376\377\000L\000o\000c\000a\000l\000i\000z\000a\000c\000i\000\363\000n}{chapter.1}% 3
\BOOKMARK [1][-]{section.1.3}{\376\377\000P\000r\000o\000y\000e\000c\000t\000o}{chapter.1}% 4
\BOOKMARK [2][-]{subsection.1.3.1}{\376\377\000I\000m\000p\000l\000a\000n\000t\000a\000c\000i\000\363\000n}{section.1.3}% 5
\BOOKMARK [3][-]{subsubsection.1.3.1.1}{\376\377\000P\000o\000l\000\355\000g\000o\000n\000o\000s\000\040\000i\000n\000d\000u\000s\000t\000r\000i\000a\000l\000e\000s}{subsection.1.3.1}% 6
\BOOKMARK [3][-]{subsubsection.1.3.1.2}{\376\377\000P\000a\000r\000q\000u\000e\000s\000\040\000c\000i\000e\000n\000t\000\355\000f\000i\000c\000o\000\040\000t\000e\000c\000n\000o\000l\000\363\000g\000i\000c\000o\000s}{subsection.1.3.1}% 7
\BOOKMARK [3][-]{subsubsection.1.3.1.3}{\376\377\000P\000a\000r\000\341\000m\000e\000t\000o\000r\000s\000\040\000u\000r\000b\000a\000n\000\355\000s\000t\000i\000c\000o\000s}{subsection.1.3.1}% 8
\BOOKMARK [2][-]{subsection.1.3.2}{\376\377\000S\000e\000r\000v\000i\000c\000i\000o\000s}{section.1.3}% 9
\BOOKMARK [3][-]{subsubsection.1.3.2.1}{\376\377\000G\000e\000s\000t\000i\000\363\000n\000\040\000d\000e\000\040\000L\000i\000c\000e\000n\000c\000i\000a\000s\000\040\000y\000\040\000L\000e\000g\000a\000l\000i\000z\000a\000c\000i\000o\000n\000e\000s\000\040\000d\000e\000\040\000l\000a\000s\000\040\000I\000n\000s\000t\000a\000l\000a\000c\000i\000o\000n\000e\000s}{subsection.1.3.2}% 10
\BOOKMARK [3][-]{subsubsection.1.3.2.2}{\376\377\000S\000e\000r\000v\000i\000c\000i\000o\000s\000\040\000e\000\040\000i\000n\000f\000r\000a\000e\000s\000t\000r\000u\000c\000t\000u\000r\000a\000s\000\040\000e\000n\000\040\000p\000o\000l\000i\000g\000o\000n\000o\000s\000\040\000i\000n\000d\000u\000s\000t\000r\000i\000a\000l\000e\000s}{subsection.1.3.2}% 11
\BOOKMARK [4][-]{subsubsubsection.1.3.2.2.1}{\376\377\000A\000b\000a\000s\000t\000e\000c\000i\000m\000i\000e\000n\000t\000o\000\040\000d\000e\000\040\000A\000g\000u\000a\000.}{subsubsection.1.3.2.2}% 12
\BOOKMARK [0][-]{chapter.2}{\376\377\000E\000d\000i\000f\000i\000c\000a\000c\000i\000\363\000n\000\040\000i\000n\000d\000u\000s\000t\000r\000i\000a\000l}{}% 13
\BOOKMARK [1][-]{section.2.1}{\376\377\000C\000r\000i\000t\000e\000r\000i\000o\000s\000\040\000d\000e\000\040\000d\000i\000s\000e\000\361\000o}{chapter.2}% 14
\BOOKMARK [1][-]{section.2.2}{\376\377\000E\000s\000t\000r\000u\000c\000t\000u\000r\000a}{chapter.2}% 15
\BOOKMARK [2][-]{subsection.2.2.1}{\376\377\000C\000i\000m\000e\000n\000t\000a\000c\000i\000o\000n\000e\000s}{section.2.2}% 16
\BOOKMARK [2][-]{subsection.2.2.2}{\376\377\000E\000s\000t\000r\000u\000c\000t\000u\000r\000a\000s\000\040\000d\000e\000\040\000a\000c\000e\000r\000o}{section.2.2}% 17
\BOOKMARK [2][-]{subsection.2.2.3}{\376\377\000E\000s\000t\000r\000u\000c\000t\000u\000r\000a\000s\000\040\000\050\000p\000r\000e\000f\000a\000b\000r\000i\000c\000a\000d\000a\000s\000\051\000\040\000d\000e\000\040\000h\000o\000r\000m\000i\000g\000\363\000n}{section.2.2}% 18
\BOOKMARK [1][-]{section.2.3}{\376\377\000E\000n\000v\000o\000l\000v\000e\000n\000t\000e\000s}{chapter.2}% 19
\BOOKMARK [2][-]{subsection.2.3.1}{\376\377\000F\000a\000c\000h\000a\000d\000a\000s}{section.2.3}% 20
\BOOKMARK [2][-]{subsection.2.3.2}{\376\377\000C\000u\000b\000i\000e\000r\000t\000a\000s}{section.2.3}% 21
\BOOKMARK [0][-]{chapter.3}{\376\377\000P\000l\000a\000n\000t\000a\000s\000\040\000i\000n\000d\000u\000s\000t\000r\000i\000a\000l\000e\000s}{}% 22
\BOOKMARK [1][-]{section.3.1}{\376\377\000I\000n\000t\000r\000o\000d\000u\000c\000c\000i\000\363\000n}{chapter.3}% 23
\BOOKMARK [1][-]{section.3.2}{\376\377\000I\000n\000g\000e\000n\000i\000e\000r\000\355\000a\000:\000\040\000P\000r\000o\000c\000e\000s\000o\000s\000,\000\040\000e\000q\000u\000i\000p\000o\000s\000\040\000y\000\040\000o\000b\000r\000a\000\040\000c\000i\000v\000i\000l}{chapter.3}% 24
\BOOKMARK [2][-]{subsection.3.2.1}{\376\377\000P\000r\000o\000c\000e\000s\000o}{section.3.2}% 25
\BOOKMARK [2][-]{subsection.3.2.2}{\376\377\000E\000q\000u\000i\000p\000o\000s}{section.3.2}% 26
\BOOKMARK [3][-]{subsubsection.3.2.2.1}{\376\377\000P\000r\000i\000n\000c\000i\000p\000a\000l\000e\000s}{subsection.3.2.2}% 27
\BOOKMARK [3][-]{subsubsection.3.2.2.2}{\376\377\000A\000u\000x\000i\000l\000i\000a\000r\000e\000s}{subsection.3.2.2}% 28
\BOOKMARK [3][-]{subsubsection.3.2.2.3}{\376\377\000P\000l\000a\000n\000t\000a\000s\000\040\000P\000a\000q\000u\000e\000t\000e}{subsection.3.2.2}% 29
\BOOKMARK [1][-]{section.3.3}{\376\377\000I\000n\000g\000e\000n\000i\000e\000r\000\355\000a\000:\000\040\000I\000m\000p\000l\000a\000n\000t\000a\000c\000i\000\363\000n\000\040\000y\000\040\000c\000o\000n\000t\000r\000o\000l}{chapter.3}% 30
\BOOKMARK [2][-]{subsection.3.3.1}{\376\377\000I\000m\000p\000l\000a\000n\000t\000a\000c\000i\000\363\000n}{section.3.3}% 31
\BOOKMARK [2][-]{subsection.3.3.2}{\376\377\000C\000o\000n\000t\000r\000o\000l}{section.3.3}% 32
\BOOKMARK [3][-]{subsubsection.3.3.2.1}{\376\377\000A\000u\000t\000o\000m\000a\000t\000i\000z\000a\000c\000i\000\363\000n\000\040\000-\000\040\000F\000u\000n\000c\000i\000\363\000n\000\040\000d\000e\000\040\000u\000n\000\040\000s\000i\000s\000t\000e\000m\000a\000\040\000d\000e\000\040\000c\000o\000n\000t\000r\000o\000l}{subsection.3.3.2}% 33
\BOOKMARK [3][-]{subsubsection.3.3.2.2}{\376\377\000S\000i\000s\000t\000e\000m\000a\000\040\000d\000e\000\040\000c\000o\000n\000t\000r\000o\000l\000\040\000d\000e\000\040\000u\000n\000a\000\040\000p\000l\000a\000n\000t\000a\000\040\000i\000n\000d\000u\000s\000t\000r\000i\000a\000l\000\040\000-\000\040\000a\000r\000q\000u\000i\000t\000e\000c\000t\000u\000r\000a\000\040\000y\000\040\000c\000o\000m\000p\000o\000n\000e\000n\000t\000e\000s\000\040\000d\000e\000l\000\040\000s\000i\000s\000t\000e\000m\000a\000\040\000d\000e\000\040\000c\000o\000n\000t\000r\000o\000l}{subsection.3.3.2}% 34
\BOOKMARK [3][-]{subsubsection.3.3.2.3}{\376\377\000S\000i\000s\000t\000e\000m\000a\000\040\000d\000e\000\040\000c\000o\000n\000t\000r\000o\000l\000\040\000d\000e\000\040\000u\000n\000a\000\040\000p\000a\000n\000t\000a\000\040\000i\000n\000d\000u\000s\000t\000r\000i\000a\000l\000\040\000-\000\040\000l\000\363\000g\000i\000c\000o\000s\000\040\000y\000\040\000a\000c\000c\000i\000o\000n\000e\000s\000\040\000d\000e\000\040\000c\000o\000n\000t\000r\000o\000l}{subsection.3.3.2}% 35
\BOOKMARK [3][-]{subsubsection.3.3.2.4}{\376\377\000E\000j\000e\000m\000p\000l\000o\000\040\000P\000\046\000I\000D\000:\000\040\000P\000i\000p\000i\000n\000g\000\040\000a\000n\000d\000\040\000I\000n\000s\000t\000r\000u\000m\000e\000n\000t\000a\000t\000i\000o\000n\000\040\000D\000i\000a\000g\000r\000a\000m}{subsection.3.3.2}% 36
\BOOKMARK [1][-]{section.3.4}{\376\377\000C\000o\000n\000s\000t\000r\000u\000c\000c\000i\000\363\000n\000:\000\040\000a\000c\000t\000i\000v\000i\000d\000a\000d\000e\000s\000\040\000p\000r\000e\000v\000i\000a\000s\000,\000\040\000c\000o\000m\000p\000r\000a\000s\000\040\000y\000\040\000p\000l\000a\000n\000i\000f\000i\000c\000a\000c\000i\000\363\000n}{chapter.3}% 37
\BOOKMARK [1][-]{section.3.5}{\376\377\000C\000o\000n\000s\000t\000r\000u\000c\000c\000i\000\363\000n\000:\000\040\000e\000j\000e\000c\000u\000c\000i\000\363\000n}{chapter.3}% 38
\BOOKMARK [1][-]{section.3.6}{\376\377\000M\000o\000d\000u\000l\000a\000r\000i\000z\000a\000c\000i\000\363\000n\000\040\000d\000e\000\040\000p\000l\000a\000n\000t\000a\000s\000.\000\040\000D\000i\000s\000e\000\361\000o\000\040\000e\000n\000\040\000m\000a\000q\000u\000e\000t\000a\000\040\0003\000d}{chapter.3}% 39
\BOOKMARK [1][-]{section.3.7}{\376\377\000I\000n\000t\000e\000l\000i\000g\000e\000n\000c\000i\000a\000\040\000a\000r\000t\000i\000f\000i\000c\000i\000a\000l\000\040\000e\000n\000\040\000l\000a\000\040\000i\000n\000d\000u\000s\000t\000r\000i\000a}{chapter.3}% 40
\BOOKMARK [1][-]{section.3.8}{\376\377\000P\000l\000a\000n\000t\000a\000s\000\040\000O\000f\000f\000s\000h\000o\000r\000e}{chapter.3}% 41
