\BOOKMARK [0][-]{chapter.1}{\376\377\000C\000o\000n\000t\000e\000x\000t\000u\000a\000l\000i\000z\000a\000c\000i\000\363\000n}{}% 1
\BOOKMARK [1][-]{section.1.1}{\376\377\000M\000a\000r\000c\000o\000\040\000L\000e\000g\000i\000s\000l\000a\000t\000i\000v\000o}{chapter.1}% 2
\BOOKMARK [1][-]{section.1.2}{\376\377\000R\000e\000a\000l\000\040\000D\000e\000c\000r\000e\000t\000o\000\040\0002\0002\0000\0000\000/\0001\0009\0009\0005\000:\000\040\000N\000o\000r\000m\000a\000l\000i\000z\000a\000c\000i\000\363\000n}{chapter.1}% 3
\BOOKMARK [0][-]{chapter.2}{\376\377\000C\000o\000n\000t\000r\000o\000l\000\040\000y\000\040\000V\000e\000r\000i\000f\000i\000c\000a\000c\000i\000\363\000n\000\040\000d\000e\000\040\000l\000a\000\040\000S\000e\000g\000u\000r\000i\000d\000a\000d\000\040\000e\000n\000\040\000P\000l\000a\000n\000t\000a\000s\000\040\000I\000n\000d\000u\000s\000t\000r\000i\000a\000l\000e\000s}{}% 4
\BOOKMARK [1][-]{section.2.1}{\376\377\000R\000i\000e\000s\000g\000o\000s\000:\000\040\000I\000d\000e\000n\000t\000i\000f\000i\000c\000a\000c\000i\000\363\000n\000\040\000y\000\040\000C\000o\000n\000s\000e\000c\000u\000e\000n\000c\000i\000a\000s}{chapter.2}% 5
\BOOKMARK [1][-]{section.2.2}{\376\377\000R\000i\000e\000s\000g\000o\000s\000:\000\040\000V\000u\000l\000n\000e\000r\000a\000b\000i\000l\000i\000d\000a\000d}{chapter.2}% 6
\BOOKMARK [1][-]{section.2.3}{\376\377\000F\000a\000c\000t\000o\000r\000e\000s\000\040\000H\000u\000m\000a\000n\000o\000s\000\040\000y\000\040\000O\000r\000g\000a\000n\000i\000z\000a\000t\000i\000v\000o\000s}{chapter.2}% 7
\BOOKMARK [1][-]{section.2.4}{\376\377\000A\000u\000d\000i\000t\000o\000r\000\355\000a\000s}{chapter.2}% 8
\BOOKMARK [0][-]{chapter.3}{\376\377\000E\000v\000a\000l\000u\000a\000c\000i\000\363\000n\000\040\000d\000e\000\040\000l\000a\000\040\000C\000a\000l\000i\000d\000a\000d\000\040\000I\000n\000d\000u\000s\000t\000r\000i\000a\000l}{}% 9
\BOOKMARK [1][-]{section.3.1}{\376\377\000R\000e\000a\000l\000\040\000D\000e\000c\000r\000e\000t\000o\000\040\0002\0002\0000\0000\000/\0001\0009\0009\0005\000:\000\040\000A\000c\000r\000e\000d\000i\000t\000a\000c\000i\000\363\000n\000,\000\040\000c\000e\000r\000t\000i\000f\000i\000c\000a\000c\000i\000\363\000n\000\040\000y\000\040\000l\000a\000b\000o\000r\000a\000t\000o\000r\000i\000o\000s\000\040\000d\000e\000\040\000e\000n\000s\000a\000y\000o}{chapter.3}% 10
\BOOKMARK [2][-]{subsection.3.1.1}{\376\377\000A\000c\000r\000e\000d\000i\000t\000a\000c\000i\000\363\000n}{section.3.1}% 11
\BOOKMARK [3][-]{subsubsection.3.1.1.1}{\376\377\000\277\000P\000o\000r\000\040\000q\000u\000\351\000\040\000e\000x\000i\000s\000t\000e\000?}{subsection.3.1.1}% 12
\BOOKMARK [3][-]{subsubsection.3.1.1.2}{\376\377\000E\000n\000t\000i\000d\000a\000d\000e\000s\000\040\000d\000e\000\040\000A\000c\000r\000e\000d\000i\000t\000a\000c\000i\000\363\000n}{subsection.3.1.1}% 13
\BOOKMARK [3][-]{subsubsection.3.1.1.3}{\376\377\000\277\000P\000o\000r\000\040\000q\000u\000\351\000\040\000e\000x\000i\000s\000t\000e\000n\000\040\000l\000o\000s\000\040\000E\000v\000a\000l\000u\000a\000d\000o\000r\000e\000s\000\040\000d\000e\000\040\000l\000a\000\040\000C\000o\000n\000f\000o\000r\000m\000i\000d\000a\000d\000?}{subsection.3.1.1}% 14
\BOOKMARK [3][-]{subsubsection.3.1.1.4}{\376\377\000\277\000C\000u\000\341\000l\000\040\000e\000s\000\040\000e\000l\000\040\000p\000r\000o\000c\000e\000s\000o\000\040\000d\000e\000\040\000u\000n\000a\000\040\000a\000c\000r\000e\000d\000i\000t\000a\000c\000i\000\363\000n\000?}{subsection.3.1.1}% 15
\BOOKMARK [2][-]{subsection.3.1.2}{\376\377\000C\000e\000r\000t\000i\000f\000i\000c\000a\000c\000i\000\363\000n}{section.3.1}% 16
\BOOKMARK [3][-]{subsubsection.3.1.2.1}{\376\377\000\277\000P\000o\000r\000\040\000q\000u\000\351\000\040\000s\000e\000\040\000h\000a\000c\000e\000?}{subsection.3.1.2}% 17
\BOOKMARK [3][-]{subsubsection.3.1.2.2}{\376\377\000\277\000Q\000u\000\351\000\040\000s\000e\000\040\000c\000e\000r\000t\000i\000f\000i\000c\000a\000?}{subsection.3.1.2}% 18
\BOOKMARK [3][-]{subsubsection.3.1.2.3}{\376\377\000\277\000C\000\363\000m\000o\000\040\000s\000e\000\040\000h\000a\000c\000e\000?}{subsection.3.1.2}% 19
\BOOKMARK [4][-]{subsubsubsection.3.1.2.3.1}{\376\377\000C\000e\000r\000t\000i\000f\000i\000c\000a\000c\000i\000\363\000n\000\040\000d\000e\000\040\000S\000i\000s\000t\000e\000m\000a\000s\000\040\000d\000e\000\040\000C\000a\000l\000i\000d\000a\000d}{subsubsection.3.1.2.3}% 20
\BOOKMARK [4][-]{subsubsubsection.3.1.2.3.2}{\376\377\000C\000e\000r\000t\000i\000f\000i\000c\000a\000c\000i\000\363\000n\000\040\000d\000e\000\040\000P\000r\000o\000d\000u\000c\000t\000o\000s}{subsubsection.3.1.2.3}% 21
\BOOKMARK [2][-]{subsection.3.1.3}{\376\377\000L\000a\000b\000o\000r\000a\000t\000o\000r\000i\000o\000s\000\040\000d\000e\000\040\000E\000n\000s\000a\000y\000o}{section.3.1}% 22
\BOOKMARK [1][-]{section.3.2}{\376\377\000D\000i\000r\000e\000c\000t\000i\000v\000a\000s\000\040\000d\000e\000\040\000N\000u\000e\000v\000o\000\040\000E\000n\000f\000o\000q\000u\000e\000.\000\040\000E\000v\000a\000l\000u\000a\000c\000i\000\363\000n\000\040\000d\000e\000\040\000l\000a\000\040\000c\000o\000n\000f\000o\000r\000m\000i\000d\000a\000d}{chapter.3}% 23
\BOOKMARK [1][-]{section.3.3}{\376\377\000E\000l\000\040\000m\000a\000r\000c\000a\000d\000o\000\040\000C\000E}{chapter.3}% 24
\BOOKMARK [1][-]{section.3.4}{\376\377\000C\000a\000m\000p\000a\000\361\000a\000s\000\040\000d\000e\000\040\000c\000o\000n\000t\000r\000o\000l\000\040\000r\000e\000g\000l\000a\000m\000e\000n\000t\000a\000r\000i\000o}{chapter.3}% 25
