\BOOKMARK [1][-]{Doc-Start}{\376\377\000A\000G\000R\000A\000D\000E\000C\000I\000M\000I\000E\000N\000T\000O\000S}{}% 1
\BOOKMARK [1][-]{Doc-Start}{\376\377\000R\000E\000S\000U\000M\000E\000N\000\040\000E\000J\000E\000C\000U\000T\000I\000V\000O}{}% 2
\BOOKMARK [1][-]{figure.caption.1}{\376\377\000\315\000N\000D\000I\000C\000E\000\040\000D\000E\000\040\000T\000A\000B\000L\000A\000S}{}% 3
\BOOKMARK [1][-]{figure.caption.1}{\376\377\000\315\000N\000D\000I\000C\000E\000\040\000D\000E\000\040\000F\000I\000G\000U\000R\000A\000S}{}% 4
\BOOKMARK [1][-]{figure.caption.1}{\376\377\000\315\000N\000D\000I\000C\000E\000\040\000D\000E\000\040\000C\000\323\000D\000I\000G\000O\000S}{}% 5
\BOOKMARK [1][-]{section.1}{\376\377\000T\000\315\000T\000U\000L\000O\000S}{}% 6
\BOOKMARK [2][-]{subsection.1.1}{\376\377\000P\000r\000o\000f\000u\000n\000d\000i\000d\000a\000d\000\040\0002}{section.1}% 7
\BOOKMARK [3][-]{subsubsection.1.1.1}{\376\377\000P\000r\000o\000f\000u\000n\000d\000i\000d\000a\000d\000\040\0003}{subsection.1.1}% 8
\BOOKMARK [4][-]{paragraph.1.1.1.1}{\376\377\000P\000r\000o\000f\000u\000n\000d\000i\000d\000a\000d\000\040\0004}{subsubsection.1.1.1}% 9
\BOOKMARK [2][-]{subsection.1.2}{\376\377\000F\000o\000r\000m\000a\000t\000o\000\040\000y\000\040\000n\000u\000m\000e\000r\000a\000c\000i\000\363\000n}{section.1}% 10
\BOOKMARK [2][-]{subsection.1.2}{\376\377\000T\000\355\000t\000u\000l\000o\000\040\000s\000i\000n\000\040\000n\000u\000m\000e\000r\000a\000r}{section.1}% 11
\BOOKMARK [2][-]{subsection.1.3}{\376\377\000R\000e\000f\000e\000r\000e\000n\000c\000i\000a\000s\000\040\000c\000o\000n\000\040\000e\000l\000\040\000c\000o\000m\000a\000n\000d\000o\000\040\000\134\000l\000a\000b\000e\000l}{section.1}% 12
\BOOKMARK [1][-]{section.2}{\376\377\000F\000O\000R\000M\000A\000T\000O\000\040\000D\000E\000\040\000T\000E\000X\000T\000O}{}% 13
\BOOKMARK [2][-]{subsection.2.1}{\376\377\000T\000a\000m\000a\000\361\000o\000\040\000d\000e\000\040\000f\000u\000e\000n\000t\000e}{section.2}% 14
\BOOKMARK [2][-]{subsection.2.2}{\376\377\000C\000o\000l\000o\000r}{section.2}% 15
\BOOKMARK [2][-]{subsection.2.3}{\376\377\000E\000s\000p\000a\000c\000i\000a\000d\000o}{section.2}% 16
\BOOKMARK [2][-]{subsection.2.4}{\376\377\000L\000i\000s\000t\000a\000s}{section.2}% 17
\BOOKMARK [3][-]{subsubsection.2.4.1}{\376\377\000L\000i\000s\000t\000a\000s\000\040\000n\000o\000\040\000n\000u\000m\000e\000r\000a\000d\000a\000s}{subsection.2.4}% 18
\BOOKMARK [3][-]{subsubsection.2.4.2}{\376\377\000L\000i\000s\000t\000a\000s\000\040\000n\000u\000m\000e\000r\000a\000d\000a\000s}{subsection.2.4}% 19
\BOOKMARK [3][-]{subsubsection.2.4.3}{\376\377\000L\000i\000s\000t\000a\000s\000\040\000c\000o\000m\000b\000i\000n\000a\000d\000a\000s}{subsection.2.4}% 20
\BOOKMARK [3][-]{subsubsection.2.4.4}{\376\377\000F\000o\000r\000m\000a\000t\000o\000\040\000d\000e\000\040\000l\000a\000s\000\040\000l\000i\000s\000t\000a\000s}{subsection.2.4}% 21
\BOOKMARK [1][-]{section.3}{\376\377\000T\000A\000B\000L\000A\000S}{}% 22
\BOOKMARK [2][-]{subsection.3.1}{\376\377\000P\000o\000s\000i\000c\000i\000o\000n\000a\000m\000i\000e\000n\000t\000o}{section.3}% 23
\BOOKMARK [2][-]{subsection.3.2}{\376\377\000E\000n\000t\000o\000r\000n\000o\000\040\000\134\000l\000o\000n\000g\000t\000a\000b\000l\000e}{section.3}% 24
\BOOKMARK [1][-]{section.4}{\376\377\000I\000M\000\301\000G\000E\000N\000E\000S}{}% 25
\BOOKMARK [1][-]{section.5}{\376\377\000E\000C\000U\000A\000C\000I\000O\000N\000E\000S}{}% 26
\BOOKMARK [2][-]{subsection.5.1}{\376\377\000E\000c\000u\000a\000c\000i\000o\000n\000e\000s\000\040\000e\000n\000\040\000e\000l\000\040\000t\000e\000x\000t\000o}{section.5}% 27
\BOOKMARK [2][-]{subsection.5.2}{\376\377\000E\000n\000t\000o\000r\000n\000o\000\040\000\134\000s\000p\000l\000i\000t}{section.5}% 28
\BOOKMARK [2][-]{subsection.5.3}{\376\377\000L\000a\000\040\000h\000e\000r\000r\000a\000m\000i\000e\000n\000t\000a\000\040\000M\000a\000t\000h\000p\000i\000x}{section.5}% 29
\BOOKMARK [1][-]{section.6}{\376\377\000G\000R\000\301\000F\000I\000C\000A\000S}{}% 30
\BOOKMARK [2][-]{subsection.6.1}{\376\377\000G\000r\000\341\000f\000i\000c\000a\000s\000\040\000P\000G\000F}{section.6}% 31
\BOOKMARK [2][-]{subsection.6.2}{\376\377\000G\000r\000\341\000f\000i\000c\000a\000s\000\040\000T\000i\000k\000Z}{section.6}% 32
\BOOKMARK [2][-]{subsection.6.3}{\376\377\000G\000e\000o\000g\000e\000b\000r\000a}{section.6}% 33
\BOOKMARK [1][-]{section.7}{\376\377\000D\000I\000A\000G\000R\000A\000M\000A\000S\000\040\000C\000O\000N\000\040\000T\000I\000K\000Z}{}% 34
\BOOKMARK [2][-]{subsection.7.1}{\376\377\000D\000o\000s\000\040\000e\000j\000e\000m\000p\000l\000o\000s\000\040\000s\000e\000n\000c\000i\000l\000l\000o\000s}{section.7}% 35
\BOOKMARK [3][-]{subsubsection.7.1.1}{\376\377\000D\000i\000a\000g\000r\000a\000m\000a\000\040\000d\000e\000\040\000b\000l\000o\000q\000u\000e\000s}{subsection.7.1}% 36
\BOOKMARK [3][-]{subsubsection.7.1.2}{\376\377\000C\000i\000r\000c\000u\000i\000t\000o\000\040\000e\000l\000\351\000c\000t\000r\000i\000c\000o}{subsection.7.1}% 37
\BOOKMARK [2][-]{subsection.7.2}{\376\377\000P\000l\000a\000n\000t\000i\000l\000l\000a\000\040\000d\000e\000\040\000E\000D\000P}{section.7}% 38
\BOOKMARK [1][-]{section.8}{\376\377\000D\000I\000A\000G\000R\000A\000M\000A\000S\000\040\000D\000E\000\040\000G\000A\000N\000T\000T}{}% 39
\BOOKMARK [2][-]{subsection.8.1}{\376\377\000G\000a\000n\000t\000t\000\040\000c\000o\000n\000\040\000f\000e\000c\000h\000a\000s\000\040\000i\000n\000t\000r\000o\000d\000u\000c\000i\000d\000a\000s\000\040\000m\000a\000n\000u\000a\000l\000m\000e\000n\000t\000e}{section.8}% 40
\BOOKMARK [2][-]{subsection.8.2}{\376\377\000G\000a\000n\000t\000t\000\040\000c\000o\000n\000\040\000f\000e\000c\000h\000a\000s\000\040\000a\000u\000t\000o\000m\000\341\000t\000i\000c\000a\000s}{section.8}% 41
\BOOKMARK [1][-]{section.9}{\376\377\000C\000\323\000D\000I\000G\000O}{}% 42
\BOOKMARK [1][-]{code.caption.12}{\376\377\000A\000N\000E\000X\000O\000S}{}% 43
\BOOKMARK [2][-]{subsection.9.1}{\376\377\000P\000r\000i\000m\000e\000r\000\040\000a\000n\000e\000x\000o}{code.caption.12}% 44
\BOOKMARK [2][-]{subsection.9.2}{\376\377\000S\000e\000g\000u\000n\000d\000o\000\040\000a\000n\000e\000x\000o}{code.caption.12}% 45
