This is XeTeX, Version 3.141592653-2.6-0.999996 (TeX Live 2024) (preloaded format=xelatex 2024.10.9)  22 DEC 2025 20:11
entering extended mode
 restricted \write18 enabled.
 file:line:error style messages enabled.
 %&-line parsing enabled.
**"c:/Users/merce/Documents/GitHub/LaTeX/GIEI 4/Proyecto Técnico Carpintería de Madera/main"
(c:/Users/merce/Documents/GitHub/LaTeX/GIEI 4/Proyecto Técnico Carpintería de Madera/main.tex
LaTeX2e <2024-06-01> patch level 2
L3 programming layer <2024-09-10>
(c:/texlive/2024/texmf-dist/tex/latex/base/report.cls
Document Class: report 2024/02/08 v1.4n Standard LaTeX document class
(c:/texlive/2024/texmf-dist/tex/latex/base/size11.clo
File: size11.clo 2024/02/08 v1.4n Standard LaTeX file (size option)
)
\c@part=\count190
\c@chapter=\count191
\c@section=\count192
\c@subsection=\count193
\c@subsubsection=\count194
\c@paragraph=\count195
\c@subparagraph=\count196
\c@figure=\count197
\c@table=\count198
\abovecaptionskip=\skip49
\belowcaptionskip=\skip50
\bibindent=\dimen141
) (c:/texlive/2024/texmf-dist/tex/latex/graphics/graphicx.sty
Package: graphicx 2021/09/16 v1.2d Enhanced LaTeX Graphics (DPC,SPQR)
 (c:/texlive/2024/texmf-dist/tex/latex/graphics/keyval.sty
Package: keyval 2022/05/29 v1.15 key=value parser (DPC)
\KV@toks@=\toks17
) (c:/texlive/2024/texmf-dist/tex/latex/graphics/graphics.sty
Package: graphics 2024/05/23 v1.4g Standard LaTeX Graphics (DPC,SPQR)
 (c:/texlive/2024/texmf-dist/tex/latex/graphics/trig.sty
Package: trig 2023/12/02 v1.11 sin cos tan (DPC)
) (c:/texlive/2024/texmf-dist/tex/latex/graphics-cfg/graphics.cfg
File: graphics.cfg 2016/06/04 v1.11 sample graphics configuration
)
Package graphics Info: Driver file: xetex.def on input line 106.
 (c:/texlive/2024/texmf-dist/tex/latex/graphics-def/xetex.def
File: xetex.def 2022/09/22 v5.0n Graphics/color driver for xetex
))
\Gin@req@height=\dimen142
\Gin@req@width=\dimen143
) (c:/texlive/2024/texmf-dist/tex/generic/babel/babel.sty
Package: babel 2024/10/05 v24.11 The Babel package
\babel@savecnt=\count199
\U@D=\dimen144
\l@unhyphenated=\language89
 (c:/texlive/2024/texmf-dist/tex/generic/babel/xebabel.def)
\bbl@readstream=\read2
\bbl@dirlevel=\count266
 (c:/texlive/2024/texmf-dist/tex/generic/babel-spanish/spanish.ldf
Language: spanish.ldf 2021/05/27 v5.0q Spanish support from the babel system
\es@quottoks=\toks18
\es@quotdepth=\count267
Package babel Info: Making " an active character on input line 570.
Package babel Info: Making . an active character on input line 675.
Package babel Info: Making < an active character on input line 722.
Package babel Info: Making > an active character on input line 722.
)) (c:/texlive/2024/texmf-dist/tex/generic/babel/locale/es/babel-spanish.tex
Package babel Info: Importing font and identification data for spanish
(babel)             from babel-es.ini. Reported on input line 11.
) (c:/texlive/2024/texmf-dist/tex/latex/geometry/geometry.sty
Package: geometry 2020/01/02 v5.9 Page Geometry
 (c:/texlive/2024/texmf-dist/tex/generic/iftex/ifvtex.sty
Package: ifvtex 2019/10/25 v1.7 ifvtex legacy package. Use iftex instead.
 (c:/texlive/2024/texmf-dist/tex/generic/iftex/iftex.sty
Package: iftex 2022/02/03 v1.0f TeX engine tests
))
\Gm@cnth=\count268
\Gm@cntv=\count269
\c@Gm@tempcnt=\count270
\Gm@bindingoffset=\dimen145
\Gm@wd@mp=\dimen146
\Gm@odd@mp=\dimen147
\Gm@even@mp=\dimen148
\Gm@layoutwidth=\dimen149
\Gm@layoutheight=\dimen150
\Gm@layouthoffset=\dimen151
\Gm@layoutvoffset=\dimen152
\Gm@dimlist=\toks19
) (c:/texlive/2024/texmf-dist/tex/latex/subfiles/subfiles.sty
Package: subfiles 2020/11/14 v2.2 Multi-file projects (package)
 (c:/texlive/2024/texmf-dist/tex/latex/import/import.sty
Package: import 2020/04/01  v 6.2
)) (c:/texlive/2024/texmf-dist/tex/latex/caption/subcaption.sty
Package: subcaption 2023/07/28 v1.6b Sub-captions (AR)
 (c:/texlive/2024/texmf-dist/tex/latex/caption/caption.sty
Package: caption 2023/08/05 v3.6o Customizing captions (AR)
 (c:/texlive/2024/texmf-dist/tex/latex/caption/caption3.sty
Package: caption3 2023/07/31 v2.4d caption3 kernel (AR)
\caption@tempdima=\dimen153
\captionmargin=\dimen154
\caption@leftmargin=\dimen155
\caption@rightmargin=\dimen156
\caption@width=\dimen157
\caption@indent=\dimen158
\caption@parindent=\dimen159
\caption@hangindent=\dimen160
Package caption Info: Standard document class detected.
)
\c@caption@flags=\count271
\c@continuedfloat=\count272
)
Package caption Info: New subtype `subfigure' on input line 238.
\c@subfigure=\count273
Package caption Info: New subtype `subtable' on input line 238.
\c@subtable=\count274
) (c:/texlive/2024/texmf-dist/tex/latex/lastpage/lastpage.sty
Package: lastpage 2024/07/07 v2.1c lastpage: 2.09 or 2e? (HMM)
 (c:/texlive/2024/texmf-dist/tex/latex/lastpage/lastpage2e.sty
Package: lastpage2e 2024/07/07 v2.1c Decide which 2e lastpage version to use (HMM)
 (c:/texlive/2024/texmf-dist/tex/latex/lastpage/lastpagemodern.sty
Package: lastpagemodern 2024-07-07 v2.1c Refers to last page's name (HMM; JPG)
\c@lastpagecount=\count275
) 
)) (c:/texlive/2024/texmf-dist/tex/latex/fancyhdr/fancyhdr.sty
Package: fancyhdr 2024/07/23 v4.3.1 Extensive control of page headers and footers
\f@nch@headwidth=\skip51
\f@nch@O@elh=\skip52
\f@nch@O@erh=\skip53
\f@nch@O@olh=\skip54
\f@nch@O@orh=\skip55
\f@nch@O@elf=\skip56
\f@nch@O@erf=\skip57
\f@nch@O@olf=\skip58
\f@nch@O@orf=\skip59
) (c:/texlive/2024/texmf-dist/tex/latex/pdfpages/pdfpages.sty
Package: pdfpages 2024/08/20 v0.6b Insert pages of external PDF documents (AM)
 (c:/texlive/2024/texmf-dist/tex/latex/base/ifthen.sty
Package: ifthen 2024/03/16 v1.1e Standard LaTeX ifthen package (DPC)
) (c:/texlive/2024/texmf-dist/tex/latex/tools/calc.sty
Package: calc 2023/07/08 v4.3 Infix arithmetic (KKT,FJ)
\calc@Acount=\count276
\calc@Bcount=\count277
\calc@Adimen=\dimen161
\calc@Bdimen=\dimen162
\calc@Askip=\skip60
\calc@Bskip=\skip61
LaTeX Info: Redefining \setlength on input line 80.
LaTeX Info: Redefining \addtolength on input line 81.
\calc@Ccount=\count278
\calc@Cskip=\skip62
) (c:/texlive/2024/texmf-dist/tex/latex/eso-pic/eso-pic.sty
Package: eso-pic 2023/05/03 v3.0c eso-pic (RN)
\ESO@tempdima=\dimen163
\ESO@tempdimb=\dimen164
 (c:/texlive/2024/texmf-dist/tex/latex/xcolor/xcolor.sty
Package: xcolor 2024/09/29 v3.02 LaTeX color extensions (UK)
 (c:/texlive/2024/texmf-dist/tex/latex/graphics-cfg/color.cfg
File: color.cfg 2016/01/02 v1.6 sample color configuration
)
Package xcolor Info: Driver file: xetex.def on input line 274.
 (c:/texlive/2024/texmf-dist/tex/latex/graphics/mathcolor.ltx)
Package xcolor Info: Model `cmy' substituted by `cmy0' on input line 1349.
Package xcolor Info: Model `RGB' extended on input line 1365.
Package xcolor Info: Model `HTML' substituted by `rgb' on input line 1367.
Package xcolor Info: Model `Hsb' substituted by `hsb' on input line 1368.
Package xcolor Info: Model `tHsb' substituted by `hsb' on input line 1369.
Package xcolor Info: Model `HSB' substituted by `hsb' on input line 1370.
Package xcolor Info: Model `Gray' substituted by `gray' on input line 1371.
Package xcolor Info: Model `wave' substituted by `hsb' on input line 1372.
))
\AM@pagewidth=\dimen165
\AM@pageheight=\dimen166
\AM@fboxrule=\dimen167
 (c:/texlive/2024/texmf-dist/tex/latex/pdfpages/ppxetex.def
File: ppxetex.def 2024/08/20 v0.6b Pdfpages driver for XeTeX (AM)
)
\pdfpages@includegraphics@status=\count279
\AM@pagebox=\box52
\AM@global@opts=\toks20
\AM@pagecnt=\count280
\AM@toc@title=\toks21
\AM@lof@heading=\toks22
\c@AM@survey=\count281
\AM@templatesizebox=\box53
) (c:/texlive/2024/texmf-dist/tex/latex/tableof/tableof.sty
Package: tableof 2024/09/17 v1.4d Tables of tagged contents (JFB)
 (c:/texlive/2024/texmf-dist/tex/latex/base/atveryend-ltx.sty
Package: atveryend-ltx 2020/08/19 v1.0a Emulation of the original atveryend package
with kernel methods
)
\tof@toctoks=\toks23
) (c:/texlive/2024/texmf-dist/tex/latex/float/float.sty
Package: float 2001/11/08 v1.3d Float enhancements (AL)
\c@float@type=\count282
\float@exts=\toks24
\float@box=\box54
\@float@everytoks=\toks25
\@floatcapt=\box55
) (c:/texlive/2024/texmf-dist/tex/latex/l3backend/l3backend-xetex.def
File: l3backend-xetex.def 2024-05-08 L3 backend support: XeTeX
\g__graphics_track_int=\count283
\l__pdf_internal_box=\box56
\g__pdf_backend_annotation_int=\count284
\g__pdf_backend_link_int=\count285
)
No file main.aux.
\openout1 = `main.aux'.

LaTeX Font Info:    Checking defaults for OML/cmm/m/it on input line 34.
LaTeX Font Info:    ... okay on input line 34.
LaTeX Font Info:    Checking defaults for OMS/cmsy/m/n on input line 34.
LaTeX Font Info:    ... okay on input line 34.
LaTeX Font Info:    Checking defaults for OT1/cmr/m/n on input line 34.
LaTeX Font Info:    ... okay on input line 34.
LaTeX Font Info:    Checking defaults for T1/cmr/m/n on input line 34.
LaTeX Font Info:    ... okay on input line 34.
LaTeX Font Info:    Checking defaults for TS1/cmr/m/n on input line 34.
LaTeX Font Info:    Trying to load font information for TS1+cmr on input line 34.
(c:/texlive/2024/texmf-dist/tex/latex/base/ts1cmr.fd
File: ts1cmr.fd 2023/04/13 v2.5m Standard LaTeX font definitions
)
LaTeX Font Info:    ... okay on input line 34.
LaTeX Font Info:    Checking defaults for TU/lmr/m/n on input line 34.
LaTeX Font Info:    ... okay on input line 34.
LaTeX Font Info:    Checking defaults for OMX/cmex/m/n on input line 34.
LaTeX Font Info:    ... okay on input line 34.
LaTeX Font Info:    Checking defaults for U/cmr/m/n on input line 34.
LaTeX Font Info:    ... okay on input line 34.
LaTeX Info: Redefining \. on input line 34.
LaTeX Info: Redefining \% on input line 34.

*geometry* driver: auto-detecting
*geometry* detected driver: xetex
*geometry* verbose mode - [ preamble ] result:
* driver: xetex
* paper: letterpaper
* layout: <same size as paper>
* layoutoffset:(h,v)=(0.0pt,0.0pt)
* modes: 
* h-part:(L,W,R)=(85.35826pt, 486.25761pt, 42.67912pt)
* v-part:(T,H,B)=(56.9055pt, 681.15898pt, 56.9055pt)
* \paperwidth=614.295pt
* \paperheight=794.96999pt
* \textwidth=486.25761pt
* \textheight=681.15898pt
* \oddsidemargin=13.08827pt
* \evensidemargin=13.08827pt
* \topmargin=-52.36449pt
* \headheight=12.0pt
* \headsep=25.0pt
* \topskip=11.0pt
* \footskip=30.0pt
* \marginparwidth=49.79231pt
* \marginparsep=10.0pt
* \columnsep=10.0pt
* \skip\footins=10.0pt plus 4.0pt minus 2.0pt
* \hoffset=0.0pt
* \voffset=0.0pt
* \mag=1000
* \@twocolumnfalse
* \@twosidefalse
* \@mparswitchfalse
* \@reversemarginfalse
* (1in=72.27pt=25.4mm, 1cm=28.453pt)

Package caption Info: Begin \AtBeginDocument code.
Package caption Info: float package is loaded.
Package caption Info: End \AtBeginDocument code.
(c:/texlive/2024/texmf-dist/tex/latex/pdflscape/pdflscape.sty
Package: pdflscape 2022-10-27 v0.13 Display of landscape pages in PDF
 (c:/texlive/2024/texmf-dist/tex/latex/pdflscape/pdflscape-nometadata.sty
Package: pdflscape-nometadata 2022-10-28 v0.13 Display of landscape pages in PDF (HO)
 (c:/texlive/2024/texmf-dist/tex/latex/graphics/lscape.sty
Package: lscape 2020/05/28 v3.02 Landscape Pages (DPC)
)
Package pdflscape Info: Auto-detected driver: dvipdfm (xetex) on input line 98.
))
File: Imagenes/Logo UMA.jpg Graphic file (type bmp)
<Imagenes/Logo UMA.jpg>


[1

] (./Documentos basicos/Indice General.tex
File: Imagenes/Logo UMA.jpg Graphic file (type bmp)
<Imagenes/Logo UMA.jpg>


[1]
No file main.toc.
\tf@toc=\write3
\openout3 = `main.toc'.

) (./Documentos basicos/Memoria.tex

[2

]
File: Imagenes/Logo UMA.jpg Graphic file (type bmp)
<Imagenes/Logo UMA.jpg>


[3]

[4

]
LaTeX Font Info:    External font `cmex10' loaded for size
(Font)              <10.95> on input line 48.
LaTeX Font Info:    External font `cmex10' loaded for size
(Font)              <8> on input line 48.
LaTeX Font Info:    External font `cmex10' loaded for size
(Font)              <6> on input line 48.


[5]

[6]

[7]

[8]

[9]

[10]

[11]
File: Imagenes/Combinada5Operaciones.png Graphic file (type bmp)
<Imagenes/Combinada5Operaciones.png>
File: Imagenes/CNCGrande.png Graphic file (type bmp)
<Imagenes/CNCGrande.png>
File: Imagenes/CNCPequena.png Graphic file (type bmp)
<Imagenes/CNCPequena.png>


[12]
File: Imagenes/Lijadora.png Graphic file (type bmp)
<Imagenes/Lijadora.png>
File: Imagenes/SeccionadoraVertical.png Graphic file (type bmp)
<Imagenes/SeccionadoraVertical.png>


[13]
File: Imagenes/Briquetadora.png Graphic file (type bmp)
<Imagenes/Briquetadora.png>
File: Imagenes/MesaTrabajo.png Graphic file (type bmp)
<Imagenes/MesaTrabajo.png>


[14]
File: Imagenes/GrupoAspiracion.png Graphic file (type bmp)
<Imagenes/GrupoAspiracion.png>


[15]

[16]

[17]

[18]

[19]

[20]
File: Imagenes/Lista de luminarias.png Graphic file (type bmp)
<Imagenes/Lista de luminarias.png>


[21]

[22]

[23]
File: Imagenes/Planificacion.png Graphic file (type bmp)
<Imagenes/Planificacion.png>


[24]) (./Documentos basicos/Anexos.tex

[25]
File: Imagenes/Logo UMA.jpg Graphic file (type bmp)
<Imagenes/Logo UMA.jpg>


[26]

[27

] (./Documentos basicos/Anexos/Anexo I Instalacion de Fontaneria.tex
File: Imagenes/Logo UMA.jpg Graphic file (type bmp)
<Imagenes/Logo UMA.jpg>


[28]

[29]

[30]

[31]

[32]

[33]

[34]
File: Imagenes/DepositoAuxiliarAgua.png Graphic file (type bmp)
<Imagenes/DepositoAuxiliarAgua.png>
File: Imagenes/BombaAgua.png Graphic file (type bmp)
<Imagenes/BombaAgua.png>


[35]
File: Imagenes/Vaso de Expansion.png Graphic file (type bmp)
<Imagenes/Vaso de Expansion.png>


[36]
File: Imagenes/Termo.png Graphic file (type bmp)
<Imagenes/Termo.png>
) (./Documentos basicos/Anexos/Anexo II Saneamiento.tex

[37]
File: Imagenes/Logo UMA.jpg Graphic file (type bmp)
<Imagenes/Logo UMA.jpg>


[38]
File: Imagenes/detalleisoyetas.png Graphic file (type bmp)
<Imagenes/detalleisoyetas.png>


[39]

[40]

[41]

[42]

[43]) (./Documentos basicos/Anexos/Anexo III Iluminacion.tex

[44]
File: Imagenes/Logo UMA.jpg Graphic file (type bmp)
<Imagenes/Logo UMA.jpg>


[45]

[46]
File: Imagenes/Lista de luminarias.png Graphic file (type bmp)
<Imagenes/Lista de luminarias.png>
File: Imagenes/Iluminacion Planta Produccion.png Graphic file (type bmp)
<Imagenes/Iluminacion Planta Produccion.png>


[47]
File: Imagenes/Resultados Iluminacion Planta de Produccion.png Graphic file (type bmp)
<Imagenes/Resultados Iluminacion Planta de Produccion.png>
File: Imagenes/Iluminacion Bano Femenino.png Graphic file (type bmp)
<Imagenes/Iluminacion Bano Femenino.png>


[48]
File: Imagenes/Resultados Iluminacion Bano Femenino.png Graphic file (type bmp)
<Imagenes/Resultados Iluminacion Bano Femenino.png>
File: Imagenes/Iluminacion Bano Masculino.png Graphic file (type bmp)
<Imagenes/Iluminacion Bano Masculino.png>


[49]
File: Imagenes/Resultados Iluminacion Bano Masculino.png Graphic file (type bmp)
<Imagenes/Resultados Iluminacion Bano Masculino.png>
File: Imagenes/Iluminacion Bano Minusvalidos.png Graphic file (type bmp)
<Imagenes/Iluminacion Bano Minusvalidos.png>


[50]
File: Imagenes/Resultados Iluminacion Bano Minusvalidos.png Graphic file (type bmp)
<Imagenes/Resultados Iluminacion Bano Minusvalidos.png>
File: Imagenes/Iluminacion Zona Exposicion.png Graphic file (type bmp)
<Imagenes/Iluminacion Zona Exposicion.png>


[51]
File: Imagenes/Resultados Iluminacion Zona Exposicion.png Graphic file (type bmp)
<Imagenes/Resultados Iluminacion Zona Exposicion.png>
File: Imagenes/Iluminacion Oficina.png Graphic file (type bmp)
<Imagenes/Iluminacion Oficina.png>


[52]
File: Imagenes/Resultados Iluminacion Oficina.png Graphic file (type bmp)
<Imagenes/Resultados Iluminacion Oficina.png>
File: Imagenes/Iluminacion Almacen.png Graphic file (type bmp)
<Imagenes/Iluminacion Almacen.png>


[53]
File: Imagenes/Resultados Iluminacion Almacen.png Graphic file (type bmp)
<Imagenes/Resultados Iluminacion Almacen.png>
File: Imagenes/Iluminacion Vestuario Femenino.png Graphic file (type bmp)
<Imagenes/Iluminacion Vestuario Femenino.png>


[54]
File: Imagenes/Resultados Iluminacion Vestuario Femenino.png Graphic file (type bmp)
<Imagenes/Resultados Iluminacion Vestuario Femenino.png>
File: Imagenes/Iluminacion Vestuario Masculino.png Graphic file (type bmp)
<Imagenes/Iluminacion Vestuario Masculino.png>


[55]
File: Imagenes/Resultados Iluminacion Vestuario Masculino.png Graphic file (type bmp)
<Imagenes/Resultados Iluminacion Vestuario Masculino.png>
File: Imagenes/Iluminacion Zona Descanso.png Graphic file (type bmp)
<Imagenes/Iluminacion Zona Descanso.png>


[56]
File: Imagenes/Resultados Iluminacion Zona Descanso.png Graphic file (type bmp)
<Imagenes/Resultados Iluminacion Zona Descanso.png>
File: Otros/Philips - CoreLine Downlight gen5.pdf Graphic file (type pdf)
<use Otros/Philips - CoreLine Downlight gen5.pdf>
File: Otros/Philips - CoreLine Downlight gen5.pdf Graphic file (type pdf)
<use Otros/Philips - CoreLine Downlight gen5.pdf>
File: Otros/Philips - CoreLine Downlight gen5.pdf Graphic file (type pdf)
<use Otros/Philips - CoreLine Downlight gen5.pdf, page 1>
File: Otros/Philips - CoreLine Downlight gen5.pdf Graphic file (type pdf)
<use Otros/Philips - CoreLine Downlight gen5.pdf, page 1>


[57]
File: Otros/Philips - CoreLine Downlight gen5.pdf Graphic file (type pdf)
<use Otros/Philips - CoreLine Downlight gen5.pdf, page 1>
File: Otros/Philips - CoreLine Downlight gen5.pdf Graphic file (type pdf)
<use Otros/Philips - CoreLine Downlight gen5.pdf, page 1>


File: Otros/Philips - CoreLine Downlight gen5.pdf Graphic file (type pdf)
<use Otros/Philips - CoreLine Downlight gen5.pdf, page 1>
[58

]
File: Otros/Philips - RC132V G5 All-in PSU W60L60.pdf Graphic file (type pdf)
<use Otros/Philips - RC132V G5 All-in PSU W60L60.pdf>
File: Otros/Philips - RC132V G5 All-in PSU W60L60.pdf Graphic file (type pdf)
<use Otros/Philips - RC132V G5 All-in PSU W60L60.pdf>
File: Otros/Philips - RC132V G5 All-in PSU W60L60.pdf Graphic file (type pdf)
<use Otros/Philips - RC132V G5 All-in PSU W60L60.pdf, page 1>
File: Otros/Philips - RC132V G5 All-in PSU W60L60.pdf Graphic file (type pdf)
<use Otros/Philips - RC132V G5 All-in PSU W60L60.pdf, page 1>
File: Otros/Philips - RC132V G5 All-in PSU W60L60.pdf Graphic file (type pdf)
<use Otros/Philips - RC132V G5 All-in PSU W60L60.pdf, page 1>
File: Otros/Philips - RC132V G5 All-in PSU W60L60.pdf Graphic file (type pdf)
<use Otros/Philips - RC132V G5 All-in PSU W60L60.pdf, page 1>


File: Otros/Philips - RC132V G5 All-in PSU W60L60.pdf Graphic file (type pdf)
<use Otros/Philips - RC132V G5 All-in PSU W60L60.pdf, page 1>
[59

]
File: Otros/Philips - RC132V G5 PSU W30L120.pdf Graphic file (type pdf)
<use Otros/Philips - RC132V G5 PSU W30L120.pdf>
File: Otros/Philips - RC132V G5 PSU W30L120.pdf Graphic file (type pdf)
<use Otros/Philips - RC132V G5 PSU W30L120.pdf>
File: Otros/Philips - RC132V G5 PSU W30L120.pdf Graphic file (type pdf)
<use Otros/Philips - RC132V G5 PSU W30L120.pdf, page 1>
File: Otros/Philips - RC132V G5 PSU W30L120.pdf Graphic file (type pdf)
<use Otros/Philips - RC132V G5 PSU W30L120.pdf, page 1>
File: Otros/Philips - RC132V G5 PSU W30L120.pdf Graphic file (type pdf)
<use Otros/Philips - RC132V G5 PSU W30L120.pdf, page 1>
File: Otros/Philips - RC132V G5 PSU W30L120.pdf Graphic file (type pdf)
<use Otros/Philips - RC132V G5 PSU W30L120.pdf, page 1>


File: Otros/Philips - RC132V G5 PSU W30L120.pdf Graphic file (type pdf)
<use Otros/Philips - RC132V G5 PSU W30L120.pdf, page 1>
[60

]
File: Otros/Philips - RC132V SIA W60L60.pdf Graphic file (type pdf)
<use Otros/Philips - RC132V SIA W60L60.pdf>
File: Otros/Philips - RC132V SIA W60L60.pdf Graphic file (type pdf)
<use Otros/Philips - RC132V SIA W60L60.pdf>
File: Otros/Philips - RC132V SIA W60L60.pdf Graphic file (type pdf)
<use Otros/Philips - RC132V SIA W60L60.pdf, page 1>
File: Otros/Philips - RC132V SIA W60L60.pdf Graphic file (type pdf)
<use Otros/Philips - RC132V SIA W60L60.pdf, page 1>
File: Otros/Philips - RC132V SIA W60L60.pdf Graphic file (type pdf)
<use Otros/Philips - RC132V SIA W60L60.pdf, page 1>
File: Otros/Philips - RC132V SIA W60L60.pdf Graphic file (type pdf)
<use Otros/Philips - RC132V SIA W60L60.pdf, page 1>


File: Otros/Philips - RC132V SIA W60L60.pdf Graphic file (type pdf)
<use Otros/Philips - RC132V SIA W60L60.pdf, page 1>
[61

]
File: Otros/Philips - RC132V SIA W60L60.pdf Graphic file (type pdf)
<use Otros/Philips - RC132V SIA W60L60.pdf>
File: Otros/Philips - RC132V SIA W60L60.pdf Graphic file (type pdf)
<use Otros/Philips - RC132V SIA W60L60.pdf>
File: Otros/Philips - RC132V SIA W60L60.pdf Graphic file (type pdf)
<use Otros/Philips - RC132V SIA W60L60.pdf, page 1>
File: Otros/Philips - RC132V SIA W60L60.pdf Graphic file (type pdf)
<use Otros/Philips - RC132V SIA W60L60.pdf, page 1>
File: Otros/Philips - RC132V SIA W60L60.pdf Graphic file (type pdf)
<use Otros/Philips - RC132V SIA W60L60.pdf, page 1>
File: Otros/Philips - RC132V SIA W60L60.pdf Graphic file (type pdf)
<use Otros/Philips - RC132V SIA W60L60.pdf, page 1>


File: Otros/Philips - RC132V SIA W60L60.pdf Graphic file (type pdf)
<use Otros/Philips - RC132V SIA W60L60.pdf, page 1>
[62

]
File: Otros/Philips - TRUE CIRCLE.pdf Graphic file (type pdf)
<use Otros/Philips - TRUE CIRCLE.pdf>
File: Otros/Philips - TRUE CIRCLE.pdf Graphic file (type pdf)
<use Otros/Philips - TRUE CIRCLE.pdf>
File: Otros/Philips - TRUE CIRCLE.pdf Graphic file (type pdf)
<use Otros/Philips - TRUE CIRCLE.pdf, page 1>
File: Otros/Philips - TRUE CIRCLE.pdf Graphic file (type pdf)
<use Otros/Philips - TRUE CIRCLE.pdf, page 1>
File: Otros/Philips - TRUE CIRCLE.pdf Graphic file (type pdf)
<use Otros/Philips - TRUE CIRCLE.pdf, page 1>
File: Otros/Philips - TRUE CIRCLE.pdf Graphic file (type pdf)
<use Otros/Philips - TRUE CIRCLE.pdf, page 1>


File: Otros/Philips - TRUE CIRCLE.pdf Graphic file (type pdf)
<use Otros/Philips - TRUE CIRCLE.pdf, page 1>
[63

]) (./Documentos basicos/Anexos/Anexo IV Instalacion Electrica.tex
File: Imagenes/Logo UMA.jpg Graphic file (type bmp)
<Imagenes/Logo UMA.jpg>


[64]

[65]

[66]

[67]
Overfull \hbox (19.52583pt too wide) in paragraph at lines 190--204
 [][] 
 []



[68]

[69]

[70]

[71])) (./Documentos basicos/Planos.tex

[72]
File: Imagenes/Logo UMA.jpg Graphic file (type bmp)
<Imagenes/Logo UMA.jpg>


[73]
File: Documentos basicos/Planos/Plano Situacion.pdf Graphic file (type pdf)
<use Documentos basicos/Planos/Plano Situacion.pdf>


./Documentos basicos/Planos.tex:36: Package pdfpages Error: Page 1 of `Planos/Plano Situacion.pdf' does not exist.

See the pdfpages package documentation for explanation.
Type  H <return>  for immediate help.
 ...                                              
                                                  
l.36 ...o Situación}}]{Planos/Plano Situacion.pdf}
                                                  
You have set a wrong page number in the `pages' option. Document 
`Planos/Plano Situacion.pdf' does not have 1 pages.

File: Documentos basicos/Planos/Plano Situacion.pdf Graphic file (type pdf)
<use Documentos basicos/Planos/Plano Situacion.pdf>
File: Documentos basicos/Planos/Plano Situacion.pdf Graphic file (type pdf)
<use Documentos basicos/Planos/Plano Situacion.pdf, page 1>
File: Documentos basicos/Planos/Plano Situacion.pdf Graphic file (type pdf)
<use Documentos basicos/Planos/Plano Situacion.pdf, page 1>


[74

]
File: Documentos basicos/Planos/Plano Situacion.pdf Graphic file (type pdf)
<use Documentos basicos/Planos/Plano Situacion.pdf, page 1>
File: Documentos basicos/Planos/Plano Situacion.pdf Graphic file (type pdf)
<use Documentos basicos/Planos/Plano Situacion.pdf, page 1>


File: Documentos basicos/Planos/Plano Situacion.pdf Graphic file (type pdf)
<use Documentos basicos/Planos/Plano Situacion.pdf, page 1>
[75

]
File: Documentos basicos/Planos/Plano Emplazamiento.pdf Graphic file (type pdf)
<use Documentos basicos/Planos/Plano Emplazamiento.pdf>


./Documentos basicos/Planos.tex:41: Package pdfpages Error: Page 1 of `Planos/Plano Emplazamiento.pdf' does not exist.

See the pdfpages package documentation for explanation.
Type  H <return>  for immediate help.
 ...                                              
                                                  
l.41 ...amiento}}]{Planos/Plano Emplazamiento.pdf}
                                                  
You have set a wrong page number in the `pages' option. Document 
`Planos/Plano Emplazamiento.pdf' does not have 1 pages.

File: Documentos basicos/Planos/Plano Emplazamiento.pdf Graphic file (type pdf)
<use Documentos basicos/Planos/Plano Emplazamiento.pdf>
File: Documentos basicos/Planos/Plano Emplazamiento.pdf Graphic file (type pdf)
<use Documentos basicos/Planos/Plano Emplazamiento.pdf, page 1>
File: Documentos basicos/Planos/Plano Emplazamiento.pdf Graphic file (type pdf)
<use Documentos basicos/Planos/Plano Emplazamiento.pdf, page 1>
File: Documentos basicos/Planos/Plano Emplazamiento.pdf Graphic file (type pdf)
<use Documentos basicos/Planos/Plano Emplazamiento.pdf, page 1>
File: Documentos basicos/Planos/Plano Emplazamiento.pdf Graphic file (type pdf)
<use Documentos basicos/Planos/Plano Emplazamiento.pdf, page 1>


File: Documentos basicos/Planos/Plano Emplazamiento.pdf Graphic file (type pdf)
<use Documentos basicos/Planos/Plano Emplazamiento.pdf, page 1>
[76

]
File: Documentos basicos/Planos/Plano General de Distribucion.pdf Graphic file (type pdf)
<use Documentos basicos/Planos/Plano General de Distribucion.pdf>


./Documentos basicos/Planos.tex:46: Package pdfpages Error: Page 1 of `Planos/Plano General de Distribucion.pdf' does not exist.

See the pdfpages package documentation for explanation.
Type  H <return>  for immediate help.
 ...                                              
                                                  
l.46 ...{Planos/Plano General de Distribucion.pdf}
                                                  
You have set a wrong page number in the `pages' option. Document 
`Planos/Plano General de Distribucion.pdf' does not have 1 pages.

File: Documentos basicos/Planos/Plano General de Distribucion.pdf Graphic file (type pdf)
<use Documentos basicos/Planos/Plano General de Distribucion.pdf>
File: Documentos basicos/Planos/Plano General de Distribucion.pdf Graphic file (type pdf)
<use Documentos basicos/Planos/Plano General de Distribucion.pdf, page 1>
File: Documentos basicos/Planos/Plano General de Distribucion.pdf Graphic file (type pdf)
<use Documentos basicos/Planos/Plano General de Distribucion.pdf, page 1>
File: Documentos basicos/Planos/Plano General de Distribucion.pdf Graphic file (type pdf)
<use Documentos basicos/Planos/Plano General de Distribucion.pdf, page 1>
File: Documentos basicos/Planos/Plano General de Distribucion.pdf Graphic file (type pdf)
<use Documentos basicos/Planos/Plano General de Distribucion.pdf, page 1>


File: Documentos basicos/Planos/Plano General de Distribucion.pdf Graphic file (type pdf)
<use Documentos basicos/Planos/Plano General de Distribucion.pdf, page 1>
[77

]
File: Documentos basicos/Planos/Plano Fontaneria.pdf Graphic file (type pdf)
<use Documentos basicos/Planos/Plano Fontaneria.pdf>


./Documentos basicos/Planos.tex:51: Package pdfpages Error: Page 1 of `Planos/Plano Fontaneria.pdf' does not exist.

See the pdfpages package documentation for explanation.
Type  H <return>  for immediate help.
 ...                                              
                                                  
l.51 ...Fontanería}}]{Planos/Plano Fontaneria.pdf}
                                                  
You have set a wrong page number in the `pages' option. Document 
`Planos/Plano Fontaneria.pdf' does not have 1 pages.

File: Documentos basicos/Planos/Plano Fontaneria.pdf Graphic file (type pdf)
<use Documentos basicos/Planos/Plano Fontaneria.pdf>
File: Documentos basicos/Planos/Plano Fontaneria.pdf Graphic file (type pdf)
<use Documentos basicos/Planos/Plano Fontaneria.pdf, page 1>
File: Documentos basicos/Planos/Plano Fontaneria.pdf Graphic file (type pdf)
<use Documentos basicos/Planos/Plano Fontaneria.pdf, page 1>
File: Documentos basicos/Planos/Plano Fontaneria.pdf Graphic file (type pdf)
<use Documentos basicos/Planos/Plano Fontaneria.pdf, page 1>
File: Documentos basicos/Planos/Plano Fontaneria.pdf Graphic file (type pdf)
<use Documentos basicos/Planos/Plano Fontaneria.pdf, page 1>


File: Documentos basicos/Planos/Plano Fontaneria.pdf Graphic file (type pdf)
<use Documentos basicos/Planos/Plano Fontaneria.pdf, page 1>
[78

]
File: Documentos basicos/Planos/Plano Luminarias.pdf Graphic file (type pdf)
<use Documentos basicos/Planos/Plano Luminarias.pdf>


./Documentos basicos/Planos.tex:60: Package pdfpages Error: Page 1 of `Planos/Plano Luminarias.pdf' does not exist.

See the pdfpages package documentation for explanation.
Type  H <return>  for immediate help.
 ...                                              
                                                  
l.60 ...Luminarias}}]{Planos/Plano Luminarias.pdf}
                                                  
You have set a wrong page number in the `pages' option. Document 
`Planos/Plano Luminarias.pdf' does not have 1 pages.

File: Documentos basicos/Planos/Plano Luminarias.pdf Graphic file (type pdf)
<use Documentos basicos/Planos/Plano Luminarias.pdf>
File: Documentos basicos/Planos/Plano Luminarias.pdf Graphic file (type pdf)
<use Documentos basicos/Planos/Plano Luminarias.pdf, page 1>
File: Documentos basicos/Planos/Plano Luminarias.pdf Graphic file (type pdf)
<use Documentos basicos/Planos/Plano Luminarias.pdf, page 1>
File: Documentos basicos/Planos/Plano Luminarias.pdf Graphic file (type pdf)
<use Documentos basicos/Planos/Plano Luminarias.pdf, page 1>
File: Documentos basicos/Planos/Plano Luminarias.pdf Graphic file (type pdf)
<use Documentos basicos/Planos/Plano Luminarias.pdf, page 1>


File: Documentos basicos/Planos/Plano Luminarias.pdf Graphic file (type pdf)
<use Documentos basicos/Planos/Plano Luminarias.pdf, page 1>
[79

]
File: Documentos basicos/Planos/Plano Iluminacion.pdf Graphic file (type pdf)
<use Documentos basicos/Planos/Plano Iluminacion.pdf>


./Documentos basicos/Planos.tex:65: Package pdfpages Error: Page 1 of `Planos/Plano Iluminacion.pdf' does not exist.

See the pdfpages package documentation for explanation.
Type  H <return>  for immediate help.
 ...                                              
                                                  
l.65 ...Lumínicos}}]{Planos/Plano Iluminacion.pdf}
                                                  
You have set a wrong page number in the `pages' option. Document 
`Planos/Plano Iluminacion.pdf' does not have 1 pages.

File: Documentos basicos/Planos/Plano Iluminacion.pdf Graphic file (type pdf)
<use Documentos basicos/Planos/Plano Iluminacion.pdf>
File: Documentos basicos/Planos/Plano Iluminacion.pdf Graphic file (type pdf)
<use Documentos basicos/Planos/Plano Iluminacion.pdf, page 1>
File: Documentos basicos/Planos/Plano Iluminacion.pdf Graphic file (type pdf)
<use Documentos basicos/Planos/Plano Iluminacion.pdf, page 1>
File: Documentos basicos/Planos/Plano Iluminacion.pdf Graphic file (type pdf)
<use Documentos basicos/Planos/Plano Iluminacion.pdf, page 1>
File: Documentos basicos/Planos/Plano Iluminacion.pdf Graphic file (type pdf)
<use Documentos basicos/Planos/Plano Iluminacion.pdf, page 1>


File: Documentos basicos/Planos/Plano Iluminacion.pdf Graphic file (type pdf)
<use Documentos basicos/Planos/Plano Iluminacion.pdf, page 1>
[80

]
File: Documentos basicos/Planos/Unifilar1.pdf Graphic file (type pdf)
<use Documentos basicos/Planos/Unifilar1.pdf>


./Documentos basicos/Planos.tex:72: Package pdfpages Error: Page 1 of `Planos/Unifilar1.pdf' does not exist.

See the pdfpages package documentation for explanation.
Type  H <return>  for immediate help.
 ...                                              
                                                  
l.72 ...squema Unifilar 1}}]{Planos/Unifilar1.pdf}
                                                  
You have set a wrong page number in the `pages' option. Document 
`Planos/Unifilar1.pdf' does not have 1 pages.

File: Documentos basicos/Planos/Unifilar1.pdf Graphic file (type pdf)
<use Documentos basicos/Planos/Unifilar1.pdf>
File: Documentos basicos/Planos/Unifilar1.pdf Graphic file (type pdf)
<use Documentos basicos/Planos/Unifilar1.pdf, page 1>
File: Documentos basicos/Planos/Unifilar1.pdf Graphic file (type pdf)
<use Documentos basicos/Planos/Unifilar1.pdf, page 1>
File: Documentos basicos/Planos/Unifilar1.pdf Graphic file (type pdf)
<use Documentos basicos/Planos/Unifilar1.pdf, page 1>
File: Documentos basicos/Planos/Unifilar1.pdf Graphic file (type pdf)
<use Documentos basicos/Planos/Unifilar1.pdf, page 1>


File: Documentos basicos/Planos/Unifilar1.pdf Graphic file (type pdf)
<use Documentos basicos/Planos/Unifilar1.pdf, page 1>
[81

]
File: Documentos basicos/Planos/Unifilar2.pdf Graphic file (type pdf)
<use Documentos basicos/Planos/Unifilar2.pdf>


./Documentos basicos/Planos.tex:76: Package pdfpages Error: Page 1 of `Planos/Unifilar2.pdf' does not exist.

See the pdfpages package documentation for explanation.
Type  H <return>  for immediate help.
 ...                                              
                                                  
l.76 ...squema Unifilar 2}}]{Planos/Unifilar2.pdf}
                                                  
You have set a wrong page number in the `pages' option. Document 
`Planos/Unifilar2.pdf' does not have 1 pages.

File: Documentos basicos/Planos/Unifilar2.pdf Graphic file (type pdf)
<use Documentos basicos/Planos/Unifilar2.pdf>
File: Documentos basicos/Planos/Unifilar2.pdf Graphic file (type pdf)
<use Documentos basicos/Planos/Unifilar2.pdf, page 1>
File: Documentos basicos/Planos/Unifilar2.pdf Graphic file (type pdf)
<use Documentos basicos/Planos/Unifilar2.pdf, page 1>
File: Documentos basicos/Planos/Unifilar2.pdf Graphic file (type pdf)
<use Documentos basicos/Planos/Unifilar2.pdf, page 1>
File: Documentos basicos/Planos/Unifilar2.pdf Graphic file (type pdf)
<use Documentos basicos/Planos/Unifilar2.pdf, page 1>


File: Documentos basicos/Planos/Unifilar2.pdf Graphic file (type pdf)
<use Documentos basicos/Planos/Unifilar2.pdf, page 1>
[82

]
File: Documentos basicos/Planos/Unifilar3.pdf Graphic file (type pdf)
<use Documentos basicos/Planos/Unifilar3.pdf>


./Documentos basicos/Planos.tex:80: Package pdfpages Error: Page 1 of `Planos/Unifilar3.pdf' does not exist.

See the pdfpages package documentation for explanation.
Type  H <return>  for immediate help.
 ...                                              
                                                  
l.80 ...squema Unifilar 3}}]{Planos/Unifilar3.pdf}
                                                  
You have set a wrong page number in the `pages' option. Document 
`Planos/Unifilar3.pdf' does not have 1 pages.

File: Documentos basicos/Planos/Unifilar3.pdf Graphic file (type pdf)
<use Documentos basicos/Planos/Unifilar3.pdf>
File: Documentos basicos/Planos/Unifilar3.pdf Graphic file (type pdf)
<use Documentos basicos/Planos/Unifilar3.pdf, page 1>
File: Documentos basicos/Planos/Unifilar3.pdf Graphic file (type pdf)
<use Documentos basicos/Planos/Unifilar3.pdf, page 1>
File: Documentos basicos/Planos/Unifilar3.pdf Graphic file (type pdf)
<use Documentos basicos/Planos/Unifilar3.pdf, page 1>
File: Documentos basicos/Planos/Unifilar3.pdf Graphic file (type pdf)
<use Documentos basicos/Planos/Unifilar3.pdf, page 1>


File: Documentos basicos/Planos/Unifilar3.pdf Graphic file (type pdf)
<use Documentos basicos/Planos/Unifilar3.pdf, page 1>
[83

]) (./Documentos basicos/Pliego de Condiciones.tex
File: Imagenes/Logo UMA.jpg Graphic file (type bmp)
<Imagenes/Logo UMA.jpg>


[84]

[85

]

[86]

[87]

[88]

[89]

[90]

[91]

[92]

[93]

[94]

[95]

[96]

[97]

[98]

[99]

[100]

[101]

[102]

[103]

[104]) (./Documentos basicos/Estado de Mediciones.tex

[105]
File: Imagenes/Logo UMA.jpg Graphic file (type bmp)
<Imagenes/Logo UMA.jpg>


[106]

[107

]

[108]

[109]

[110]
Underfull \hbox (badness 1043) in paragraph at lines 168--168
\TU/lmr/m/n/10.95 0.38) SDCM <lt/>3, Wide beam, Matte, Polystyrene, Finger-
 []



[111]
Overfull \vbox (277.91905pt too high) has occurred while \output is active []



[112]) (./Documentos basicos/Presupuesto.tex

[113]
File: Imagenes/Logo UMA.jpg Graphic file (type bmp)
<Imagenes/Logo UMA.jpg>


[114]

[115

]
Underfull \hbox (badness 1173) in paragraph at lines 72--72
[]\TU/lmr/m/n/10.95 Compresor portátil eléctrico 2
 []


Underfull \hbox (badness 2285) in paragraph at lines 86--86
\TU/lmr/m/n/10.95 to de resina epoxi, para tu-
 []


Underfull \hbox (badness 1371) in paragraph at lines 86--86
\TU/lmr/m/n/10.95 bos de polietileno o de PVC
 []



[116]
Underfull \hbox (badness 1210) in paragraph at lines 114--114
[]\TU/lmr/m/n/10.95 Tubo de polietileno reticulado
 []


Underfull \hbox (badness 1210) in paragraph at lines 115--115
[]\TU/lmr/m/n/10.95 Tubo de polietileno reticulado
 []



[117]

[118]

[119]

[120]
Underfull \hbox (badness 4096) in paragraph at lines 258--258
\TU/lmr/m/n/10.95 neamiento enterrado sin pre-
 []


Underfull \hbox (badness 1642) in paragraph at lines 258--258
\TU/lmr/m/n/10.95 sión,serie SN-4, rigidez anular
 []



[121]
Underfull \hbox (badness 1226) in paragraph at lines 301--301
\TU/lmr/m/n/10.95 con el precio incrementado el
 []



[122]

[123]

[124]
Underfull \hbox (badness 4096) in paragraph at lines 403--403
\TU/lmr/m/n/10.95 neamiento enterrado sin pre-
 []


Underfull \hbox (badness 1642) in paragraph at lines 403--403
\TU/lmr/m/n/10.95 sión,serie SN-4, rigidez anular
 []



[125])

[126] 
enddocument/afterlastpage: lastpage setting LastPage.
(./main.aux
LaTeX Info: Redefining \. on input line 8.
LaTeX Info: Redefining \% on input line 8.
)
 ***********
LaTeX2e <2024-06-01> patch level 2
L3 programming layer <2024-09-10>
 ***********


LaTeX Warning: Label(s) may have changed. Rerun to get cross-references right.


Package lastpage Warning: Rerun to get the references right on input line 82.

 ) 
Here is how much of TeX's memory you used:
 7004 strings out of 474234
 137538 string characters out of 5745797
 534683 words of memory out of 5000000
 29505 multiletter control sequences out of 15000+600000
 560936 words of font info for 61 fonts, out of 8000000 for 9000
 1348 hyphenation exceptions out of 8191
 73i,17n,106p,1528b,572s stack positions out of 10000i,1000n,20000p,200000b,200000s

Output written on main.pdf (127 pages).
